Archive member included because of file (symbol)

D:\oxygine-sound\dependencies\openalext\lib\android\libopenal.a(alBuffer.o)
                              debug\openalext_platform.os (alDeleteBuffers)
D:\oxygine-sound\dependencies\openalext\lib\android\libopenal.a(alError.o)
                              debug\openalext_platform.os (alGetError)
D:\oxygine-sound\dependencies\openalext\lib\android\libopenal.a(alSource.o)
                              debug\openalext_platform.os (alDeleteSources)
D:\oxygine-sound\dependencies\openalext\lib\android\libopenal.a(alThunk.o)
                              D:\oxygine-sound\dependencies\openalext\lib\android\libopenal.a(alBuffer.o) (NewThunkEntry)
D:\oxygine-sound\dependencies\openalext\lib\android\libopenal.a(ALc.o)
                              debug\openalext_platform.os (alcSuspendContext)
D:\oxygine-sound\dependencies\openalext\lib\android\libopenal.a(alcConfig.o)
                              D:\oxygine-sound\dependencies\openalext\lib\android\libopenal.a(ALc.o) (ReadALConfig)
D:\oxygine-sound\dependencies\openalext\lib\android\libopenal.a(alcReverb.o)
                              D:\oxygine-sound\dependencies\openalext\lib\android\libopenal.a(ALc.o) (EmulateEAXReverb)
D:\oxygine-sound\dependencies\openalext\lib\android\libopenal.a(ALu.o)
                              D:\oxygine-sound\dependencies\openalext\lib\android\libopenal.a(alSource.o) (CalcNonAttnSourceParams)
D:\oxygine-sound\dependencies\openalext\lib\android\libopenal.a(bs2b.o)
                              D:\oxygine-sound\dependencies\openalext\lib\android\libopenal.a(ALc.o) (bs2b_set_level)
D:\oxygine-sound\dependencies\openalext\lib\android\libopenal.a(helpers.o)
                              D:\oxygine-sound\dependencies\openalext\lib\android\libopenal.a(ALc.o) (InitializeCriticalSection)
D:\oxygine-sound\dependencies\openalext\lib\android\libopenal.a(hrtf.o)
                              D:\oxygine-sound\dependencies\openalext\lib\android\libopenal.a(ALu.o) (CalcHrtfDelta)
D:\oxygine-sound\dependencies\openalext\lib\android\libopenal.a(mixer.o)
                              D:\oxygine-sound\dependencies\openalext\lib\android\libopenal.a(ALu.o) (SelectMixer)
D:\oxygine-sound\dependencies\openalext\lib\android\libopenal.a(panning.o)
                              D:\oxygine-sound\dependencies\openalext\lib\android\libopenal.a(alcReverb.o) (aluCart2LUTpos)
D:\oxygine-sound\dependencies\openalext\lib\android\libopenal.a(android.o)
                              D:\oxygine-sound\dependencies\openalext\lib\android\libopenal.a(ALc.o) (alc_android_init)
D:\oxygine-sound\dependencies\openalext\lib\android\libopenal.a(opensl.o)
                              D:\oxygine-sound\dependencies\openalext\lib\android\libopenal.a(ALc.o) (alc_opensl_init)
D:\oxygine-sound\dependencies\openalext\lib\android\libopenal.a(null.o)
                              D:\oxygine-sound\dependencies\openalext\lib\android\libopenal.a(ALc.o) (alc_null_init)
D:\oxygine-sound\dependencies\openalext\lib\android\libopenal.a(loopback.o)
                              D:\oxygine-sound\dependencies\openalext\lib\android\libopenal.a(ALc.o) (alc_loopback_init)
D:\oxygine-sound\dependencies\openalext\lib\android\libopenal.a(alAuxEffectSlot.o)
                              D:\oxygine-sound\dependencies\openalext\lib\android\libopenal.a(ALc.o) (alDeleteAuxiliaryEffectSlots)
D:\oxygine-sound\dependencies\openalext\lib\android\libopenal.a(alEffect.o)
                              D:\oxygine-sound\dependencies\openalext\lib\android\libopenal.a(ALc.o) (alDeleteEffects)
D:\oxygine-sound\dependencies\openalext\lib\android\libopenal.a(alExtension.o)
                              D:\oxygine-sound\dependencies\openalext\lib\android\libopenal.a(ALc.o) (alIsExtensionPresent)
D:\oxygine-sound\dependencies\openalext\lib\android\libopenal.a(alFilter.o)
                              D:\oxygine-sound\dependencies\openalext\lib\android\libopenal.a(ALc.o) (alDeleteFilters)
D:\oxygine-sound\dependencies\openalext\lib\android\libopenal.a(alListener.o)
                              D:\oxygine-sound\dependencies\openalext\lib\android\libopenal.a(ALc.o) (alListenerf)
D:\oxygine-sound\dependencies\openalext\lib\android\libopenal.a(alState.o)
                              D:\oxygine-sound\dependencies\openalext\lib\android\libopenal.a(ALc.o) (alEnable)
D:\oxygine-sound\dependencies\openalext\lib\android\libopenal.a(alcDedicated.o)
                              D:\oxygine-sound\dependencies\openalext\lib\android\libopenal.a(alAuxEffectSlot.o) (DedicatedCreate)
D:\oxygine-sound\dependencies\openalext\lib\android\libopenal.a(alcEcho.o)
                              D:\oxygine-sound\dependencies\openalext\lib\android\libopenal.a(alAuxEffectSlot.o) (EchoCreate)
D:\oxygine-sound\dependencies\openalext\lib\android\libopenal.a(alcModulator.o)
                              D:\oxygine-sound\dependencies\openalext\lib\android\libopenal.a(alAuxEffectSlot.o) (ModulatorCreate)
[...]
Memory Configuration

Name             Origin             Length             Attributes
*default*        0x00000000         0xffffffff

Linker script and memory map

LOAD d:/android/android-ndk-r8e/platforms/android-9/arch-arm/usr/lib/crtbegin_so.o
LOAD debug\openalext_platform.os
LOAD debug\openalext.os
LOAD debug\openalext_register.os
LOAD D:\oxygine-sound\dependencies\openalext\lib\android\libopenal.a
LOAD D:\android\android-ndk-r8e\platforms\android-9\arch-arm\usr\lib/libOpenSLES.so
LOAD D:\marmalade\7.1\s3e\edk\lib\android\libedk.a
LOAD D:\marmalade\7.1\s3e\edk\lib\android/libplaceholderplaceholderplaceholderplaceholderplaceholder.so
LOAD D:\android\android-ndk-r8e\platforms\android-9\arch-arm\usr\lib/liblog.so
LOAD D:\android\android-ndk-r8e\sources\cxx-stl\gnu-libstdc++\4.4.3\libs\armeabi\libgnustl_static.a
LOAD d:/android/android-ndk-r8e/toolchains/arm-linux-androideabi-4.4.3/prebuilt/windows/bin/../lib/gcc/arm-linux-androideabi/4.4.3\libgcc.a
LOAD D:\android\android-ndk-r8e\platforms\android-9\arch-arm\usr\lib/libstdc++.so
LOAD D:\android\android-ndk-r8e\platforms\android-9\arch-arm\usr\lib/libm.so
LOAD D:\android\android-ndk-r8e\platforms\android-9\arch-arm\usr\lib/libc.so
LOAD d:/android/android-ndk-r8e/toolchains/arm-linux-androideabi-4.4.3/prebuilt/windows/bin/../lib/gcc/arm-linux-androideabi/4.4.3\libgcc.a
LOAD D:\android\android-ndk-r8e\platforms\android-9\arch-arm\usr\lib/libc.so
LOAD D:\android\android-ndk-r8e\platforms\android-9\arch-arm\usr\lib/libdl.so
LOAD d:/android/android-ndk-r8e/toolchains/arm-linux-androideabi-4.4.3/prebuilt/windows/bin/../lib/gcc/arm-linux-androideabi/4.4.3\libgcc.a
LOAD d:/android/android-ndk-r8e/platforms/android-9/arch-arm/usr/lib/crtend_so.o
                0x000000f4                . = (0x0 + SIZEOF_HEADERS)

.note.gnu.build-id
 *(.note.gnu.build-id)

.hash           0x000000f4      0xa8c
 *(.hash)
 .hash          0x000000f4      0xa8c d:/android/android-ndk-r8e/platforms/android-9/arch-arm/usr/lib/crtbegin_so.o

.gnu.hash
 *(.gnu.hash)

.dynsym         0x00000b80     0x19a0
 *(.dynsym)
 .dynsym        0x00000b80     0x19a0 d:/android/android-ndk-r8e/platforms/android-9/arch-arm/usr/lib/crtbegin_so.o

.dynstr         0x00002520     0x17ff
 *(.dynstr)
 .dynstr        0x00002520     0x17ff d:/android/android-ndk-r8e/platforms/android-9/arch-arm/usr/lib/crtbegin_so.o

.gnu.version    0x00003d20        0x0 load address 0x00003d1f
 *(.gnu.version)
 .gnu.version   0x00000000        0x0 d:/android/android-ndk-r8e/platforms/android-9/arch-arm/usr/lib/crtbegin_so.o

.gnu.version_d  0x00003d20        0x0 load address 0x00003d1f
 *(.gnu.version_d)
 .gnu.version_d
                0x00000000        0x0 d:/android/android-ndk-r8e/platforms/android-9/arch-arm/usr/lib/crtbegin_so.o

.gnu.version_r  0x00003d20        0x0 load address 0x00003d1f
 *(.gnu.version_r)
 .gnu.version_r
                0x00000000        0x0 d:/android/android-ndk-r8e/platforms/android-9/arch-arm/usr/lib/crtbegin_so.o

.rel.dyn        0x00003d20     0x1400
 *(.rel.init)
 *(.rel.text .rel.text.* .rel.gnu.linkonce.t.*)
 *(.rel.fini)
 *(.rel.rodata .rel.rodata.* .rel.gnu.linkonce.r.*)
 *(.rel.data.rel.ro* .rel.gnu.linkonce.d.rel.ro.*)
 .rel.data.rel.ro
                0x00003d20      0x8a0 d:/android/android-ndk-r8e/platforms/android-9/arch-arm/usr/lib/crtbegin_so.o
 .rel.data.rel.ro.local
                0x000045c0      0x918 d:/android/android-ndk-r8e/platforms/android-9/arch-arm/usr/lib/crtbegin_so.o
 *(.rel.data .rel.data.* .rel.gnu.linkonce.d.*)
 .rel.data.rel  0x00004ed8       0x80 d:/android/android-ndk-r8e/platforms/android-9/arch-arm/usr/lib/crtbegin_so.o
 *(.rel.tdata .rel.tdata.* .rel.gnu.linkonce.td.*)
 *(.rel.tbss .rel.tbss.* .rel.gnu.linkonce.tb.*)
 *(.rel.ctors)
 *(.rel.dtors)
 *(.rel.got)
 .rel.got       0x00004f58      0x1b0 d:/android/android-ndk-r8e/platforms/android-9/arch-arm/usr/lib/crtbegin_so.o
 *(.rel.bss .rel.bss.* .rel.gnu.linkonce.b.*)
 .rel.fini_array
                0x00005108       0x10 d:/android/android-ndk-r8e/platforms/android-9/arch-arm/usr/lib/crtbegin_so.o
 .rel.init_array
                0x00005118        0x8 d:/android/android-ndk-r8e/platforms/android-9/arch-arm/usr/lib/crtbegin_so.o

.rela.dyn
 *(.rela.init)
 *(.rela.text .rela.text.* .rela.gnu.linkonce.t.*)
 *(.rela.fini)
 *(.rela.rodata .rela.rodata.* .rela.gnu.linkonce.r.*)
 *(.rela.data .rela.data.* .rela.gnu.linkonce.d.*)
 *(.rela.tdata .rela.tdata.* .rela.gnu.linkonce.td.*)
 *(.rela.tbss .rela.tbss.* .rela.gnu.linkonce.tb.*)
 *(.rela.ctors)
 *(.rela.dtors)
 *(.rela.got)
 *(.rela.bss .rela.bss.* .rela.gnu.linkonce.b.*)

.rel.plt        0x00005120      0x260
 *(.rel.plt)
 .rel.plt       0x00005120      0x260 d:/android/android-ndk-r8e/platforms/android-9/arch-arm/usr/lib/crtbegin_so.o

.rela.plt
 *(.rela.plt)

.init
 *(.init)

.plt            0x00005380      0x3cc
 *(.plt)
 .plt           0x00005380      0x3cc d:/android/android-ndk-r8e/platforms/android-9/arch-arm/usr/lib/crtbegin_so.o

.text           0x00005750    0x18eb0
 *(.text .stub .text.* .gnu.linkonce.t.*)
 .text.exit     0x00005750       0x10 d:/android/android-ndk-r8e/platforms/android-9/arch-arm/usr/lib/crtbegin_so.o
                0x00005750                __on_dlclose
 .text._Z22openalextInit_platformv
                0x00005760        0xc debug\openalext_platform.os
                0x00005760                openalextInit_platform()
 .text._Z27openalextTerminate_platformv
                0x0000576c        0x4 debug\openalext_platform.os
                0x0000576c                openalextTerminate_platform()
 .text._Z20_alGetError_platformv
                0x00005770       0x14 debug\openalext_platform.os
                0x00005770                _alGetError_platform()
 .text._Z30_alSourceQueueBuffers_platformjiPKj
                0x00005784       0x2c debug\openalext_platform.os
                0x00005784                _alSourceQueueBuffers_platform(unsigned int, int, unsigned int const*)
 .text._Z32_alSourceUnqueueBuffers_platformjiPj
                0x000057b0       0x2c debug\openalext_platform.os
                0x000057b0                _alSourceUnqueueBuffers_platform(unsigned int, int, unsigned int*)
 .text._Z22_alGetSourcei_platformjjPi
                0x000057dc       0x30 debug\openalext_platform.os
                0x000057dc                _alGetSourcei_platform(unsigned int, unsigned int, int*)
 .text._Z22_alGetSourcef_platformjjPf
                0x0000580c       0x30 debug\openalext_platform.os
                0x0000580c                _alGetSourcef_platform(unsigned int, unsigned int, float*)
 .text._Z19_alSourcef_platformjjf
                0x0000583c       0x30 debug\openalext_platform.os
                0x0000583c                _alSourcef_platform(unsigned int, unsigned int, float)
 .text._Z19_alSourcei_platformjji
                0x0000586c       0x30 debug\openalext_platform.os
                0x0000586c                _alSourcei_platform(unsigned int, unsigned int, int)
 .text._Z22_alSourcePlay_platformj
                0x0000589c       0x1c debug\openalext_platform.os
                0x0000589c                _alSourcePlay_platform(unsigned int)
 .text._Z22_alSourceStop_platformj
                0x000058b8       0x1c debug\openalext_platform.os
                0x000058b8                _alSourceStop_platform(unsigned int)
 .text._Z23_alSourcePause_platformj
                0x000058d4       0x1c debug\openalext_platform.os
                0x000058d4                _alSourcePause_platform(unsigned int)
 .text._Z22_alGenSources_platformiPj
                0x000058f0       0x24 debug\openalext_platform.os
                0x000058f0                _alGenSources_platform(int, unsigned int*)
 .text._Z25_alDeleteSources_platformiPKj
                0x00005914       0x24 debug\openalext_platform.os
                0x00005914                _alDeleteSources_platform(int, unsigned int const*)
 .text._Z22_alGenBuffers_platformiPj
                0x00005938       0x24 debug\openalext_platform.os
                0x00005938                _alGenBuffers_platform(int, unsigned int*)
 .text._Z25_alDeleteBuffers_platformiPKj
                0x0000595c       0x24 debug\openalext_platform.os
                0x0000595c                _alDeleteBuffers_platform(int, unsigned int const*)
 .text._Z22_alBufferData_platformjjPKvii
                0x00005980       0x40 debug\openalext_platform.os
                0x00005980                _alBufferData_platform(unsigned int, unsigned int, void const*, int, int)
 .text._Z23_alcOpenDevice_platformPKc
                0x000059c0       0x24 debug\openalext_platform.os
                0x000059c0                _alcOpenDevice_platform(char const*)
 .text._Z24_alcCloseDevice_platformP10_ALCdevice
                0x000059e4       0x20 debug\openalext_platform.os
                0x000059e4                _alcCloseDevice_platform(_ALCdevice*)
 .text._Z26_alcCreateContext_platformP10_ALCdevicePKi
                0x00005a04       0x30 debug\openalext_platform.os
                0x00005a04                _alcCreateContext_platform(_ALCdevice*, int const*)
 .text._Z31_alcMakeContextCurrent_platformP11_ALCcontext
                0x00005a34       0x38 debug\openalext_platform.os
                0x00005a34                _alcMakeContextCurrent_platform(_ALCcontext*)
 .text._Z27_alcProcessContext_platformP11_ALCcontext
                0x00005a6c       0x20 debug\openalext_platform.os
                0x00005a6c                _alcProcessContext_platform(_ALCcontext*)
 .text._Z27_alcSuspendContext_platformP11_ALCcontext
                0x00005a8c       0x20 debug\openalext_platform.os
                0x00005a8c                _alcSuspendContext_platform(_ALCcontext*)
 .text._Z27_alcDestroyContext_platformP11_ALCcontext
                0x00005aac       0x20 debug\openalext_platform.os
                0x00005aac                _alcDestroyContext_platform(_ALCcontext*)
 .text._Z30_alcGetCurrentContext_platformv
                0x00005acc       0x14 debug\openalext_platform.os
                0x00005acc                _alcGetCurrentContext_platform()
 .text._Z13openalextInitv
                0x00005ae0       0x14 debug\openalext.os
                0x00005ae0                openalextInit()
 .text._Z18openalextTerminatev
                0x00005af4        0xc debug\openalext.os
                0x00005af4                openalextTerminate()
 .text._alGetError
                0x00005b00       0x14 debug\openalext.os
                0x00005b00                _alGetError
 .text._alSourceQueueBuffers
                0x00005b14       0x2c debug\openalext.os
                0x00005b14                _alSourceQueueBuffers
 .text._alSourceUnqueueBuffers
                0x00005b40       0x2c debug\openalext.os
                0x00005b40                _alSourceUnqueueBuffers
 .text._alGetSourcei
                0x00005b6c       0x2c debug\openalext.os
                0x00005b6c                _alGetSourcei
 .text._alGetSourcef
                0x00005b98       0x2c debug\openalext.os
                0x00005b98                _alGetSourcef
 .text._alSourcef
                0x00005bc4       0x2c debug\openalext.os
                0x00005bc4                _alSourcef
 .text._alSourcei
                0x00005bf0       0x2c debug\openalext.os
                0x00005bf0                _alSourcei
 .text._alSourcePlay
                0x00005c1c       0x1c debug\openalext.os
                0x00005c1c                _alSourcePlay
 .text._alSourceStop
                0x00005c38       0x1c debug\openalext.os
                0x00005c38                _alSourceStop
 .text._alSourcePause
                0x00005c54       0x1c debug\openalext.os
                0x00005c54                _alSourcePause
 .text._alGenSources
                0x00005c70       0x24 debug\openalext.os
                0x00005c70                _alGenSources
 .text._alDeleteSources
                0x00005c94       0x24 debug\openalext.os
                0x00005c94                _alDeleteSources
 .text._alGenBuffers
                0x00005cb8       0x24 debug\openalext.os
                0x00005cb8                _alGenBuffers
 .text._alDeleteBuffers
                0x00005cdc       0x24 debug\openalext.os
                0x00005cdc                _alDeleteBuffers
 .text._alBufferData
                0x00005d00       0x3c debug\openalext.os
                0x00005d00                _alBufferData
 .text._alcOpenDevice
                0x00005d3c       0x24 debug\openalext.os
                0x00005d3c                _alcOpenDevice
 .text._alcCloseDevice
                0x00005d60       0x1c debug\openalext.os
                0x00005d60                _alcCloseDevice
 .text._alcCreateContext
                0x00005d7c       0x2c debug\openalext.os
                0x00005d7c                _alcCreateContext
 .text._alcMakeContextCurrent
                0x00005da8       0x34 debug\openalext.os
                0x00005da8                _alcMakeContextCurrent
 .text._alcProcessContext
                0x00005ddc       0x1c debug\openalext.os
                0x00005ddc                _alcProcessContext
 .text._alcSuspendContext
                0x00005df8       0x1c debug\openalext.os
                0x00005df8                _alcSuspendContext
 .text._alcDestroyContext
                0x00005e14       0x1c debug\openalext.os
                0x00005e14                _alcDestroyContext
 .text._alcGetCurrentContext
                0x00005e30       0x14 debug\openalext.os
                0x00005e30                _alcGetCurrentContext
 .text._Z20openalextRegisterExtv
                0x00005e44      0x1f4 debug\openalext_register.os
                0x00005e44                openalextRegisterExt()
 .text.RegisterExt
                0x00006038        0xc debug\openalext_register.os
                0x00006038                RegisterExt
 .text.EncodeMuLaw
                0x00006044       0x4c D:\oxygine-sound\dependencies\openalext\lib\android\libopenal.a(alBuffer.o)
 .text.EncodeALaw
                0x00006090       0x58 D:\oxygine-sound\dependencies\openalext\lib\android\libopenal.a(alBuffer.o)
 .text.DecodeIMA4Block
                0x000060e8      0x184 D:\oxygine-sound\dependencies\openalext\lib\android\libopenal.a(alBuffer.o)
 .text.EncodeIMA4Block
                0x0000626c      0x208 D:\oxygine-sound\dependencies\openalext\lib\android\libopenal.a(alBuffer.o)
 .text.DecodeByte3
                0x00006474       0x34 D:\oxygine-sound\dependencies\openalext\lib\android\libopenal.a(alBuffer.o)
 .text.DecodeUByte3
                0x000064a8       0x30 D:\oxygine-sound\dependencies\openalext\lib\android\libopenal.a(alBuffer.o)
 .text.Convert_ALbyte_ALima4
                0x000064d8       0x70 D:\oxygine-sound\dependencies\openalext\lib\android\libopenal.a(alBuffer.o)
 .text.Convert_ALubyte_ALima4
                0x00006548       0x72 D:\oxygine-sound\dependencies\openalext\lib\android\libopenal.a(alBuffer.o)
 .text.Convert_ALshort_ALima4
                0x000065ba       0x6c D:\oxygine-sound\dependencies\openalext\lib\android\libopenal.a(alBuffer.o)
 .text.Convert_ALushort_ALima4
                0x00006626       0x70 D:\oxygine-sound\dependencies\openalext\lib\android\libopenal.a(alBuffer.o)
 .text.Convert_ALint_ALima4
                0x00006696       0x7c D:\oxygine-sound\dependencies\openalext\lib\android\libopenal.a(alBuffer.o)
 .text.Convert_ALuint_ALima4
                0x00006712       0x80 D:\oxygine-sound\dependencies\openalext\lib\android\libopenal.a(alBuffer.o)
 *fill*         0x00006792        0x2 00000000
 .text.Convert_ALfloat_ALima4
                0x00006794       0x94 D:\oxygine-sound\dependencies\openalext\lib\android\libopenal.a(alBuffer.o)
 .text.Convert_ALdouble_ALima4
                0x00006828       0x98 D:\oxygine-sound\dependencies\openalext\lib\android\libopenal.a(alBuffer.o)
 .text.Convert_ALmulaw_ALima4
                0x000068c0       0x82 D:\oxygine-sound\dependencies\openalext\lib\android\libopenal.a(alBuffer.o)
 .text.Convert_ALalaw_ALima4
                0x00006942       0x82 D:\oxygine-sound\dependencies\openalext\lib\android\libopenal.a(alBuffer.o)
 .text.Convert_ALima4_ALbyte
                0x000069c4       0x76 D:\oxygine-sound\dependencies\openalext\lib\android\libopenal.a(alBuffer.o)
 .text.Convert_ALima4_ALubyte
                0x00006a3a       0x78 D:\oxygine-sound\dependencies\openalext\lib\android\libopenal.a(alBuffer.o)
 .text.Convert_ALima4_ALshort
                0x00006ab2       0x74 D:\oxygine-sound\dependencies\openalext\lib\android\libopenal.a(alBuffer.o)
 .text.Convert_ALima4_ALushort
                0x00006b26       0x78 D:\oxygine-sound\dependencies\openalext\lib\android\libopenal.a(alBuffer.o)
 .text.Convert_ALima4_ALint
                0x00006b9e       0x7c D:\oxygine-sound\dependencies\openalext\lib\android\libopenal.a(alBuffer.o)
 .text.Convert_ALima4_ALuint
                0x00006c1a       0x80 D:\oxygine-sound\dependencies\openalext\lib\android\libopenal.a(alBuffer.o)
 *fill*         0x00006c9a        0x2 00000000
 .text.Convert_ALima4_ALfloat
                0x00006c9c       0xbc D:\oxygine-sound\dependencies\openalext\lib\android\libopenal.a(alBuffer.o)
 .text.Convert_ALima4_ALdouble
                0x00006d58       0xc0 D:\oxygine-sound\dependencies\openalext\lib\android\libopenal.a(alBuffer.o)
 .text.Convert_ALima4_ALmulaw
                0x00006e18       0x8c D:\oxygine-sound\dependencies\openalext\lib\android\libopenal.a(alBuffer.o)
 .text.Convert_ALima4_ALalaw
                0x00006ea4       0x8c D:\oxygine-sound\dependencies\openalext\lib\android\libopenal.a(alBuffer.o)
 .text.Convert_ALima4_ALbyte3
                0x00006f30       0xaa D:\oxygine-sound\dependencies\openalext\lib\android\libopenal.a(alBuffer.o)
 .text.Convert_ALima4_ALubyte3
                0x00006fda       0xae D:\oxygine-sound\dependencies\openalext\lib\android\libopenal.a(alBuffer.o)
 .text.EncodeByte3
                0x00007088       0x54 D:\oxygine-sound\dependencies\openalext\lib\android\libopenal.a(alBuffer.o)
 .text.Convert_ALbyte3_ALima4
                0x000070dc       0xcc D:\oxygine-sound\dependencies\openalext\lib\android\libopenal.a(alBuffer.o)
 .text.EncodeUByte3
                0x000071a8       0x54 D:\oxygine-sound\dependencies\openalext\lib\android\libopenal.a(alBuffer.o)
 .text.Convert_ALubyte3_ALima4
                0x000071fc       0xd2 D:\oxygine-sound\dependencies\openalext\lib\android\libopenal.a(alBuffer.o)
 *fill*         0x000072ce        0x2 00000000
 .text.Convert_ALubyte3
                0x000072d0      0x658 D:\oxygine-sound\dependencies\openalext\lib\android\libopenal.a(alBuffer.o)
 .text.ConvertData
                0x00007928     0x2ab0 D:\oxygine-sound\dependencies\openalext\lib\android\libopenal.a(alBuffer.o)
 .text.alDeleteBuffers
                0x0000a3d8       0xaa D:\oxygine-sound\dependencies\openalext\lib\android\libopenal.a(alBuffer.o)
                0x0000a3d8                alDeleteBuffers
 .text.alGenBuffers
                0x0000a482       0xb2 D:\oxygine-sound\dependencies\openalext\lib\android\libopenal.a(alBuffer.o)
                0x0000a482                alGenBuffers
 .text.alIsBuffer
                0x0000a534       0x36 D:\oxygine-sound\dependencies\openalext\lib\android\libopenal.a(alBuffer.o)
                0x0000a534                alIsBuffer
 *fill*         0x0000a56a        0x2 00000000
 .text.alIsBufferFormatSupportedSOFT
                0x0000a56c       0x38 D:\oxygine-sound\dependencies\openalext\lib\android\libopenal.a(alBuffer.o)
                0x0000a56c                alIsBufferFormatSupportedSOFT
 .text.alBufferf
                0x0000a5a4       0x38 D:\oxygine-sound\dependencies\openalext\lib\android\libopenal.a(alBuffer.o)
                0x0000a5a4                alBufferf
 .text.alBuffer3f
                0x0000a5dc       0x38 D:\oxygine-sound\dependencies\openalext\lib\android\libopenal.a(alBuffer.o)
                0x0000a5dc                alBuffer3f
 .text.alBufferfv
                0x0000a614       0x44 D:\oxygine-sound\dependencies\openalext\lib\android\libopenal.a(alBuffer.o)
                0x0000a614                alBufferfv
 .text.alBufferi
                0x0000a658       0x38 D:\oxygine-sound\dependencies\openalext\lib\android\libopenal.a(alBuffer.o)
                0x0000a658                alBufferi
 .text.alBuffer3i
                0x0000a690       0x38 D:\oxygine-sound\dependencies\openalext\lib\android\libopenal.a(alBuffer.o)
                0x0000a690                alBuffer3i
 .text.alBufferiv
                0x0000a6c8       0x92 D:\oxygine-sound\dependencies\openalext\lib\android\libopenal.a(alBuffer.o)
                0x0000a6c8                alBufferiv
 .text.alGetBufferf
                0x0000a75a       0x88 D:\oxygine-sound\dependencies\openalext\lib\android\libopenal.a(alBuffer.o)
                0x0000a75a                alGetBufferf
 .text.alGetBuffer3f
                0x0000a7e2       0x62 D:\oxygine-sound\dependencies\openalext\lib\android\libopenal.a(alBuffer.o)
                0x0000a7e2                alGetBuffer3f
 .text.alGetBufferfv
                0x0000a844       0x54 D:\oxygine-sound\dependencies\openalext\lib\android\libopenal.a(alBuffer.o)
                0x0000a844                alGetBufferfv
 .text.alGetBuffer3i
                0x0000a898       0x62 D:\oxygine-sound\dependencies\openalext\lib\android\libopenal.a(alBuffer.o)
                0x0000a898                alGetBuffer3i
 *fill*         0x0000a8fa        0x2 00000000
 .text.BytesFromUserFmt
                0x0000a8fc       0x1c D:\oxygine-sound\dependencies\openalext\lib\android\libopenal.a(alBuffer.o)
                0x0000a8fc                BytesFromUserFmt
 .text.ChannelsFromUserFmt
                0x0000a918       0x1c D:\oxygine-sound\dependencies\openalext\lib\android\libopenal.a(alBuffer.o)
                0x0000a918                ChannelsFromUserFmt
 .text.BytesFromFmt
                0x0000a934       0x1c D:\oxygine-sound\dependencies\openalext\lib\android\libopenal.a(alBuffer.o)
                0x0000a934                BytesFromFmt
 .text.ChannelsFromFmt
                0x0000a950       0x1c D:\oxygine-sound\dependencies\openalext\lib\android\libopenal.a(alBuffer.o)
                0x0000a950                ChannelsFromFmt
 .text.alGetBufferi
                0x0000a96c       0xbc D:\oxygine-sound\dependencies\openalext\lib\android\libopenal.a(alBuffer.o)
                0x0000a96c                alGetBufferi
 .text.alGetBufferiv
                0x0000aa28       0x8e D:\oxygine-sound\dependencies\openalext\lib\android\libopenal.a(alBuffer.o)
                0x0000aa28                alGetBufferiv
 .text.alGetBufferSamplesSOFT
                0x0000aab6       0xf6 D:\oxygine-sound\dependencies\openalext\lib\android\libopenal.a(alBuffer.o)
                0x0000aab6                alGetBufferSamplesSOFT
 .text.alBufferSubSamplesSOFT
                0x0000abac      0x106 D:\oxygine-sound\dependencies\openalext\lib\android\libopenal.a(alBuffer.o)
                0x0000abac                alBufferSubSamplesSOFT
 *fill*         0x0000acb2        0x2 00000000
 .text.LoadData
                0x0000acb4      0x160 D:\oxygine-sound\dependencies\openalext\lib\android\libopenal.a(alBuffer.o)
 .text.alBufferSamplesSOFT
                0x0000ae14       0xa0 D:\oxygine-sound\dependencies\openalext\lib\android\libopenal.a(alBuffer.o)
                0x0000ae14                alBufferSamplesSOFT
 .text.alBufferData
                0x0000aeb4      0x1c8 D:\oxygine-sound\dependencies\openalext\lib\android\libopenal.a(alBuffer.o)
                0x0000aeb4                alBufferData
 .text.alBufferSubDataSOFT
                0x0000b07c      0x190 D:\oxygine-sound\dependencies\openalext\lib\android\libopenal.a(alBuffer.o)
                0x0000b07c                alBufferSubDataSOFT
 .text.ReleaseALBuffers
                0x0000b20c       0x3a D:\oxygine-sound\dependencies\openalext\lib\android\libopenal.a(alBuffer.o)
                0x0000b20c                ReleaseALBuffers
 .text.alGetError
                0x0000b246       0x2c D:\oxygine-sound\dependencies\openalext\lib\android\libopenal.a(alError.o)
                0x0000b246                alGetError
 *fill*         0x0000b272        0x2 00000000
 .text.alSetError
                0x0000b274       0x3c D:\oxygine-sound\dependencies\openalext\lib\android\libopenal.a(alError.o)
                0x0000b274                alSetError
 .text.LockContext
                0x0000b2b0        0xa D:\oxygine-sound\dependencies\openalext\lib\android\libopenal.a(alSource.o)
 .text.UnlockContext
                0x0000b2ba        0xa D:\oxygine-sound\dependencies\openalext\lib\android\libopenal.a(alSource.o)
 *fill*         0x0000b2c4        0x4 00000000
 .text.GetSourceOffset
                0x0000b2c8      0x1d0 D:\oxygine-sound\dependencies\openalext\lib\android\libopenal.a(alSource.o)
 .text.alDeleteSources
                0x0000b498      0x138 D:\oxygine-sound\dependencies\openalext\lib\android\libopenal.a(alSource.o)
                0x0000b498                alDeleteSources
 .text.alGenSources
                0x0000b5d0      0x184 D:\oxygine-sound\dependencies\openalext\lib\android\libopenal.a(alSource.o)
                0x0000b5d0                alGenSources
 .text.alIsSource
                0x0000b754       0x2a D:\oxygine-sound\dependencies\openalext\lib\android\libopenal.a(alSource.o)
                0x0000b754                alIsSource
 .text.alSource3f
                0x0000b77e       0xfa D:\oxygine-sound\dependencies\openalext\lib\android\libopenal.a(alSource.o)
                0x0000b77e                alSource3f
 .text.alSource3i
                0x0000b878      0x164 D:\oxygine-sound\dependencies\openalext\lib\android\libopenal.a(alSource.o)
                0x0000b878                alSource3i
 .text.alGetSourcef
                0x0000b9dc      0x158 D:\oxygine-sound\dependencies\openalext\lib\android\libopenal.a(alSource.o)
                0x0000b9dc                alGetSourcef
 .text.alGetSource3f
                0x0000bb34       0xc8 D:\oxygine-sound\dependencies\openalext\lib\android\libopenal.a(alSource.o)
                0x0000bb34                alGetSource3f
 .text.alGetSourcefv
                0x0000bbfc      0x100 D:\oxygine-sound\dependencies\openalext\lib\android\libopenal.a(alSource.o)
                0x0000bbfc                alGetSourcefv
 .text.alGetSourcei
                0x0000bcfc      0x20c D:\oxygine-sound\dependencies\openalext\lib\android\libopenal.a(alSource.o)
                0x0000bcfc                alGetSourcei
 .text.alGetSource3i
                0x0000bf08       0xfc D:\oxygine-sound\dependencies\openalext\lib\android\libopenal.a(alSource.o)
                0x0000bf08                alGetSource3i
 .text.alGetSourceiv
                0x0000c004      0x144 D:\oxygine-sound\dependencies\openalext\lib\android\libopenal.a(alSource.o)
                0x0000c004                alGetSourceiv
 .text.alSourceQueueBuffers
                0x0000c148      0x230 D:\oxygine-sound\dependencies\openalext\lib\android\libopenal.a(alSource.o)
                0x0000c148                alSourceQueueBuffers
 .text.alSourceUnqueueBuffers
                0x0000c378       0xd6 D:\oxygine-sound\dependencies\openalext\lib\android\libopenal.a(alSource.o)
                0x0000c378                alSourceUnqueueBuffers
 *fill*         0x0000c44e        0x2 00000000
 .text.ApplyOffset
                0x0000c450       0xf0 D:\oxygine-sound\dependencies\openalext\lib\android\libopenal.a(alSource.o)
                0x0000c450                ApplyOffset
 .text.SetSourceState
                0x0000c540      0x144 D:\oxygine-sound\dependencies\openalext\lib\android\libopenal.a(alSource.o)
                0x0000c540                SetSourceState
 .text.alSourceRewindv
                0x0000c684       0x9a D:\oxygine-sound\dependencies\openalext\lib\android\libopenal.a(alSource.o)
                0x0000c684                alSourceRewindv
 .text.alSourceRewind
                0x0000c71e       0x10 D:\oxygine-sound\dependencies\openalext\lib\android\libopenal.a(alSource.o)
                0x0000c71e                alSourceRewind
 .text.alSourceStopv
                0x0000c72e       0x9a D:\oxygine-sound\dependencies\openalext\lib\android\libopenal.a(alSource.o)
                0x0000c72e                alSourceStopv
 .text.alSourceStop
                0x0000c7c8       0x10 D:\oxygine-sound\dependencies\openalext\lib\android\libopenal.a(alSource.o)
                0x0000c7c8                alSourceStop
 .text.alSourcePausev
                0x0000c7d8       0xa4 D:\oxygine-sound\dependencies\openalext\lib\android\libopenal.a(alSource.o)
                0x0000c7d8                alSourcePausev
 .text.alSourcePause
                0x0000c87c       0x10 D:\oxygine-sound\dependencies\openalext\lib\android\libopenal.a(alSource.o)
                0x0000c87c                alSourcePause
 .text.alSourcePlayv
                0x0000c88c       0xdc D:\oxygine-sound\dependencies\openalext\lib\android\libopenal.a(alSource.o)
                0x0000c88c                alSourcePlayv
 .text.alSourcePlay
                0x0000c968       0x10 D:\oxygine-sound\dependencies\openalext\lib\android\libopenal.a(alSource.o)
                0x0000c968                alSourcePlay
 .text.alSourcef
                0x0000c978      0x2f4 D:\oxygine-sound\dependencies\openalext\lib\android\libopenal.a(alSource.o)
                0x0000c978                alSourcef
 .text.alSourcefv
                0x0000cc6c       0xaa D:\oxygine-sound\dependencies\openalext\lib\android\libopenal.a(alSource.o)
                0x0000cc6c                alSourcefv
 *fill*         0x0000cd16        0x2 00000000
 .text.alSourcei
                0x0000cd18      0x378 D:\oxygine-sound\dependencies\openalext\lib\android\libopenal.a(alSource.o)
                0x0000cd18                alSourcei
 .text.alSourceiv
                0x0000d090       0xe4 D:\oxygine-sound\dependencies\openalext\lib\android\libopenal.a(alSource.o)
                0x0000d090                alSourceiv
 .text.ReleaseALSources
                0x0000d174       0xaa D:\oxygine-sound\dependencies\openalext\lib\android\libopenal.a(alSource.o)
                0x0000d174                ReleaseALSources
 *fill*         0x0000d21e        0x2 00000000
 .text.ThunkInit
                0x0000d220       0x20 D:\oxygine-sound\dependencies\openalext\lib\android\libopenal.a(alThunk.o)
                0x0000d220                ThunkInit
 .text.ThunkExit
                0x0000d240       0x18 D:\oxygine-sound\dependencies\openalext\lib\android\libopenal.a(alThunk.o)
                0x0000d240                ThunkExit
 .text.NewThunkEntry
                0x0000d258       0xcc D:\oxygine-sound\dependencies\openalext\lib\android\libopenal.a(alThunk.o)
                0x0000d258                NewThunkEntry
 .text.FreeThunkEntry
                0x0000d324       0x48 D:\oxygine-sound\dependencies\openalext\lib\android\libopenal.a(alThunk.o)
                0x0000d324                FreeThunkEntry
 .text.alcSuspendContext
                0x0000d36c        0x2 D:\oxygine-sound\dependencies\openalext\lib\android\libopenal.a(ALc.o)
                0x0000d36c                alcSuspendContext
 .text.alcProcessContext
                0x0000d36e        0x2 D:\oxygine-sound\dependencies\openalext\lib\android\libopenal.a(ALc.o)
                0x0000d36e                alcProcessContext
 .text.LockLists
                0x0000d370        0xc D:\oxygine-sound\dependencies\openalext\lib\android\libopenal.a(ALc.o)
 .text.UnlockLists
                0x0000d37c        0xc D:\oxygine-sound\dependencies\openalext\lib\android\libopenal.a(ALc.o)
 .text.alcSetError
                0x0000d388       0x2c D:\oxygine-sound\dependencies\openalext\lib\android\libopenal.a(ALc.o)
 .text.alcLoopbackOpenDeviceSOFT
                0x0000d3b4      0x1a4 D:\oxygine-sound\dependencies\openalext\lib\android\libopenal.a(ALc.o)
                0x0000d3b4                alcLoopbackOpenDeviceSOFT
 .text.alc_initconfig
                0x0000d558      0x5e4 D:\oxygine-sound\dependencies\openalext\lib\android\libopenal.a(ALc.o)
 .text.alcGetThreadContext
                0x0000db3c       0x10 D:\oxygine-sound\dependencies\openalext\lib\android\libopenal.a(ALc.o)
                0x0000db3c                alcGetThreadContext
 .text.alcGetCurrentContext
                0x0000db4c       0x1c D:\oxygine-sound\dependencies\openalext\lib\android\libopenal.a(ALc.o)
                0x0000db4c                alcGetCurrentContext
 .text.ProbeList
                0x0000db68       0x4c D:\oxygine-sound\dependencies\openalext\lib\android\libopenal.a(ALc.o)
 .text.alcCaptureOpenDevice
                0x0000dbb4      0x1cc D:\oxygine-sound\dependencies\openalext\lib\android\libopenal.a(ALc.o)
                0x0000dbb4                alcCaptureOpenDevice
 .text.alcOpenDevice
                0x0000dd80      0x50c D:\oxygine-sound\dependencies\openalext\lib\android\libopenal.a(ALc.o)
                0x0000dd80                alcOpenDevice
 .text.exit.ReleaseALC
                0x0000e28c       0xb0 D:\oxygine-sound\dependencies\openalext\lib\android\libopenal.a(ALc.o)
 .text.AppendList
                0x0000e33c       0x6c D:\oxygine-sound\dependencies\openalext\lib\android\libopenal.a(ALc.o)
 .text.startup.alc_init
                0x0000e3a8      0x168 D:\oxygine-sound\dependencies\openalext\lib\android\libopenal.a(ALc.o)
 .text.exit.alc_deinit
                0x0000e510       0x98 D:\oxygine-sound\dependencies\openalext\lib\android\libopenal.a(ALc.o)
 .text.AppendAllDeviceList
                0x0000e5a8       0x14 D:\oxygine-sound\dependencies\openalext\lib\android\libopenal.a(ALc.o)
                0x0000e5a8                AppendAllDeviceList
 .text.AppendCaptureDeviceList
                0x0000e5bc       0x14 D:\oxygine-sound\dependencies\openalext\lib\android\libopenal.a(ALc.o)
                0x0000e5bc                AppendCaptureDeviceList
 .text.SetDefaultWFXChannelOrder
                0x0000e5d0      0x128 D:\oxygine-sound\dependencies\openalext\lib\android\libopenal.a(ALc.o)
                0x0000e5d0                SetDefaultWFXChannelOrder
 .text.SetDefaultChannelOrder
                0x0000e6f8       0x76 D:\oxygine-sound\dependencies\openalext\lib\android\libopenal.a(ALc.o)
                0x0000e6f8                SetDefaultChannelOrder
 *fill*         0x0000e76e        0x2 00000000
 .text.DevFmtTypeString
                0x0000e770       0x64 D:\oxygine-sound\dependencies\openalext\lib\android\libopenal.a(ALc.o)
                0x0000e770                DevFmtTypeString
 .text.DevFmtChannelsString
                0x0000e7d4       0x84 D:\oxygine-sound\dependencies\openalext\lib\android\libopenal.a(ALc.o)
                0x0000e7d4                DevFmtChannelsString
 .text.BytesFromDevFmt
                0x0000e858       0x1c D:\oxygine-sound\dependencies\openalext\lib\android\libopenal.a(ALc.o)
                0x0000e858                BytesFromDevFmt
 .text.ChannelsFromDevFmt
                0x0000e874       0x4e D:\oxygine-sound\dependencies\openalext\lib\android\libopenal.a(ALc.o)
                0x0000e874                ChannelsFromDevFmt
 *fill*         0x0000e8c2        0x2 00000000
 .text.ALCdevice_IncRef
                0x0000e8c4       0x48 D:\oxygine-sound\dependencies\openalext\lib\android\libopenal.a(ALc.o)
                0x0000e8c4                ALCdevice_IncRef
 .text.VerifyDevice
                0x0000e90c       0x44 D:\oxygine-sound\dependencies\openalext\lib\android\libopenal.a(ALc.o)
 .text.ALCdevice_DecRef
                0x0000e950      0x160 D:\oxygine-sound\dependencies\openalext\lib\android\libopenal.a(ALc.o)
                0x0000e950                ALCdevice_DecRef
 .text.alcRenderSamplesSOFT
                0x0000eab0       0x52 D:\oxygine-sound\dependencies\openalext\lib\android\libopenal.a(ALc.o)
                0x0000eab0                alcRenderSamplesSOFT
 .text.alcIsRenderFormatSupportedSOFT
                0x0000eb02       0x80 D:\oxygine-sound\dependencies\openalext\lib\android\libopenal.a(ALc.o)
                0x0000eb02                alcIsRenderFormatSupportedSOFT
 *fill*         0x0000eb82        0x2 00000000
 .text.alcCreateContext
                0x0000eb84      0x960 D:\oxygine-sound\dependencies\openalext\lib\android\libopenal.a(ALc.o)
                0x0000eb84                alcCreateContext
 .text.alcGetEnumValue
                0x0000f4e4       0x50 D:\oxygine-sound\dependencies\openalext\lib\android\libopenal.a(ALc.o)
                0x0000f4e4                alcGetEnumValue
 .text.alcGetProcAddress
                0x0000f534       0x50 D:\oxygine-sound\dependencies\openalext\lib\android\libopenal.a(ALc.o)
                0x0000f534                alcGetProcAddress
 .text.alcIsExtensionPresent
                0x0000f584       0xa4 D:\oxygine-sound\dependencies\openalext\lib\android\libopenal.a(ALc.o)
                0x0000f584                alcIsExtensionPresent
 .text.alcGetIntegerv
                0x0000f628      0x228 D:\oxygine-sound\dependencies\openalext\lib\android\libopenal.a(ALc.o)
                0x0000f628                alcGetIntegerv
 .text.alcGetString
                0x0000f850      0x25c D:\oxygine-sound\dependencies\openalext\lib\android\libopenal.a(ALc.o)
                0x0000f850                alcGetString
 .text.alcGetError
                0x0000faac       0x4c D:\oxygine-sound\dependencies\openalext\lib\android\libopenal.a(ALc.o)
                0x0000faac                alcGetError
 .text.alcCaptureSamples
                0x0000faf8       0x68 D:\oxygine-sound\dependencies\openalext\lib\android\libopenal.a(ALc.o)
                0x0000faf8                alcCaptureSamples
 .text.alcCaptureStop
                0x0000fb60       0x5a D:\oxygine-sound\dependencies\openalext\lib\android\libopenal.a(ALc.o)
                0x0000fb60                alcCaptureStop
 .text.alcCaptureStart
                0x0000fbba       0x5e D:\oxygine-sound\dependencies\openalext\lib\android\libopenal.a(ALc.o)
                0x0000fbba                alcCaptureStart
 .text.alcCaptureCloseDevice
                0x0000fc18       0x64 D:\oxygine-sound\dependencies\openalext\lib\android\libopenal.a(ALc.o)
                0x0000fc18                alcCaptureCloseDevice
 .text.ALCcontext_IncRef
                0x0000fc7c       0x48 D:\oxygine-sound\dependencies\openalext\lib\android\libopenal.a(ALc.o)
                0x0000fc7c                ALCcontext_IncRef
 .text.VerifyContext
                0x0000fcc4       0x4c D:\oxygine-sound\dependencies\openalext\lib\android\libopenal.a(ALc.o)
 .text.ALCcontext_DecRef
                0x0000fd10      0x130 D:\oxygine-sound\dependencies\openalext\lib\android\libopenal.a(ALc.o)
                0x0000fd10                ALCcontext_DecRef
 .text.ReleaseContext
                0x0000fe40       0xe8 D:\oxygine-sound\dependencies\openalext\lib\android\libopenal.a(ALc.o)
 .text.alcCloseDevice
                0x0000ff28       0xcc D:\oxygine-sound\dependencies\openalext\lib\android\libopenal.a(ALc.o)
                0x0000ff28                alcCloseDevice
 .text.alcGetContextsDevice
                0x0000fff4       0x22 D:\oxygine-sound\dependencies\openalext\lib\android\libopenal.a(ALc.o)
                0x0000fff4                alcGetContextsDevice
 .text.alcDestroyContext
                0x00010016       0x42 D:\oxygine-sound\dependencies\openalext\lib\android\libopenal.a(ALc.o)
                0x00010016                alcDestroyContext
 .text.alcSetThreadContext
                0x00010058       0x48 D:\oxygine-sound\dependencies\openalext\lib\android\libopenal.a(ALc.o)
                0x00010058                alcSetThreadContext
 .text.alcMakeContextCurrent
                0x000100a0       0x6c D:\oxygine-sound\dependencies\openalext\lib\android\libopenal.a(ALc.o)
                0x000100a0                alcMakeContextCurrent
 .text.ReleaseThreadCtx
                0x0001010c       0x3c D:\oxygine-sound\dependencies\openalext\lib\android\libopenal.a(ALc.o)
 .text.GetContextRef
                0x00010148       0x34 D:\oxygine-sound\dependencies\openalext\lib\android\libopenal.a(ALc.o)
                0x00010148                GetContextRef
 .text.LoadConfigFromFile
                0x0001017c      0x45c D:\oxygine-sound\dependencies\openalext\lib\android\libopenal.a(alcConfig.o)
 .text.ReadALConfig
                0x000105d8       0xcc D:\oxygine-sound\dependencies\openalext\lib\android\libopenal.a(alcConfig.o)
                0x000105d8                ReadALConfig
 .text.FreeALConfig
                0x000106a4       0x74 D:\oxygine-sound\dependencies\openalext\lib\android\libopenal.a(alcConfig.o)
                0x000106a4                FreeALConfig
 .text.GetConfigValue
                0x00010718       0xf8 D:\oxygine-sound\dependencies\openalext\lib\android\libopenal.a(alcConfig.o)
                0x00010718                GetConfigValue
 .text.ConfigValueExists
                0x00010810       0x18 D:\oxygine-sound\dependencies\openalext\lib\android\libopenal.a(alcConfig.o)
                0x00010810                ConfigValueExists
 .text.ConfigValueStr
                0x00010828       0x20 D:\oxygine-sound\dependencies\openalext\lib\android\libopenal.a(alcConfig.o)
                0x00010828                ConfigValueStr
 .text.ConfigValueInt
                0x00010848       0x28 D:\oxygine-sound\dependencies\openalext\lib\android\libopenal.a(alcConfig.o)
                0x00010848                ConfigValueInt
 .text.ConfigValueUInt
                0x00010870       0x28 D:\oxygine-sound\dependencies\openalext\lib\android\libopenal.a(alcConfig.o)
                0x00010870                ConfigValueUInt
 .text.ConfigValueFloat
                0x00010898       0x30 D:\oxygine-sound\dependencies\openalext\lib\android\libopenal.a(alcConfig.o)
                0x00010898                ConfigValueFloat
 .text.GetConfigValueBool
                0x000108c8       0x60 D:\oxygine-sound\dependencies\openalext\lib\android\libopenal.a(alcConfig.o)
                0x000108c8                GetConfigValueBool
 .text.DelayLineIn
                0x00010928       0x10 D:\oxygine-sound\dependencies\openalext\lib\android\libopenal.a(alcReverb.o)
 .text.EarlyDelayLineOut
                0x00010938       0x2e D:\oxygine-sound\dependencies\openalext\lib\android\libopenal.a(alcReverb.o)
 .text.EarlyReflection
                0x00010966       0xd6 D:\oxygine-sound\dependencies\openalext\lib\android\libopenal.a(alcReverb.o)
 .text.LateAllPassInOut
                0x00010a3c       0x56 D:\oxygine-sound\dependencies\openalext\lib\android\libopenal.a(alcReverb.o)
 .text.LateDelayLineOut
                0x00010a92       0x2e D:\oxygine-sound\dependencies\openalext\lib\android\libopenal.a(alcReverb.o)
 .text.LateReverb
                0x00010ac0      0x196 D:\oxygine-sound\dependencies\openalext\lib\android\libopenal.a(alcReverb.o)
 .text.VerbProcess
                0x00010c56      0x16a D:\oxygine-sound\dependencies\openalext\lib\android\libopenal.a(alcReverb.o)
 .text.CalcLineLength
                0x00010dc0       0x30 D:\oxygine-sound\dependencies\openalext\lib\android\libopenal.a(alcReverb.o)
 .text.EAXVerbProcess
                0x00010df0      0x2c4 D:\oxygine-sound\dependencies\openalext\lib\android\libopenal.a(alcReverb.o)
 .text.ReverbUpdate
                0x000110b4      0x71c D:\oxygine-sound\dependencies\openalext\lib\android\libopenal.a(alcReverb.o)
 .text.ReverbDeviceUpdate
                0x000117d0      0x26c D:\oxygine-sound\dependencies\openalext\lib\android\libopenal.a(alcReverb.o)
 .text.ReverbDestroy
                0x00011a3c       0x1c D:\oxygine-sound\dependencies\openalext\lib\android\libopenal.a(alcReverb.o)
 .text.ReverbCreate
                0x00011a58      0x130 D:\oxygine-sound\dependencies\openalext\lib\android\libopenal.a(alcReverb.o)
                0x00011a58                ReverbCreate
 .text.aluDotproduct
                0x00011b88       0x26 D:\oxygine-sound\dependencies\openalext\lib\android\libopenal.a(ALu.o)
 .text.aluMatrixVector
                0x00011bae       0x7a D:\oxygine-sound\dependencies\openalext\lib\android\libopenal.a(ALu.o)
 .text.aluNormalize
                0x00011c28       0x4e D:\oxygine-sound\dependencies\openalext\lib\android\libopenal.a(ALu.o)
 *fill*         0x00011c76        0x2 00000000
 .text.aluF2I   0x00011c78       0x50 D:\oxygine-sound\dependencies\openalext\lib\android\libopenal.a(ALu.o)
 .text.CalcNonAttnSourceParams
                0x00011cc8      0x544 D:\oxygine-sound\dependencies\openalext\lib\android\libopenal.a(ALu.o)
                0x00011cc8                CalcNonAttnSourceParams
 .text.CalcSourceParams
                0x0001220c      0xbbc D:\oxygine-sound\dependencies\openalext\lib\android\libopenal.a(ALu.o)
                0x0001220c                CalcSourceParams
 .text.aluMixData
                0x00012dc8     0x10a4 D:\oxygine-sound\dependencies\openalext\lib\android\libopenal.a(ALu.o)
                0x00012dc8                aluMixData
 .text.aluHandleDisconnect
                0x00013e6c       0x72 D:\oxygine-sound\dependencies\openalext\lib\android\libopenal.a(ALu.o)
                0x00013e6c                aluHandleDisconnect
 *fill*         0x00013ede        0x2 00000000
 .text.init     0x00013ee0      0x1c0 D:\oxygine-sound\dependencies\openalext\lib\android\libopenal.a(bs2b.o)
 .text.bs2b_set_level
                0x000140a0        0xe D:\oxygine-sound\dependencies\openalext\lib\android\libopenal.a(bs2b.o)
                0x000140a0                bs2b_set_level
 .text.bs2b_get_level
                0x000140ae        0x4 D:\oxygine-sound\dependencies\openalext\lib\android\libopenal.a(bs2b.o)
                0x000140ae                bs2b_get_level
 .text.bs2b_set_srate
                0x000140b2        0xe D:\oxygine-sound\dependencies\openalext\lib\android\libopenal.a(bs2b.o)
                0x000140b2                bs2b_set_srate
 .text.bs2b_get_srate
                0x000140c0        0x4 D:\oxygine-sound\dependencies\openalext\lib\android\libopenal.a(bs2b.o)
                0x000140c0                bs2b_get_srate
 .text.bs2b_clear
                0x000140c4        0xa D:\oxygine-sound\dependencies\openalext\lib\android\libopenal.a(bs2b.o)
                0x000140c4                bs2b_clear
 .text.bs2b_cross_feed
                0x000140ce       0xd6 D:\oxygine-sound\dependencies\openalext\lib\android\libopenal.a(bs2b.o)
                0x000140ce                bs2b_cross_feed
 .text.Lock     0x000141a4       0x24 D:\oxygine-sound\dependencies\openalext\lib\android\libopenal.a(helpers.o)
 .text.InitializeCriticalSection
                0x000141c8       0x22 D:\oxygine-sound\dependencies\openalext\lib\android\libopenal.a(helpers.o)
                0x000141c8                InitializeCriticalSection
 .text.DeleteCriticalSection
                0x000141ea        0x4 D:\oxygine-sound\dependencies\openalext\lib\android\libopenal.a(helpers.o)
                0x000141ea                DeleteCriticalSection
 .text.EnterCriticalSection
                0x000141ee        0x4 D:\oxygine-sound\dependencies\openalext\lib\android\libopenal.a(helpers.o)
                0x000141ee                EnterCriticalSection
 .text.LeaveCriticalSection
                0x000141f2        0x4 D:\oxygine-sound\dependencies\openalext\lib\android\libopenal.a(helpers.o)
                0x000141f2                LeaveCriticalSection
 *fill*         0x000141f6        0x2 00000000
 .text.timeGetTime
                0x000141f8       0x48 D:\oxygine-sound\dependencies\openalext\lib\android\libopenal.a(helpers.o)
                0x000141f8                timeGetTime
 .text.Sleep    0x00014240       0x50 D:\oxygine-sound\dependencies\openalext\lib\android\libopenal.a(helpers.o)
                0x00014240                Sleep
 .text.LoadLib  0x00014290       0x20 D:\oxygine-sound\dependencies\openalext\lib\android\libopenal.a(helpers.o)
                0x00014290                LoadLib
 .text.CloseLib
                0x000142b0        0x4 D:\oxygine-sound\dependencies\openalext\lib\android\libopenal.a(helpers.o)
                0x000142b0                CloseLib
 .text.al_print
                0x000142b4       0x78 D:\oxygine-sound\dependencies\openalext\lib\android\libopenal.a(helpers.o)
                0x000142b4                al_print
 .text.GetSymbol
                0x0001432c       0x48 D:\oxygine-sound\dependencies\openalext\lib\android\libopenal.a(helpers.o)
                0x0001432c                GetSymbol
 .text.SetRTPriority
                0x00014374       0x54 D:\oxygine-sound\dependencies\openalext\lib\android\libopenal.a(helpers.o)
                0x00014374                SetRTPriority
 .text.RWLockInit
                0x000143c8        0xe D:\oxygine-sound\dependencies\openalext\lib\android\libopenal.a(helpers.o)
                0x000143c8                RWLockInit
 .text.ReadLock
                0x000143d6       0x66 D:\oxygine-sound\dependencies\openalext\lib\android\libopenal.a(helpers.o)
                0x000143d6                ReadLock
 .text.ReadUnlock
                0x0001443c       0x34 D:\oxygine-sound\dependencies\openalext\lib\android\libopenal.a(helpers.o)
                0x0001443c                ReadUnlock
 .text.WriteLock
                0x00014470       0x38 D:\oxygine-sound\dependencies\openalext\lib\android\libopenal.a(helpers.o)
                0x00014470                WriteLock
 .text.WriteUnlock
                0x000144a8       0x50 D:\oxygine-sound\dependencies\openalext\lib\android\libopenal.a(helpers.o)
                0x000144a8                WriteUnlock
 .text.InitUIntMap
                0x000144f8       0x10 D:\oxygine-sound\dependencies\openalext\lib\android\libopenal.a(helpers.o)
                0x000144f8                InitUIntMap
 .text.ResetUIntMap
                0x00014508       0x26 D:\oxygine-sound\dependencies\openalext\lib\android\libopenal.a(helpers.o)
                0x00014508                ResetUIntMap
 .text.InsertUIntMapEntry
                0x0001452e       0xd0 D:\oxygine-sound\dependencies\openalext\lib\android\libopenal.a(helpers.o)
                0x0001452e                InsertUIntMapEntry
 .text.RemoveUIntMapKey
                0x000145fe       0x70 D:\oxygine-sound\dependencies\openalext\lib\android\libopenal.a(helpers.o)
                0x000145fe                RemoveUIntMapKey
 .text.LookupUIntMapKey
                0x0001466e       0x56 D:\oxygine-sound\dependencies\openalext\lib\android\libopenal.a(helpers.o)
                0x0001466e                LookupUIntMapKey
 .text.CalcAzIndices
                0x000146c4       0x6c D:\oxygine-sound\dependencies\openalext\lib\android\libopenal.a(hrtf.o)
 .text.CalcHrtfDelta
                0x00014730      0x11c D:\oxygine-sound\dependencies\openalext\lib\android\libopenal.a(hrtf.o)
                0x00014730                CalcHrtfDelta
 .text.GetLerpedHrtfCoeffs
                0x0001484c      0x324 D:\oxygine-sound\dependencies\openalext\lib\android\libopenal.a(hrtf.o)
                0x0001484c                GetLerpedHrtfCoeffs
 .text.GetMovingHrtfCoeffs
                0x00014b70      0x458 D:\oxygine-sound\dependencies\openalext\lib\android\libopenal.a(hrtf.o)
                0x00014b70                GetMovingHrtfCoeffs
 .text.GetHrtf  0x00014fc8       0x88 D:\oxygine-sound\dependencies\openalext\lib\android\libopenal.a(hrtf.o)
                0x00014fc8                GetHrtf
 .text.InitHrtf
                0x00015050      0x42c D:\oxygine-sound\dependencies\openalext\lib\android\libopenal.a(hrtf.o)
                0x00015050                InitHrtf
 .text.FreeHrtf
                0x0001547c       0x18 D:\oxygine-sound\dependencies\openalext\lib\android\libopenal.a(hrtf.o)
                0x0001547c                FreeHrtf
 .text.lpFilter2P
                0x00015494       0x2c D:\oxygine-sound\dependencies\openalext\lib\android\libopenal.a(mixer.o)
 .text.lpFilter2PC
                0x000154c0       0x24 D:\oxygine-sound\dependencies\openalext\lib\android\libopenal.a(mixer.o)
 .text.lerp32   0x000154e4       0x2c D:\oxygine-sound\dependencies\openalext\lib\android\libopenal.a(mixer.o)
 .text.cubic32  0x00015510       0x8c D:\oxygine-sound\dependencies\openalext\lib\android\libopenal.a(mixer.o)
 .text.ApplyCoeffs
                0x0001559c       0x38 D:\oxygine-sound\dependencies\openalext\lib\android\libopenal.a(mixer.o)
 .text.Mix_ALfloat_point32
                0x000155d4      0x2a2 D:\oxygine-sound\dependencies\openalext\lib\android\libopenal.a(mixer.o)
 .text.Mix_ALfloat_lerp32
                0x00015876      0x312 D:\oxygine-sound\dependencies\openalext\lib\android\libopenal.a(mixer.o)
 .text.Mix_ALfloat_cubic32
                0x00015b88      0x312 D:\oxygine-sound\dependencies\openalext\lib\android\libopenal.a(mixer.o)
 *fill*         0x00015e9a        0x2 00000000
 .text.LoadStack
                0x00015e9c       0x7c D:\oxygine-sound\dependencies\openalext\lib\android\libopenal.a(mixer.o)
 .text.SilenceStack
                0x00015f18       0x12 D:\oxygine-sound\dependencies\openalext\lib\android\libopenal.a(mixer.o)
 .text.Mix_Hrtf_ALfloat_cubic32
                0x00015f2a      0x5e0 D:\oxygine-sound\dependencies\openalext\lib\android\libopenal.a(mixer.o)
 .text.Mix_Hrtf_ALfloat_lerp32
                0x0001650a      0x5e0 D:\oxygine-sound\dependencies\openalext\lib\android\libopenal.a(mixer.o)
 .text.Mix_Hrtf_ALfloat_point32
                0x00016aea      0x5d4 D:\oxygine-sound\dependencies\openalext\lib\android\libopenal.a(mixer.o)
 *fill*         0x000170be        0x2 00000000
 .text.SelectMixer
                0x000170c0       0x30 D:\oxygine-sound\dependencies\openalext\lib\android\libopenal.a(mixer.o)
                0x000170c0                SelectMixer
 .text.SelectHrtfMixer
                0x000170f0       0x30 D:\oxygine-sound\dependencies\openalext\lib\android\libopenal.a(mixer.o)
                0x000170f0                SelectHrtfMixer
 .text.MixSource
                0x00017120      0x4e0 D:\oxygine-sound\dependencies\openalext\lib\android\libopenal.a(mixer.o)
                0x00017120                MixSource
 .text.aluCart2LUTpos
                0x00017600       0x7c D:\oxygine-sound\dependencies\openalext\lib\android\libopenal.a(panning.o)
                0x00017600                aluCart2LUTpos
 .text.aluInitPanning
                0x0001767c      0x7c4 D:\oxygine-sound\dependencies\openalext\lib\android\libopenal.a(panning.o)
                0x0001767c                aluInitPanning
 .text.GetEnv   0x00017e40       0x24 D:\oxygine-sound\dependencies\openalext\lib\android\libopenal.a(android.o)
 .text.android_stop_playback
                0x00017e64       0x18 D:\oxygine-sound\dependencies\openalext\lib\android\libopenal.a(android.o)
 .text.android_start_playback
                0x00017e7c       0x24 D:\oxygine-sound\dependencies\openalext\lib\android\libopenal.a(android.o)
 .text.thread_function
                0x00017ea0      0x188 D:\oxygine-sound\dependencies\openalext\lib\android\libopenal.a(android.o)
 .text.android_reset_playback
                0x00018028       0x24 D:\oxygine-sound\dependencies\openalext\lib\android\libopenal.a(android.o)
 .text.android_close_playback
                0x0001804c       0x18 D:\oxygine-sound\dependencies\openalext\lib\android\libopenal.a(android.o)
 .text.android_open_playback
                0x00018064      0x164 D:\oxygine-sound\dependencies\openalext\lib\android\libopenal.a(android.o)
 .text.JNI_OnLoad
                0x000181c8       0x14 D:\oxygine-sound\dependencies\openalext\lib\android\libopenal.a(android.o)
                0x000181c8                JNI_OnLoad
 .text.alc_android_init
                0x000181dc       0x20 D:\oxygine-sound\dependencies\openalext\lib\android\libopenal.a(android.o)
                0x000181dc                alc_android_init
 .text.alc_android_deinit
                0x000181fc       0x18 D:\oxygine-sound\dependencies\openalext\lib\android\libopenal.a(android.o)
                0x000181fc                alc_android_deinit
 .text.alc_android_probe
                0x00018214       0x14 D:\oxygine-sound\dependencies\openalext\lib\android\libopenal.a(android.o)
                0x00018214                alc_android_probe
 .text.res_str  0x00018228       0xd0 D:\oxygine-sound\dependencies\openalext\lib\android\libopenal.a(opensl.o)
 .text.opensl_stop_playback
                0x000182f8       0x18 D:\oxygine-sound\dependencies\openalext\lib\android\libopenal.a(opensl.o)
 .text.opensl_close_playback
                0x00018310       0x40 D:\oxygine-sound\dependencies\openalext\lib\android\libopenal.a(opensl.o)
 .text.opensl_start_playback
                0x00018350      0x1f0 D:\oxygine-sound\dependencies\openalext\lib\android\libopenal.a(opensl.o)
 .text.opensl_callback
                0x00018540       0x68 D:\oxygine-sound\dependencies\openalext\lib\android\libopenal.a(opensl.o)
 .text.opensl_reset_playback
                0x000185a8      0x1a8 D:\oxygine-sound\dependencies\openalext\lib\android\libopenal.a(opensl.o)
 .text.opensl_open_playback
                0x00018750      0x1cc D:\oxygine-sound\dependencies\openalext\lib\android\libopenal.a(opensl.o)
 .text.alc_opensl_init
                0x0001891c       0x20 D:\oxygine-sound\dependencies\openalext\lib\android\libopenal.a(opensl.o)
                0x0001891c                alc_opensl_init
 .text.alc_opensl_deinit
                0x0001893c        0x2 D:\oxygine-sound\dependencies\openalext\lib\android\libopenal.a(opensl.o)
                0x0001893c                alc_opensl_deinit
 *fill*         0x0001893e        0x2 00000000
 .text.alc_opensl_probe
                0x00018940       0x14 D:\oxygine-sound\dependencies\openalext\lib\android\libopenal.a(opensl.o)
                0x00018940                alc_opensl_probe
 .text.null_stop_playback
                0x00018954       0x1e D:\oxygine-sound\dependencies\openalext\lib\android\libopenal.a(null.o)
 *fill*         0x00018972        0x2 00000000
 .text.null_start_playback
                0x00018974       0x24 D:\oxygine-sound\dependencies\openalext\lib\android\libopenal.a(null.o)
 .text.NullProc
                0x00018998       0xe6 D:\oxygine-sound\dependencies\openalext\lib\android\libopenal.a(null.o)
 .text.null_reset_playback
                0x00018a7e        0xa D:\oxygine-sound\dependencies\openalext\lib\android\libopenal.a(null.o)
 .text.null_close_playback
                0x00018a88       0x16 D:\oxygine-sound\dependencies\openalext\lib\android\libopenal.a(null.o)
 *fill*         0x00018a9e        0x2 00000000
 .text.null_open_playback
                0x00018aa0       0x48 D:\oxygine-sound\dependencies\openalext\lib\android\libopenal.a(null.o)
 .text.alc_null_init
                0x00018ae8       0x20 D:\oxygine-sound\dependencies\openalext\lib\android\libopenal.a(null.o)
                0x00018ae8                alc_null_init
 .text.alc_null_deinit
                0x00018b08        0x2 D:\oxygine-sound\dependencies\openalext\lib\android\libopenal.a(null.o)
                0x00018b08                alc_null_deinit
 *fill*         0x00018b0a        0x2 00000000
 .text.alc_null_probe
                0x00018b0c       0x10 D:\oxygine-sound\dependencies\openalext\lib\android\libopenal.a(null.o)
                0x00018b0c                alc_null_probe
 .text.loopback_close_playback
                0x00018b1c        0x2 D:\oxygine-sound\dependencies\openalext\lib\android\libopenal.a(loopback.o)
 .text.loopback_start_playback
                0x00018b1e        0x4 D:\oxygine-sound\dependencies\openalext\lib\android\libopenal.a(loopback.o)
 .text.loopback_stop_playback
                0x00018b22        0x2 D:\oxygine-sound\dependencies\openalext\lib\android\libopenal.a(loopback.o)
 .text.loopback_reset_playback
                0x00018b24        0xa D:\oxygine-sound\dependencies\openalext\lib\android\libopenal.a(loopback.o)
 .text.loopback_open_playback
                0x00018b2e       0x10 D:\oxygine-sound\dependencies\openalext\lib\android\libopenal.a(loopback.o)
 *fill*         0x00018b3e        0x2 00000000
 .text.alc_loopback_init
                0x00018b40       0x20 D:\oxygine-sound\dependencies\openalext\lib\android\libopenal.a(loopback.o)
                0x00018b40                alc_loopback_init
 .text.alc_loopback_deinit
                0x00018b60        0x2 D:\oxygine-sound\dependencies\openalext\lib\android\libopenal.a(loopback.o)
                0x00018b60                alc_loopback_deinit
 .text.alc_loopback_probe
                0x00018b62        0x2 D:\oxygine-sound\dependencies\openalext\lib\android\libopenal.a(loopback.o)
                0x00018b62                alc_loopback_probe
 .text.NoneDeviceUpdate
                0x00018b64        0x4 D:\oxygine-sound\dependencies\openalext\lib\android\libopenal.a(alAuxEffectSlot.o)
 .text.NoneUpdate
                0x00018b68        0x2 D:\oxygine-sound\dependencies\openalext\lib\android\libopenal.a(alAuxEffectSlot.o)
 .text.NoneProcess
                0x00018b6a        0x2 D:\oxygine-sound\dependencies\openalext\lib\android\libopenal.a(alAuxEffectSlot.o)
 .text.NoneDestroy
                0x00018b6c        0x4 D:\oxygine-sound\dependencies\openalext\lib\android\libopenal.a(alAuxEffectSlot.o)
 .text.RemoveEffectSlotArray
                0x00018b70       0x4c D:\oxygine-sound\dependencies\openalext\lib\android\libopenal.a(alAuxEffectSlot.o)
 .text.alDeleteAuxiliaryEffectSlots
                0x00018bbc       0xbc D:\oxygine-sound\dependencies\openalext\lib\android\libopenal.a(alAuxEffectSlot.o)
                0x00018bbc                alDeleteAuxiliaryEffectSlots
 .text.alIsAuxiliaryEffectSlot
                0x00018c78       0x2a D:\oxygine-sound\dependencies\openalext\lib\android\libopenal.a(alAuxEffectSlot.o)
                0x00018c78                alIsAuxiliaryEffectSlot
 .text.alAuxiliaryEffectSlotf
                0x00018ca2       0x7a D:\oxygine-sound\dependencies\openalext\lib\android\libopenal.a(alAuxEffectSlot.o)
                0x00018ca2                alAuxiliaryEffectSlotf
 .text.alAuxiliaryEffectSlotfv
                0x00018d1c       0x44 D:\oxygine-sound\dependencies\openalext\lib\android\libopenal.a(alAuxEffectSlot.o)
                0x00018d1c                alAuxiliaryEffectSlotfv
 .text.alGetAuxiliaryEffectSloti
                0x00018d60       0x54 D:\oxygine-sound\dependencies\openalext\lib\android\libopenal.a(alAuxEffectSlot.o)
                0x00018d60                alGetAuxiliaryEffectSloti
 .text.alGetAuxiliaryEffectSlotiv
                0x00018db4       0x48 D:\oxygine-sound\dependencies\openalext\lib\android\libopenal.a(alAuxEffectSlot.o)
                0x00018db4                alGetAuxiliaryEffectSlotiv
 .text.alGetAuxiliaryEffectSlotf
                0x00018dfc       0x46 D:\oxygine-sound\dependencies\openalext\lib\android\libopenal.a(alAuxEffectSlot.o)
                0x00018dfc                alGetAuxiliaryEffectSlotf
 .text.alGetAuxiliaryEffectSlotfv
                0x00018e42       0x42 D:\oxygine-sound\dependencies\openalext\lib\android\libopenal.a(alAuxEffectSlot.o)
                0x00018e42                alGetAuxiliaryEffectSlotfv
 .text.NoneCreate
                0x00018e84       0x38 D:\oxygine-sound\dependencies\openalext\lib\android\libopenal.a(alAuxEffectSlot.o)
                0x00018e84                NoneCreate
 .text.InitializeEffect
                0x00018ebc      0x13e D:\oxygine-sound\dependencies\openalext\lib\android\libopenal.a(alAuxEffectSlot.o)
                0x00018ebc                InitializeEffect
 .text.alAuxiliaryEffectSloti
                0x00018ffa       0x8c D:\oxygine-sound\dependencies\openalext\lib\android\libopenal.a(alAuxEffectSlot.o)
                0x00018ffa                alAuxiliaryEffectSloti
 .text.alAuxiliaryEffectSlotiv
                0x00019086       0x4a D:\oxygine-sound\dependencies\openalext\lib\android\libopenal.a(alAuxEffectSlot.o)
                0x00019086                alAuxiliaryEffectSlotiv
 .text.InitEffectSlot
                0x000190d0       0x4e D:\oxygine-sound\dependencies\openalext\lib\android\libopenal.a(alAuxEffectSlot.o)
                0x000190d0                InitEffectSlot
 .text.alGenAuxiliaryEffectSlots
                0x0001911e      0x17a D:\oxygine-sound\dependencies\openalext\lib\android\libopenal.a(alAuxEffectSlot.o)
                0x0001911e                alGenAuxiliaryEffectSlots
 .text.ReleaseALAuxiliaryEffectSlots
                0x00019298       0x48 D:\oxygine-sound\dependencies\openalext\lib\android\libopenal.a(alAuxEffectSlot.o)
                0x00019298                ReleaseALAuxiliaryEffectSlots
 .text.InitEffectParams
                0x000192e0      0x35c D:\oxygine-sound\dependencies\openalext\lib\android\libopenal.a(alEffect.o)
 .text.null_GetParamfv
                0x0001963c        0xa D:\oxygine-sound\dependencies\openalext\lib\android\libopenal.a(alEffect.o)
 .text.null_GetParamf
                0x00019646        0xa D:\oxygine-sound\dependencies\openalext\lib\android\libopenal.a(alEffect.o)
 .text.null_GetParamiv
                0x00019650        0xa D:\oxygine-sound\dependencies\openalext\lib\android\libopenal.a(alEffect.o)
 .text.null_GetParami
                0x0001965a        0xa D:\oxygine-sound\dependencies\openalext\lib\android\libopenal.a(alEffect.o)
 .text.null_SetParamfv
                0x00019664        0xa D:\oxygine-sound\dependencies\openalext\lib\android\libopenal.a(alEffect.o)
 .text.null_SetParamf
                0x0001966e        0xa D:\oxygine-sound\dependencies\openalext\lib\android\libopenal.a(alEffect.o)
 .text.null_SetParamiv
                0x00019678        0xa D:\oxygine-sound\dependencies\openalext\lib\android\libopenal.a(alEffect.o)
 .text.null_SetParami
                0x00019682        0xa D:\oxygine-sound\dependencies\openalext\lib\android\libopenal.a(alEffect.o)
 .text.ded_GetParamf
                0x0001968c       0x16 D:\oxygine-sound\dependencies\openalext\lib\android\libopenal.a(alEffect.o)
 .text.ded_GetParamfv
                0x000196a2        0x4 D:\oxygine-sound\dependencies\openalext\lib\android\libopenal.a(alEffect.o)
 .text.ded_GetParami
                0x000196a6        0xa D:\oxygine-sound\dependencies\openalext\lib\android\libopenal.a(alEffect.o)
 .text.ded_GetParamiv
                0x000196b0        0xa D:\oxygine-sound\dependencies\openalext\lib\android\libopenal.a(alEffect.o)
 .text.ded_SetParami
                0x000196ba        0xa D:\oxygine-sound\dependencies\openalext\lib\android\libopenal.a(alEffect.o)
 .text.ded_SetParamiv
                0x000196c4        0xa D:\oxygine-sound\dependencies\openalext\lib\android\libopenal.a(alEffect.o)
 .text.mod_GetParamf
                0x000196ce       0x22 D:\oxygine-sound\dependencies\openalext\lib\android\libopenal.a(alEffect.o)
 .text.mod_GetParamfv
                0x000196f0        0x4 D:\oxygine-sound\dependencies\openalext\lib\android\libopenal.a(alEffect.o)
 .text.mod_GetParami
                0x000196f4       0x34 D:\oxygine-sound\dependencies\openalext\lib\android\libopenal.a(alEffect.o)
 .text.mod_GetParamiv
                0x00019728        0x4 D:\oxygine-sound\dependencies\openalext\lib\android\libopenal.a(alEffect.o)
 .text.echo_GetParamf
                0x0001972c       0x38 D:\oxygine-sound\dependencies\openalext\lib\android\libopenal.a(alEffect.o)
 .text.echo_GetParamfv
                0x00019764        0x4 D:\oxygine-sound\dependencies\openalext\lib\android\libopenal.a(alEffect.o)
 .text.echo_GetParami
                0x00019768        0xa D:\oxygine-sound\dependencies\openalext\lib\android\libopenal.a(alEffect.o)
 .text.echo_GetParamiv
                0x00019772        0xa D:\oxygine-sound\dependencies\openalext\lib\android\libopenal.a(alEffect.o)
 .text.echo_SetParamf
                0x0001977c       0xd4 D:\oxygine-sound\dependencies\openalext\lib\android\libopenal.a(alEffect.o)
 .text.echo_SetParamfv
                0x00019850        0x6 D:\oxygine-sound\dependencies\openalext\lib\android\libopenal.a(alEffect.o)
 .text.echo_SetParami
                0x00019856        0xa D:\oxygine-sound\dependencies\openalext\lib\android\libopenal.a(alEffect.o)
 .text.echo_SetParamiv
                0x00019860        0xa D:\oxygine-sound\dependencies\openalext\lib\android\libopenal.a(alEffect.o)
 .text.reverb_GetParamf
                0x0001986a       0x58 D:\oxygine-sound\dependencies\openalext\lib\android\libopenal.a(alEffect.o)
 .text.reverb_GetParamfv
                0x000198c2        0x4 D:\oxygine-sound\dependencies\openalext\lib\android\libopenal.a(alEffect.o)
 .text.reverb_GetParami
                0x000198c6       0x16 D:\oxygine-sound\dependencies\openalext\lib\android\libopenal.a(alEffect.o)
 .text.reverb_GetParamiv
                0x000198dc        0x4 D:\oxygine-sound\dependencies\openalext\lib\android\libopenal.a(alEffect.o)
 .text.reverb_SetParamf
                0x000198e0      0x1d4 D:\oxygine-sound\dependencies\openalext\lib\android\libopenal.a(alEffect.o)
 .text.reverb_SetParamfv
                0x00019ab4        0x6 D:\oxygine-sound\dependencies\openalext\lib\android\libopenal.a(alEffect.o)
 .text.reverb_SetParami
                0x00019aba       0x28 D:\oxygine-sound\dependencies\openalext\lib\android\libopenal.a(alEffect.o)
 .text.reverb_SetParamiv
                0x00019ae2        0x6 D:\oxygine-sound\dependencies\openalext\lib\android\libopenal.a(alEffect.o)
 .text.eaxreverb_GetParamf
                0x00019ae8       0x82 D:\oxygine-sound\dependencies\openalext\lib\android\libopenal.a(alEffect.o)
 .text.eaxreverb_GetParami
                0x00019b6a       0x16 D:\oxygine-sound\dependencies\openalext\lib\android\libopenal.a(alEffect.o)
 .text.eaxreverb_GetParamiv
                0x00019b80        0x4 D:\oxygine-sound\dependencies\openalext\lib\android\libopenal.a(alEffect.o)
 .text.eaxreverb_SetParamf
                0x00019b84      0x31c D:\oxygine-sound\dependencies\openalext\lib\android\libopenal.a(alEffect.o)
 .text.eaxreverb_SetParami
                0x00019ea0       0x28 D:\oxygine-sound\dependencies\openalext\lib\android\libopenal.a(alEffect.o)
 .text.eaxreverb_SetParamiv
                0x00019ec8        0x6 D:\oxygine-sound\dependencies\openalext\lib\android\libopenal.a(alEffect.o)
 .text.ded_SetParamf
                0x00019ece       0x48 D:\oxygine-sound\dependencies\openalext\lib\android\libopenal.a(alEffect.o)
 .text.ded_SetParamfv
                0x00019f16        0x6 D:\oxygine-sound\dependencies\openalext\lib\android\libopenal.a(alEffect.o)
 .text.eaxreverb_SetParamfv
                0x00019f1c       0x9c D:\oxygine-sound\dependencies\openalext\lib\android\libopenal.a(alEffect.o)
 .text.mod_SetParamf
                0x00019fb8       0x6c D:\oxygine-sound\dependencies\openalext\lib\android\libopenal.a(alEffect.o)
 .text.mod_SetParamfv
                0x0001a024        0x6 D:\oxygine-sound\dependencies\openalext\lib\android\libopenal.a(alEffect.o)
 .text.mod_SetParami
                0x0001a02a       0x3a D:\oxygine-sound\dependencies\openalext\lib\android\libopenal.a(alEffect.o)
 .text.mod_SetParamiv
                0x0001a064        0x6 D:\oxygine-sound\dependencies\openalext\lib\android\libopenal.a(alEffect.o)
 .text.eaxreverb_GetParamfv
                0x0001a06a       0x54 D:\oxygine-sound\dependencies\openalext\lib\android\libopenal.a(alEffect.o)
 .text.alDeleteEffects
                0x0001a0be       0x94 D:\oxygine-sound\dependencies\openalext\lib\android\libopenal.a(alEffect.o)
                0x0001a0be                alDeleteEffects
 .text.alIsEffect
                0x0001a152       0x36 D:\oxygine-sound\dependencies\openalext\lib\android\libopenal.a(alEffect.o)
                0x0001a152                alIsEffect
 .text.alEffecti
                0x0001a188       0x98 D:\oxygine-sound\dependencies\openalext\lib\android\libopenal.a(alEffect.o)
                0x0001a188                alEffecti
 .text.alEffectiv
                0x0001a220       0x42 D:\oxygine-sound\dependencies\openalext\lib\android\libopenal.a(alEffect.o)
                0x0001a220                alEffectiv
 .text.alEffectf
                0x0001a262       0x42 D:\oxygine-sound\dependencies\openalext\lib\android\libopenal.a(alEffect.o)
                0x0001a262                alEffectf
 .text.alEffectfv
                0x0001a2a4       0x42 D:\oxygine-sound\dependencies\openalext\lib\android\libopenal.a(alEffect.o)
                0x0001a2a4                alEffectfv
 .text.alGetEffecti
                0x0001a2e6       0x50 D:\oxygine-sound\dependencies\openalext\lib\android\libopenal.a(alEffect.o)
                0x0001a2e6                alGetEffecti
 .text.alGetEffectiv
                0x0001a336       0x42 D:\oxygine-sound\dependencies\openalext\lib\android\libopenal.a(alEffect.o)
                0x0001a336                alGetEffectiv
 .text.alGetEffectf
                0x0001a378       0x42 D:\oxygine-sound\dependencies\openalext\lib\android\libopenal.a(alEffect.o)
                0x0001a378                alGetEffectf
 .text.alGetEffectfv
                0x0001a3ba       0x42 D:\oxygine-sound\dependencies\openalext\lib\android\libopenal.a(alEffect.o)
                0x0001a3ba                alGetEffectfv
 .text.InitEffect
                0x0001a3fc        0xc D:\oxygine-sound\dependencies\openalext\lib\android\libopenal.a(alEffect.o)
                0x0001a3fc                InitEffect
 .text.alGenEffects
                0x0001a408       0xbc D:\oxygine-sound\dependencies\openalext\lib\android\libopenal.a(alEffect.o)
                0x0001a408                alGenEffects
 .text.ReleaseALEffects
                0x0001a4c4       0x36 D:\oxygine-sound\dependencies\openalext\lib\android\libopenal.a(alEffect.o)
                0x0001a4c4                ReleaseALEffects
 *fill*         0x0001a4fa        0x2 00000000
 .text.LoadReverbPreset
                0x0001a4fc      0x150 D:\oxygine-sound\dependencies\openalext\lib\android\libopenal.a(alEffect.o)
                0x0001a4fc                LoadReverbPreset
 .text.alIsExtensionPresent
                0x0001a64c       0x8c D:\oxygine-sound\dependencies\openalext\lib\android\libopenal.a(alExtension.o)
                0x0001a64c                alIsExtensionPresent
 .text.alGetProcAddress
                0x0001a6d8        0xc D:\oxygine-sound\dependencies\openalext\lib\android\libopenal.a(alExtension.o)
                0x0001a6d8                alGetProcAddress
 .text.alGetEnumValue
                0x0001a6e4       0x64 D:\oxygine-sound\dependencies\openalext\lib\android\libopenal.a(alExtension.o)
                0x0001a6e4                alGetEnumValue
 .text.null_GetParamfv
                0x0001a748        0xa D:\oxygine-sound\dependencies\openalext\lib\android\libopenal.a(alFilter.o)
 .text.null_GetParamf
                0x0001a752        0xa D:\oxygine-sound\dependencies\openalext\lib\android\libopenal.a(alFilter.o)
 .text.null_GetParamiv
                0x0001a75c        0xa D:\oxygine-sound\dependencies\openalext\lib\android\libopenal.a(alFilter.o)
 .text.null_GetParami
                0x0001a766        0xa D:\oxygine-sound\dependencies\openalext\lib\android\libopenal.a(alFilter.o)
 .text.null_SetParamfv
                0x0001a770        0xa D:\oxygine-sound\dependencies\openalext\lib\android\libopenal.a(alFilter.o)
 .text.null_SetParamf
                0x0001a77a        0xa D:\oxygine-sound\dependencies\openalext\lib\android\libopenal.a(alFilter.o)
 .text.null_SetParamiv
                0x0001a784        0xa D:\oxygine-sound\dependencies\openalext\lib\android\libopenal.a(alFilter.o)
 .text.null_SetParami
                0x0001a78e        0xa D:\oxygine-sound\dependencies\openalext\lib\android\libopenal.a(alFilter.o)
 .text.lp_GetParamf
                0x0001a798       0x1e D:\oxygine-sound\dependencies\openalext\lib\android\libopenal.a(alFilter.o)
 .text.lp_GetParamfv
                0x0001a7b6        0x4 D:\oxygine-sound\dependencies\openalext\lib\android\libopenal.a(alFilter.o)
 .text.lp_GetParamiv
                0x0001a7ba        0xa D:\oxygine-sound\dependencies\openalext\lib\android\libopenal.a(alFilter.o)
 .text.lp_GetParami
                0x0001a7c4        0xa D:\oxygine-sound\dependencies\openalext\lib\android\libopenal.a(alFilter.o)
 .text.lp_SetParamiv
                0x0001a7ce        0xa D:\oxygine-sound\dependencies\openalext\lib\android\libopenal.a(alFilter.o)
 .text.lp_SetParami
                0x0001a7d8        0xa D:\oxygine-sound\dependencies\openalext\lib\android\libopenal.a(alFilter.o)
 .text.lp_SetParamf
                0x0001a7e2       0x5e D:\oxygine-sound\dependencies\openalext\lib\android\libopenal.a(alFilter.o)
 .text.lp_SetParamfv
                0x0001a840        0x6 D:\oxygine-sound\dependencies\openalext\lib\android\libopenal.a(alFilter.o)
 .text.alDeleteFilters
                0x0001a846       0x92 D:\oxygine-sound\dependencies\openalext\lib\android\libopenal.a(alFilter.o)
                0x0001a846                alDeleteFilters
 .text.alGenFilters
                0x0001a8d8      0x114 D:\oxygine-sound\dependencies\openalext\lib\android\libopenal.a(alFilter.o)
                0x0001a8d8                alGenFilters
 .text.alIsFilter
                0x0001a9ec       0x36 D:\oxygine-sound\dependencies\openalext\lib\android\libopenal.a(alFilter.o)
                0x0001a9ec                alIsFilter
 *fill*         0x0001aa22        0x2 00000000
 .text.alFilteri
                0x0001aa24      0x108 D:\oxygine-sound\dependencies\openalext\lib\android\libopenal.a(alFilter.o)
                0x0001aa24                alFilteri
 .text.alFilteriv
                0x0001ab2c       0x52 D:\oxygine-sound\dependencies\openalext\lib\android\libopenal.a(alFilter.o)
                0x0001ab2c                alFilteriv
 .text.alFilterf
                0x0001ab7e       0x40 D:\oxygine-sound\dependencies\openalext\lib\android\libopenal.a(alFilter.o)
                0x0001ab7e                alFilterf
 .text.alFilterfv
                0x0001abbe       0x40 D:\oxygine-sound\dependencies\openalext\lib\android\libopenal.a(alFilter.o)
                0x0001abbe                alFilterfv
 .text.alGetFilteri
                0x0001abfe       0x4e D:\oxygine-sound\dependencies\openalext\lib\android\libopenal.a(alFilter.o)
                0x0001abfe                alGetFilteri
 .text.alGetFilteriv
                0x0001ac4c       0x50 D:\oxygine-sound\dependencies\openalext\lib\android\libopenal.a(alFilter.o)
                0x0001ac4c                alGetFilteriv
 .text.alGetFilterf
                0x0001ac9c       0x40 D:\oxygine-sound\dependencies\openalext\lib\android\libopenal.a(alFilter.o)
                0x0001ac9c                alGetFilterf
 .text.alGetFilterfv
                0x0001acdc       0x40 D:\oxygine-sound\dependencies\openalext\lib\android\libopenal.a(alFilter.o)
                0x0001acdc                alGetFilterfv
 .text.lpCoeffCalc
                0x0001ad1c       0x8c D:\oxygine-sound\dependencies\openalext\lib\android\libopenal.a(alFilter.o)
                0x0001ad1c                lpCoeffCalc
 .text.ReleaseALFilters
                0x0001ada8       0x38 D:\oxygine-sound\dependencies\openalext\lib\android\libopenal.a(alFilter.o)
                0x0001ada8                ReleaseALFilters
 .text.unlikely.aluNormalize
                0x0001ade0       0x60 D:\oxygine-sound\dependencies\openalext\lib\android\libopenal.a(alListener.o)
 .text.alListenerf
                0x0001ae40       0x8c D:\oxygine-sound\dependencies\openalext\lib\android\libopenal.a(alListener.o)
                0x0001ae40                alListenerf
 .text.alListener3f
                0x0001aecc       0xae D:\oxygine-sound\dependencies\openalext\lib\android\libopenal.a(alListener.o)
                0x0001aecc                alListener3f
 *fill*         0x0001af7a        0x2 00000000
 .text.alListenerfv
                0x0001af7c      0x1ac D:\oxygine-sound\dependencies\openalext\lib\android\libopenal.a(alListener.o)
                0x0001af7c                alListenerfv
 .text.alListeneri
                0x0001b128       0x1e D:\oxygine-sound\dependencies\openalext\lib\android\libopenal.a(alListener.o)
                0x0001b128                alListeneri
 .text.alListener3i
                0x0001b146       0x58 D:\oxygine-sound\dependencies\openalext\lib\android\libopenal.a(alListener.o)
                0x0001b146                alListener3i
 .text.alListeneriv
                0x0001b19e       0xbe D:\oxygine-sound\dependencies\openalext\lib\android\libopenal.a(alListener.o)
                0x0001b19e                alListeneriv
 .text.alGetListenerf
                0x0001b25c       0x4c D:\oxygine-sound\dependencies\openalext\lib\android\libopenal.a(alListener.o)
                0x0001b25c                alGetListenerf
 .text.alGetListener3f
                0x0001b2a8       0x98 D:\oxygine-sound\dependencies\openalext\lib\android\libopenal.a(alListener.o)
                0x0001b2a8                alGetListener3f
 .text.alGetListenerfv
                0x0001b340       0xa8 D:\oxygine-sound\dependencies\openalext\lib\android\libopenal.a(alListener.o)
                0x0001b340                alGetListenerfv
 .text.alGetListeneri
                0x0001b3e8       0x26 D:\oxygine-sound\dependencies\openalext\lib\android\libopenal.a(alListener.o)
                0x0001b3e8                alGetListeneri
 .text.alGetListener3i
                0x0001b40e       0xc2 D:\oxygine-sound\dependencies\openalext\lib\android\libopenal.a(alListener.o)
                0x0001b40e                alGetListener3i
 .text.alGetListeneriv
                0x0001b4d0       0xb4 D:\oxygine-sound\dependencies\openalext\lib\android\libopenal.a(alListener.o)
                0x0001b4d0                alGetListeneriv
 .text.alEnable
                0x0001b584       0x32 D:\oxygine-sound\dependencies\openalext\lib\android\libopenal.a(alState.o)
                0x0001b584                alEnable
 .text.alDisable
                0x0001b5b6       0x34 D:\oxygine-sound\dependencies\openalext\lib\android\libopenal.a(alState.o)
                0x0001b5b6                alDisable
 .text.alIsEnabled
                0x0001b5ea       0x30 D:\oxygine-sound\dependencies\openalext\lib\android\libopenal.a(alState.o)
                0x0001b5ea                alIsEnabled
 .text.alGetBoolean
                0x0001b61a       0x8a D:\oxygine-sound\dependencies\openalext\lib\android\libopenal.a(alState.o)
                0x0001b61a                alGetBoolean
 *fill*         0x0001b6a4        0x4 00000000
 .text.alGetDouble
                0x0001b6a8       0x98 D:\oxygine-sound\dependencies\openalext\lib\android\libopenal.a(alState.o)
                0x0001b6a8                alGetDouble
 .text.alGetFloat
                0x0001b740       0x90 D:\oxygine-sound\dependencies\openalext\lib\android\libopenal.a(alState.o)
                0x0001b740                alGetFloat
 .text.alGetInteger
                0x0001b7d0       0x76 D:\oxygine-sound\dependencies\openalext\lib\android\libopenal.a(alState.o)
                0x0001b7d0                alGetInteger
 .text.alGetBooleanv
                0x0001b846       0x44 D:\oxygine-sound\dependencies\openalext\lib\android\libopenal.a(alState.o)
                0x0001b846                alGetBooleanv
 .text.alGetDoublev
                0x0001b88a       0x46 D:\oxygine-sound\dependencies\openalext\lib\android\libopenal.a(alState.o)
                0x0001b88a                alGetDoublev
 .text.alGetFloatv
                0x0001b8d0       0x44 D:\oxygine-sound\dependencies\openalext\lib\android\libopenal.a(alState.o)
                0x0001b8d0                alGetFloatv
 .text.alGetIntegerv
                0x0001b914       0x44 D:\oxygine-sound\dependencies\openalext\lib\android\libopenal.a(alState.o)
                0x0001b914                alGetIntegerv
 .text.alGetString
                0x0001b958       0xf0 D:\oxygine-sound\dependencies\openalext\lib\android\libopenal.a(alState.o)
                0x0001b958                alGetString
 .text.alDopplerFactor
                0x0001ba48       0x50 D:\oxygine-sound\dependencies\openalext\lib\android\libopenal.a(alState.o)
                0x0001ba48                alDopplerFactor
 .text.alDopplerVelocity
                0x0001ba98       0x50 D:\oxygine-sound\dependencies\openalext\lib\android\libopenal.a(alState.o)
                0x0001ba98                alDopplerVelocity
 .text.alSpeedOfSound
                0x0001bae8       0x50 D:\oxygine-sound\dependencies\openalext\lib\android\libopenal.a(alState.o)
                0x0001bae8                alSpeedOfSound
 .text.alDistanceModel
                0x0001bb38       0x3e D:\oxygine-sound\dependencies\openalext\lib\android\libopenal.a(alState.o)
                0x0001bb38                alDistanceModel
 .text.alDeferUpdatesSOFT
                0x0001bb76       0xf6 D:\oxygine-sound\dependencies\openalext\lib\android\libopenal.a(alState.o)
                0x0001bb76                alDeferUpdatesSOFT
 .text.alProcessUpdatesSOFT
                0x0001bc6c       0xba D:\oxygine-sound\dependencies\openalext\lib\android\libopenal.a(alState.o)
                0x0001bc6c                alProcessUpdatesSOFT
 .text.DedicatedDeviceUpdate
                0x0001bd26        0x4 D:\oxygine-sound\dependencies\openalext\lib\android\libopenal.a(alcDedicated.o)
 .text.DedicatedProcess
                0x0001bd2a       0x2c D:\oxygine-sound\dependencies\openalext\lib\android\libopenal.a(alcDedicated.o)
 .text.DedicatedUpdate
                0x0001bd56       0x6c D:\oxygine-sound\dependencies\openalext\lib\android\libopenal.a(alcDedicated.o)
 .text.DedicatedDestroy
                0x0001bdc2        0x4 D:\oxygine-sound\dependencies\openalext\lib\android\libopenal.a(alcDedicated.o)
 *fill*         0x0001bdc6        0x2 00000000
 .text.DedicatedCreate
                0x0001bdc8       0x44 D:\oxygine-sound\dependencies\openalext\lib\android\libopenal.a(alcDedicated.o)
                0x0001bdc8                DedicatedCreate
 .text.EchoProcess
                0x0001be0c       0xd0 D:\oxygine-sound\dependencies\openalext\lib\android\libopenal.a(alcEcho.o)
 .text.EchoUpdate
                0x0001bedc      0x190 D:\oxygine-sound\dependencies\openalext\lib\android\libopenal.a(alcEcho.o)
 .text.EchoDeviceUpdate
                0x0001c06c       0x78 D:\oxygine-sound\dependencies\openalext\lib\android\libopenal.a(alcEcho.o)
 .text.EchoDestroy
                0x0001c0e4       0x1c D:\oxygine-sound\dependencies\openalext\lib\android\libopenal.a(alcEcho.o)
 .text.EchoCreate
                0x0001c100       0x48 D:\oxygine-sound\dependencies\openalext\lib\android\libopenal.a(alcEcho.o)
                0x0001c100                EchoCreate
 .text.ModulatorDeviceUpdate
                0x0001c148        0x4 D:\oxygine-sound\dependencies\openalext\lib\android\libopenal.a(alcModulator.o)
 .text.ModulatorProcess
                0x0001c14c      0x198 D:\oxygine-sound\dependencies\openalext\lib\android\libopenal.a(alcModulator.o)
 .text.ModulatorUpdate
                0x0001c2e4      0x104 D:\oxygine-sound\dependencies\openalext\lib\android\libopenal.a(alcModulator.o)
 .text.ModulatorDestroy
                0x0001c3e8        0x4 D:\oxygine-sound\dependencies\openalext\lib\android\libopenal.a(alcModulator.o)
 .text.ModulatorCreate
                0x0001c3ec       0x44 D:\oxygine-sound\dependencies\openalext\lib\android\libopenal.a(alcModulator.o)
                0x0001c3ec                ModulatorCreate
 .text.StarterFunc
                0x0001c430       0x10 D:\oxygine-sound\dependencies\openalext\lib\android\libopenal.a(alcThread.o)
 .text.StartThread
                0x0001c440       0x38 D:\oxygine-sound\dependencies\openalext\lib\android\libopenal.a(alcThread.o)
                0x0001c440                StartThread
 .text.StopThread
                0x0001c478       0x18 D:\oxygine-sound\dependencies\openalext\lib\android\libopenal.a(alcThread.o)
                0x0001c478                StopThread
 .text          0x0001c490       0xc4 d:/android/android-ndk-r8e/toolchains/arm-linux-androideabi-4.4.3/prebuilt/windows/bin/../lib/gcc/arm-linux-androideabi/4.4.3\libgcc.a(_udivsi3.o)
                0x0001c490                __udivsi3
                0x0001c490                __aeabi_uidiv
                0x0001c53c                __aeabi_uidivmod
 .text          0x0001c554       0xf4 d:/android/android-ndk-r8e/toolchains/arm-linux-androideabi-4.4.3/prebuilt/windows/bin/../lib/gcc/arm-linux-androideabi/4.4.3\libgcc.a(_divsi3.o)
                0x0001c554                __aeabi_idiv
                0x0001c554                __divsi3
                0x0001c630                __aeabi_idivmod
 .text          0x0001c648       0x1c d:/android/android-ndk-r8e/toolchains/arm-linux-androideabi-4.4.3/prebuilt/windows/bin/../lib/gcc/arm-linux-androideabi/4.4.3\libgcc.a(_aeabi_ldivmod.o)
                0x0001c648                __aeabi_ldivmod
 .text          0x0001c664       0x1c d:/android/android-ndk-r8e/toolchains/arm-linux-androideabi-4.4.3/prebuilt/windows/bin/../lib/gcc/arm-linux-androideabi/4.4.3\libgcc.a(_aeabi_uldivmod.o)
                0x0001c664                __aeabi_uldivmod
 .text          0x0001c680       0x10 d:/android/android-ndk-r8e/toolchains/arm-linux-androideabi-4.4.3/prebuilt/windows/bin/../lib/gcc/arm-linux-androideabi/4.4.3\libgcc.a(_dvmd_lnx.o)
                0x0001c680                __div0
 .text          0x0001c690       0x88 d:/android/android-ndk-r8e/toolchains/arm-linux-androideabi-4.4.3/prebuilt/windows/bin/../lib/gcc/arm-linux-androideabi/4.4.3\libgcc.a(bpabi.o)
                0x0001c690                __gnu_uldivmod_helper
                0x0001c6d4                __gnu_ldivmod_helper
 .text          0x0001c718      0xec4 d:/android/android-ndk-r8e/toolchains/arm-linux-androideabi-4.4.3/prebuilt/windows/bin/../lib/gcc/arm-linux-androideabi/4.4.3\libgcc.a(unwind-arm.o)
                0x0001d140                __gnu_Unwind_RaiseException
                0x0001cc98                __aeabi_unwind_cpp_pr0
                0x0001c7c8                _Unwind_GetCFA
                0x0001c764                _Unwind_VRS_Set
                0x0001cedc                __gnu_Unwind_Backtrace
                0x0001d270                _Unwind_VRS_Pop
                0x0001cc88                __aeabi_unwind_cpp_pr2
                0x0001c7d4                _Unwind_DeleteException
                0x0001c7d0                _Unwind_Complete
                0x0001d204                __gnu_Unwind_Resume
                0x0001d0cc                __gnu_Unwind_ForcedUnwind
                0x0001d1e4                __gnu_Unwind_Resume_or_Rethrow
                0x0001c718                _Unwind_VRS_Get
                0x0001cc90                __aeabi_unwind_cpp_pr1
 .text          0x0001d5dc      0x1a8 d:/android/android-ndk-r8e/toolchains/arm-linux-androideabi-4.4.3/prebuilt/windows/bin/../lib/gcc/arm-linux-androideabi/4.4.3\libgcc.a(libunwind.o)
                0x0001d73c                ___Unwind_ForcedUnwind
                0x0001d5f8                __gnu_Unwind_Save_VFP
                0x0001d718                _Unwind_Resume_or_Rethrow
                0x0001d718                ___Unwind_Resume_or_Rethrow
                0x0001d760                _Unwind_Backtrace
                0x0001d5dc                __restore_core_regs
                0x0001d618                __gnu_Unwind_Save_VFP_D_16_to_31
                0x0001d608                __gnu_Unwind_Save_VFP_D
                0x0001d760                ___Unwind_Backtrace
                0x0001d6d0                ___Unwind_RaiseException
                0x0001d6f4                ___Unwind_Resume
                0x0001d620                __gnu_Unwind_Restore_WMMXD
                0x0001d5f0                __gnu_Unwind_Restore_VFP
                0x0001d6f4                _Unwind_Resume
                0x0001d600                __gnu_Unwind_Restore_VFP_D
                0x0001d610                __gnu_Unwind_Restore_VFP_D_16_to_31
                0x0001d6d0                _Unwind_RaiseException
                0x0001d5dc                restore_core_regs
                0x0001d6bc                __gnu_Unwind_Save_WMMXC
                0x0001d6a8                __gnu_Unwind_Restore_WMMXC
                0x0001d73c                _Unwind_ForcedUnwind
                0x0001d664                __gnu_Unwind_Save_WMMXD
 .text          0x0001d784      0x484 d:/android/android-ndk-r8e/toolchains/arm-linux-androideabi-4.4.3/prebuilt/windows/bin/../lib/gcc/arm-linux-androideabi/4.4.3\libgcc.a(pr-support.o)
                0x0001d824                _Unwind_GetRegionStart
                0x0001d850                __gnu_unwind_execute
                0x0001d7dc                _Unwind_GetTextRelBase
                0x0001d7ec                _Unwind_GetLanguageSpecificData
                0x0001dbc8                __gnu_unwind_frame
                0x0001d7e4                _Unwind_GetDataRelBase
 .text          0x0001dc08      0x47c d:/android/android-ndk-r8e/toolchains/arm-linux-androideabi-4.4.3/prebuilt/windows/bin/../lib/gcc/arm-linux-androideabi/4.4.3\libgcc.a(_divdi3.o)
                0x0001dc08                __divdi3
 .text          0x0001e084      0x40c d:/android/android-ndk-r8e/toolchains/arm-linux-androideabi-4.4.3/prebuilt/windows/bin/../lib/gcc/arm-linux-androideabi/4.4.3\libgcc.a(_udivdi3.o)
                0x0001e084                __udivdi3
 .text.stub     0x0001e490      0x170 linker stubs
 *(.gnu.warning)
 *(.glue_7t)
 .glue_7t       0x00000000        0x0 linker stubs
 *(.glue_7)
 .glue_7        0x00000000        0x0 linker stubs
 *(.vfp11_veneer)
 .vfp11_veneer  0x00000000        0x0 linker stubs
 *(.v4_bx)
 .v4_bx         0x00000000        0x0 linker stubs

.fini
 *(.fini)
                0x0001e600                PROVIDE (__etext, .)
                0x0001e600                PROVIDE (_etext, .)
                0x0001e600                PROVIDE (etext, .)

.rodata         0x0001e600    0x151c3
 *(.rodata .rodata.* .gnu.linkonce.r.*)
 .rodata        0x0001e600        0xc debug\openalext_register.os
 .rodata        0x0001e60c      0xa80 D:\oxygine-sound\dependencies\openalext\lib\android\libopenal.a(alBuffer.o)