Archive member included because of file (symbol)

D:\oxygine-sound\dependencies\openalext\lib\android\libopenal.a(alBuffer.o)
                              debug\openalext_platform.os (alDeleteBuffers)
D:\oxygine-sound\dependencies\openalext\lib\android\libopenal.a(alError.o)
                              debug\openalext_platform.os (alGetError)
D:\oxygine-sound\dependencies\openalext\lib\android\libopenal.a(alSource.o)
                              debug\openalext_platform.os (alDeleteSources)
D:\oxygine-sound\dependencies\openalext\lib\android\libopenal.a(alThunk.o)
                              D:\oxygine-sound\dependencies\openalext\lib\android\libopenal.a(alBuffer.o) (NewThunkEntry)
D:\oxygine-sound\dependencies\openalext\lib\android\libopenal.a(ALc.o)
                              debug\openalext_platform.os (alcSuspendContext)
D:\oxygine-sound\dependencies\openalext\lib\android\libopenal.a(alcConfig.o)
                              D:\oxygine-sound\dependencies\openalext\lib\android\libopenal.a(ALc.o) (ReadALConfig)
D:\oxygine-sound\dependencies\openalext\lib\android\libopenal.a(alcReverb.o)
                              D:\oxygine-sound\dependencies\openalext\lib\android\libopenal.a(ALc.o) (EmulateEAXReverb)
D:\oxygine-sound\dependencies\openalext\lib\android\libopenal.a(ALu.o)
                              D:\oxygine-sound\dependencies\openalext\lib\android\libopenal.a(alSource.o) (CalcNonAttnSourceParams)
D:\oxygine-sound\dependencies\openalext\lib\android\libopenal.a(bs2b.o)
                              D:\oxygine-sound\dependencies\openalext\lib\android\libopenal.a(ALc.o) (bs2b_set_level)
D:\oxygine-sound\dependencies\openalext\lib\android\libopenal.a(helpers.o)
                              D:\oxygine-sound\dependencies\openalext\lib\android\libopenal.a(ALc.o) (InitializeCriticalSection)
D:\oxygine-sound\dependencies\openalext\lib\android\libopenal.a(hrtf.o)
                              D:\oxygine-sound\dependencies\openalext\lib\android\libopenal.a(ALu.o) (CalcHrtfDelta)
D:\oxygine-sound\dependencies\openalext\lib\android\libopenal.a(mixer.o)
                              D:\oxygine-sound\dependencies\openalext\lib\android\libopenal.a(ALu.o) (SelectMixer)
D:\oxygine-sound\dependencies\openalext\lib\android\libopenal.a(panning.o)
                              D:\oxygine-sound\dependencies\openalext\lib\android\libopenal.a(alcReverb.o) (aluCart2LUTpos)
D:\oxygine-sound\dependencies\openalext\lib\android\libopenal.a(opensl.o)
                              D:\oxygine-sound\dependencies\openalext\lib\android\libopenal.a(ALc.o) (alc_opensl_init)
D:\oxygine-sound\dependencies\openalext\lib\android\libopenal.a(null.o)
                              D:\oxygine-sound\dependencies\openalext\lib\android\libopenal.a(ALc.o) (alc_null_init)
D:\oxygine-sound\dependencies\openalext\lib\android\libopenal.a(loopback.o)
                              D:\oxygine-sound\dependencies\openalext\lib\android\libopenal.a(ALc.o) (alc_loopback_init)
D:\oxygine-sound\dependencies\openalext\lib\android\libopenal.a(alAuxEffectSlot.o)
                              D:\oxygine-sound\dependencies\openalext\lib\android\libopenal.a(ALc.o) (alDeleteAuxiliaryEffectSlots)
D:\oxygine-sound\dependencies\openalext\lib\android\libopenal.a(alEffect.o)
                              D:\oxygine-sound\dependencies\openalext\lib\android\libopenal.a(ALc.o) (alDeleteEffects)
D:\oxygine-sound\dependencies\openalext\lib\android\libopenal.a(alExtension.o)
                              D:\oxygine-sound\dependencies\openalext\lib\android\libopenal.a(ALc.o) (alIsExtensionPresent)
D:\oxygine-sound\dependencies\openalext\lib\android\libopenal.a(alFilter.o)
                              D:\oxygine-sound\dependencies\openalext\lib\android\libopenal.a(ALc.o) (alDeleteFilters)
D:\oxygine-sound\dependencies\openalext\lib\android\libopenal.a(alListener.o)
                              D:\oxygine-sound\dependencies\openalext\lib\android\libopenal.a(ALc.o) (alListenerf)
D:\oxygine-sound\dependencies\openalext\lib\android\libopenal.a(alState.o)
                              D:\oxygine-sound\dependencies\openalext\lib\android\libopenal.a(ALc.o) (alEnable)
D:\oxygine-sound\dependencies\openalext\lib\android\libopenal.a(alcDedicated.o)
                              D:\oxygine-sound\dependencies\openalext\lib\android\libopenal.a(alAuxEffectSlot.o) (DedicatedCreate)
D:\oxygine-sound\dependencies\openalext\lib\android\libopenal.a(alcEcho.o)
                              D:\oxygine-sound\dependencies\openalext\lib\android\libopenal.a(alAuxEffectSlot.o) (EchoCreate)
D:\oxygine-sound\dependencies\openalext\lib\android\libopenal.a(alcModulator.o)
                              D:\oxygine-sound\dependencies\openalext\lib\android\libopenal.a(alAuxEffectSlot.o) (ModulatorCreate)
D:\oxygine-sound\dependencies\openalext\lib\android\libopenal.a(alcThread.o)
                              D:\oxygine-sound\dependencies\openalext\lib\android\libopenal.a(null.o) (StartThread)
[...]
Memory Configuration

Name             Origin             Length             Attributes
*default*        0x00000000         0xffffffff

Linker script and memory map

LOAD d:/android/android-ndk-r8e/platforms/android-9/arch-arm/usr/lib/crtbegin_so.o
LOAD debug\openalext_platform.os
LOAD debug\openalext.os
LOAD debug\openalext_register.os
LOAD D:\oxygine-sound\dependencies\openalext\lib\android\libopenal.a
LOAD D:\android\android-ndk-r8e\platforms\android-9\arch-arm\usr\lib/libOpenSLES.so
LOAD D:\marmalade\7.1\s3e\edk\lib\android\libedk.a
LOAD D:\marmalade\7.1\s3e\edk\lib\android/libplaceholderplaceholderplaceholderplaceholderplaceholder.so
LOAD D:\android\android-ndk-r8e\platforms\android-9\arch-arm\usr\lib/liblog.so
LOAD D:\android\android-ndk-r8e\sources\cxx-stl\gnu-libstdc++\4.4.3\libs\armeabi\libgnustl_static.a
LOAD d:/android/android-ndk-r8e/toolchains/arm-linux-androideabi-4.4.3/prebuilt/windows/bin/../lib/gcc/arm-linux-androideabi/4.4.3\libgcc.a
LOAD D:\android\android-ndk-r8e\platforms\android-9\arch-arm\usr\lib/libstdc++.so
LOAD D:\android\android-ndk-r8e\platforms\android-9\arch-arm\usr\lib/libm.so
LOAD D:\android\android-ndk-r8e\platforms\android-9\arch-arm\usr\lib/libc.so
LOAD d:/android/android-ndk-r8e/toolchains/arm-linux-androideabi-4.4.3/prebuilt/windows/bin/../lib/gcc/arm-linux-androideabi/4.4.3\libgcc.a
LOAD D:\android\android-ndk-r8e\platforms\android-9\arch-arm\usr\lib/libc.so
LOAD D:\android\android-ndk-r8e\platforms\android-9\arch-arm\usr\lib/libdl.so
LOAD d:/android/android-ndk-r8e/toolchains/arm-linux-androideabi-4.4.3/prebuilt/windows/bin/../lib/gcc/arm-linux-androideabi/4.4.3\libgcc.a
LOAD d:/android/android-ndk-r8e/platforms/android-9/arch-arm/usr/lib/crtend_so.o
                0x000000f4                . = (0x0 + SIZEOF_HEADERS)

.note.gnu.build-id
 *(.note.gnu.build-id)

.hash           0x000000f4      0xa7c
 *(.hash)
 .hash          0x000000f4      0xa7c d:/android/android-ndk-r8e/platforms/android-9/arch-arm/usr/lib/crtbegin_so.o

.gnu.hash
 *(.gnu.hash)

.dynsym         0x00000b70     0x1960
 *(.dynsym)
 .dynsym        0x00000b70     0x1960 d:/android/android-ndk-r8e/platforms/android-9/arch-arm/usr/lib/crtbegin_so.o

.dynstr         0x000024d0     0x17be
 *(.dynstr)
 .dynstr        0x000024d0     0x17be d:/android/android-ndk-r8e/platforms/android-9/arch-arm/usr/lib/crtbegin_so.o

.gnu.version    0x00003c8e        0x0
 *(.gnu.version)
 .gnu.version   0x00000000        0x0 d:/android/android-ndk-r8e/platforms/android-9/arch-arm/usr/lib/crtbegin_so.o

.gnu.version_d  0x00003c90        0x0 load address 0x00003c8e
 *(.gnu.version_d)
 .gnu.version_d
                0x00000000        0x0 d:/android/android-ndk-r8e/platforms/android-9/arch-arm/usr/lib/crtbegin_so.o

.gnu.version_r  0x00003c90        0x0 load address 0x00003c8e
 *(.gnu.version_r)
 .gnu.version_r
                0x00000000        0x0 d:/android/android-ndk-r8e/platforms/android-9/arch-arm/usr/lib/crtbegin_so.o

.rel.dyn        0x00003c90     0x13b8
 *(.rel.init)
 *(.rel.text .rel.text.* .rel.gnu.linkonce.t.*)
 *(.rel.fini)
 *(.rel.rodata .rel.rodata.* .rel.gnu.linkonce.r.*)
 *(.rel.data.rel.ro* .rel.gnu.linkonce.d.rel.ro.*)
 .rel.data.rel.ro
                0x00003c90      0x8a0 d:/android/android-ndk-r8e/platforms/android-9/arch-arm/usr/lib/crtbegin_so.o
 .rel.data.rel.ro.local
                0x00004530      0x8f0 d:/android/android-ndk-r8e/platforms/android-9/arch-arm/usr/lib/crtbegin_so.o
 *(.rel.data .rel.data.* .rel.gnu.linkonce.d.*)
 .rel.data.rel  0x00004e20       0x60 d:/android/android-ndk-r8e/platforms/android-9/arch-arm/usr/lib/crtbegin_so.o
 *(.rel.tdata .rel.tdata.* .rel.gnu.linkonce.td.*)
 *(.rel.tbss .rel.tbss.* .rel.gnu.linkonce.tb.*)
 *(.rel.ctors)
 *(.rel.dtors)
 *(.rel.got)
 .rel.got       0x00004e80      0x1b0 d:/android/android-ndk-r8e/platforms/android-9/arch-arm/usr/lib/crtbegin_so.o
 *(.rel.bss .rel.bss.* .rel.gnu.linkonce.b.*)
 .rel.fini_array
                0x00005030       0x10 d:/android/android-ndk-r8e/platforms/android-9/arch-arm/usr/lib/crtbegin_so.o
 .rel.init_array
                0x00005040        0x8 d:/android/android-ndk-r8e/platforms/android-9/arch-arm/usr/lib/crtbegin_so.o

.rela.dyn
 *(.rela.init)
 *(.rela.text .rela.text.* .rela.gnu.linkonce.t.*)
 *(.rela.fini)
 *(.rela.rodata .rela.rodata.* .rela.gnu.linkonce.r.*)
 *(.rela.data .rela.data.* .rela.gnu.linkonce.d.*)
 *(.rela.tdata .rela.tdata.* .rela.gnu.linkonce.td.*)
 *(.rela.tbss .rela.tbss.* .rela.gnu.linkonce.tb.*)
 *(.rela.ctors)
 *(.rela.dtors)
 *(.rela.got)
 *(.rela.bss .rela.bss.* .rela.gnu.linkonce.b.*)

.rel.plt        0x00005048      0x260
 *(.rel.plt)
 .rel.plt       0x00005048      0x260 d:/android/android-ndk-r8e/platforms/android-9/arch-arm/usr/lib/crtbegin_so.o

.rela.plt
 *(.rela.plt)

.init
 *(.init)

.plt            0x000052a8      0x3c8
 *(.plt)
 .plt           0x000052a8      0x3c8 d:/android/android-ndk-r8e/platforms/android-9/arch-arm/usr/lib/crtbegin_so.o

.text           0x00005670    0x18ac8
 *(.text .stub .text.* .gnu.linkonce.t.*)
 .text.exit     0x00005670       0x10 d:/android/android-ndk-r8e/platforms/android-9/arch-arm/usr/lib/crtbegin_so.o
                0x00005670                __on_dlclose
 .text._Z22openalextInit_platformv
                0x00005680        0xc debug\openalext_platform.os
                0x00005680                openalextInit_platform()
 .text._Z27openalextTerminate_platformv
                0x0000568c        0x4 debug\openalext_platform.os
                0x0000568c                openalextTerminate_platform()
 .text._Z20_alGetError_platformv
                0x00005690       0x14 debug\openalext_platform.os
                0x00005690                _alGetError_platform()
 .text._Z30_alSourceQueueBuffers_platformjiPKj
                0x000056a4       0x2c debug\openalext_platform.os
                0x000056a4                _alSourceQueueBuffers_platform(unsigned int, int, unsigned int const*)
 .text._Z32_alSourceUnqueueBuffers_platformjiPj
                0x000056d0       0x2c debug\openalext_platform.os
                0x000056d0                _alSourceUnqueueBuffers_platform(unsigned int, int, unsigned int*)
 .text._Z22_alGetSourcei_platformjjPi
                0x000056fc       0x30 debug\openalext_platform.os
                0x000056fc                _alGetSourcei_platform(unsigned int, unsigned int, int*)
 .text._Z22_alGetSourcef_platformjjPf
                0x0000572c       0x30 debug\openalext_platform.os
                0x0000572c                _alGetSourcef_platform(unsigned int, unsigned int, float*)
 .text._Z19_alSourcef_platformjjf
                0x0000575c       0x30 debug\openalext_platform.os
                0x0000575c                _alSourcef_platform(unsigned int, unsigned int, float)
 .text._Z19_alSourcei_platformjji
                0x0000578c       0x30 debug\openalext_platform.os
                0x0000578c                _alSourcei_platform(unsigned int, unsigned int, int)
 .text._Z22_alSourcePlay_platformj
                0x000057bc       0x1c debug\openalext_platform.os
                0x000057bc                _alSourcePlay_platform(unsigned int)
 .text._Z22_alSourceStop_platformj
                0x000057d8       0x1c debug\openalext_platform.os
                0x000057d8                _alSourceStop_platform(unsigned int)
 .text._Z23_alSourcePause_platformj
                0x000057f4       0x1c debug\openalext_platform.os
                0x000057f4                _alSourcePause_platform(unsigned int)
 .text._Z22_alGenSources_platformiPj
                0x00005810       0x24 debug\openalext_platform.os
                0x00005810                _alGenSources_platform(int, unsigned int*)
 .text._Z25_alDeleteSources_platformiPKj
                0x00005834       0x24 debug\openalext_platform.os
                0x00005834                _alDeleteSources_platform(int, unsigned int const*)
 .text._Z22_alGenBuffers_platformiPj
                0x00005858       0x24 debug\openalext_platform.os
                0x00005858                _alGenBuffers_platform(int, unsigned int*)
 .text._Z25_alDeleteBuffers_platformiPKj
                0x0000587c       0x24 debug\openalext_platform.os
                0x0000587c                _alDeleteBuffers_platform(int, unsigned int const*)
 .text._Z22_alBufferData_platformjjPKvii
                0x000058a0       0x40 debug\openalext_platform.os
                0x000058a0                _alBufferData_platform(unsigned int, unsigned int, void const*, int, int)
 .text._Z23_alcOpenDevice_platformPKc
                0x000058e0       0x24 debug\openalext_platform.os
                0x000058e0                _alcOpenDevice_platform(char const*)
 .text._Z24_alcCloseDevice_platformP10_ALCdevice
                0x00005904       0x20 debug\openalext_platform.os
                0x00005904                _alcCloseDevice_platform(_ALCdevice*)
 .text._Z26_alcCreateContext_platformP10_ALCdevicePKi
                0x00005924       0x30 debug\openalext_platform.os
                0x00005924                _alcCreateContext_platform(_ALCdevice*, int const*)
 .text._Z31_alcMakeContextCurrent_platformP11_ALCcontext
                0x00005954       0x38 debug\openalext_platform.os
                0x00005954                _alcMakeContextCurrent_platform(_ALCcontext*)
 .text._Z27_alcProcessContext_platformP11_ALCcontext
                0x0000598c       0x20 debug\openalext_platform.os
                0x0000598c                _alcProcessContext_platform(_ALCcontext*)
 .text._Z27_alcSuspendContext_platformP11_ALCcontext
                0x000059ac       0x20 debug\openalext_platform.os
                0x000059ac                _alcSuspendContext_platform(_ALCcontext*)
 .text._Z27_alcDestroyContext_platformP11_ALCcontext
                0x000059cc       0x20 debug\openalext_platform.os
                0x000059cc                _alcDestroyContext_platform(_ALCcontext*)
 .text._Z30_alcGetCurrentContext_platformv
                0x000059ec       0x14 debug\openalext_platform.os
                0x000059ec                _alcGetCurrentContext_platform()
 .text._Z13openalextInitv
                0x00005a00       0x14 debug\openalext.os
                0x00005a00                openalextInit()
 .text._Z18openalextTerminatev
                0x00005a14        0xc debug\openalext.os
                0x00005a14                openalextTerminate()
 .text._alGetError
                0x00005a20       0x14 debug\openalext.os
                0x00005a20                _alGetError
 .text._alSourceQueueBuffers
                0x00005a34       0x2c debug\openalext.os
                0x00005a34                _alSourceQueueBuffers
 .text._alSourceUnqueueBuffers
                0x00005a60       0x2c debug\openalext.os
                0x00005a60                _alSourceUnqueueBuffers
 .text._alGetSourcei
                0x00005a8c       0x2c debug\openalext.os
                0x00005a8c                _alGetSourcei
 .text._alGetSourcef
                0x00005ab8       0x2c debug\openalext.os
                0x00005ab8                _alGetSourcef
 .text._alSourcef
                0x00005ae4       0x2c debug\openalext.os
                0x00005ae4                _alSourcef
 .text._alSourcei
                0x00005b10       0x2c debug\openalext.os
                0x00005b10                _alSourcei
 .text._alSourcePlay
                0x00005b3c       0x1c debug\openalext.os
                0x00005b3c                _alSourcePlay
 .text._alSourceStop
                0x00005b58       0x1c debug\openalext.os
                0x00005b58                _alSourceStop
 .text._alSourcePause
                0x00005b74       0x1c debug\openalext.os
                0x00005b74                _alSourcePause
 .text._alGenSources
                0x00005b90       0x24 debug\openalext.os
                0x00005b90                _alGenSources
 .text._alDeleteSources
                0x00005bb4       0x24 debug\openalext.os
                0x00005bb4                _alDeleteSources
 .text._alGenBuffers
                0x00005bd8       0x24 debug\openalext.os
                0x00005bd8                _alGenBuffers
 .text._alDeleteBuffers
                0x00005bfc       0x24 debug\openalext.os
                0x00005bfc                _alDeleteBuffers
 .text._alBufferData
                0x00005c20       0x3c debug\openalext.os
                0x00005c20                _alBufferData
 .text._alcOpenDevice
                0x00005c5c       0x24 debug\openalext.os
                0x00005c5c                _alcOpenDevice
 .text._alcCloseDevice
                0x00005c80       0x1c debug\openalext.os
                0x00005c80                _alcCloseDevice
 .text._alcCreateContext
                0x00005c9c       0x2c debug\openalext.os
                0x00005c9c                _alcCreateContext
 .text._alcMakeContextCurrent
                0x00005cc8       0x34 debug\openalext.os
                0x00005cc8                _alcMakeContextCurrent
 .text._alcProcessContext
                0x00005cfc       0x1c debug\openalext.os
                0x00005cfc                _alcProcessContext
 .text._alcSuspendContext
                0x00005d18       0x1c debug\openalext.os
                0x00005d18                _alcSuspendContext
 .text._alcDestroyContext
                0x00005d34       0x1c debug\openalext.os
                0x00005d34                _alcDestroyContext
 .text._alcGetCurrentContext
                0x00005d50       0x14 debug\openalext.os
                0x00005d50                _alcGetCurrentContext
 .text._Z20openalextRegisterExtv
                0x00005d64      0x1f4 debug\openalext_register.os
                0x00005d64                openalextRegisterExt()
 .text.RegisterExt
                0x00005f58        0xc debug\openalext_register.os
                0x00005f58                RegisterExt
 .text.EncodeMuLaw
                0x00005f64       0x4c D:\oxygine-sound\dependencies\openalext\lib\android\libopenal.a(alBuffer.o)
 .text.EncodeALaw
                0x00005fb0       0x58 D:\oxygine-sound\dependencies\openalext\lib\android\libopenal.a(alBuffer.o)
 .text.DecodeIMA4Block
                0x00006008      0x184 D:\oxygine-sound\dependencies\openalext\lib\android\libopenal.a(alBuffer.o)
 .text.EncodeIMA4Block
                0x0000618c      0x208 D:\oxygine-sound\dependencies\openalext\lib\android\libopenal.a(alBuffer.o)
 .text.DecodeByte3
                0x00006394       0x34 D:\oxygine-sound\dependencies\openalext\lib\android\libopenal.a(alBuffer.o)
 .text.DecodeUByte3
                0x000063c8       0x30 D:\oxygine-sound\dependencies\openalext\lib\android\libopenal.a(alBuffer.o)
 .text.Convert_ALbyte_ALima4
                0x000063f8       0x70 D:\oxygine-sound\dependencies\openalext\lib\android\libopenal.a(alBuffer.o)
 .text.Convert_ALubyte_ALima4
                0x00006468       0x72 D:\oxygine-sound\dependencies\openalext\lib\android\libopenal.a(alBuffer.o)
 .text.Convert_ALshort_ALima4
                0x000064da       0x6c D:\oxygine-sound\dependencies\openalext\lib\android\libopenal.a(alBuffer.o)
 .text.Convert_ALushort_ALima4
                0x00006546       0x70 D:\oxygine-sound\dependencies\openalext\lib\android\libopenal.a(alBuffer.o)
 .text.Convert_ALint_ALima4
                0x000065b6       0x7c D:\oxygine-sound\dependencies\openalext\lib\android\libopenal.a(alBuffer.o)
 .text.Convert_ALuint_ALima4
                0x00006632       0x80 D:\oxygine-sound\dependencies\openalext\lib\android\libopenal.a(alBuffer.o)
 *fill*         0x000066b2        0x2 00000000
 .text.Convert_ALfloat_ALima4
                0x000066b4       0x94 D:\oxygine-sound\dependencies\openalext\lib\android\libopenal.a(alBuffer.o)
 .text.Convert_ALdouble_ALima4
                0x00006748       0x98 D:\oxygine-sound\dependencies\openalext\lib\android\libopenal.a(alBuffer.o)
 .text.Convert_ALmulaw_ALima4
                0x000067e0       0x82 D:\oxygine-sound\dependencies\openalext\lib\android\libopenal.a(alBuffer.o)
 .text.Convert_ALalaw_ALima4
                0x00006862       0x82 D:\oxygine-sound\dependencies\openalext\lib\android\libopenal.a(alBuffer.o)
 .text.Convert_ALima4_ALbyte
                0x000068e4       0x76 D:\oxygine-sound\dependencies\openalext\lib\android\libopenal.a(alBuffer.o)
 .text.Convert_ALima4_ALubyte
                0x0000695a       0x78 D:\oxygine-sound\dependencies\openalext\lib\android\libopenal.a(alBuffer.o)
 .text.Convert_ALima4_ALshort
                0x000069d2       0x74 D:\oxygine-sound\dependencies\openalext\lib\android\libopenal.a(alBuffer.o)
 .text.Convert_ALima4_ALushort
                0x00006a46       0x78 D:\oxygine-sound\dependencies\openalext\lib\android\libopenal.a(alBuffer.o)
 .text.Convert_ALima4_ALint
                0x00006abe       0x7c D:\oxygine-sound\dependencies\openalext\lib\android\libopenal.a(alBuffer.o)
 .text.Convert_ALima4_ALuint
                0x00006b3a       0x80 D:\oxygine-sound\dependencies\openalext\lib\android\libopenal.a(alBuffer.o)
 *fill*         0x00006bba        0x2 00000000
 .text.Convert_ALima4_ALfloat
                0x00006bbc       0xbc D:\oxygine-sound\dependencies\openalext\lib\android\libopenal.a(alBuffer.o)
 .text.Convert_ALima4_ALdouble
                0x00006c78       0xc0 D:\oxygine-sound\dependencies\openalext\lib\android\libopenal.a(alBuffer.o)
 .text.Convert_ALima4_ALmulaw
                0x00006d38       0x8c D:\oxygine-sound\dependencies\openalext\lib\android\libopenal.a(alBuffer.o)
 .text.Convert_ALima4_ALalaw
                0x00006dc4       0x8c D:\oxygine-sound\dependencies\openalext\lib\android\libopenal.a(alBuffer.o)
 .text.Convert_ALima4_ALbyte3
                0x00006e50       0xaa D:\oxygine-sound\dependencies\openalext\lib\android\libopenal.a(alBuffer.o)
 .text.Convert_ALima4_ALubyte3
                0x00006efa       0xae D:\oxygine-sound\dependencies\openalext\lib\android\libopenal.a(alBuffer.o)
 .text.EncodeByte3
                0x00006fa8       0x54 D:\oxygine-sound\dependencies\openalext\lib\android\libopenal.a(alBuffer.o)
 .text.Convert_ALbyte3_ALima4
                0x00006ffc       0xcc D:\oxygine-sound\dependencies\openalext\lib\android\libopenal.a(alBuffer.o)
 .text.EncodeUByte3
                0x000070c8       0x54 D:\oxygine-sound\dependencies\openalext\lib\android\libopenal.a(alBuffer.o)
 .text.Convert_ALubyte3_ALima4
                0x0000711c       0xd2 D:\oxygine-sound\dependencies\openalext\lib\android\libopenal.a(alBuffer.o)
 *fill*         0x000071ee        0x2 00000000
 .text.Convert_ALubyte3
                0x000071f0      0x658 D:\oxygine-sound\dependencies\openalext\lib\android\libopenal.a(alBuffer.o)
 .text.ConvertData
                0x00007848     0x2ab0 D:\oxygine-sound\dependencies\openalext\lib\android\libopenal.a(alBuffer.o)
 .text.alDeleteBuffers
                0x0000a2f8       0xaa D:\oxygine-sound\dependencies\openalext\lib\android\libopenal.a(alBuffer.o)
                0x0000a2f8                alDeleteBuffers
 .text.alGenBuffers
                0x0000a3a2       0xb2 D:\oxygine-sound\dependencies\openalext\lib\android\libopenal.a(alBuffer.o)
                0x0000a3a2                alGenBuffers
 .text.alIsBuffer
                0x0000a454       0x36 D:\oxygine-sound\dependencies\openalext\lib\android\libopenal.a(alBuffer.o)
                0x0000a454                alIsBuffer
 *fill*         0x0000a48a        0x2 00000000
 .text.alIsBufferFormatSupportedSOFT
                0x0000a48c       0x38 D:\oxygine-sound\dependencies\openalext\lib\android\libopenal.a(alBuffer.o)
                0x0000a48c                alIsBufferFormatSupportedSOFT
 .text.alBufferf
                0x0000a4c4       0x38 D:\oxygine-sound\dependencies\openalext\lib\android\libopenal.a(alBuffer.o)
                0x0000a4c4                alBufferf
 .text.alBuffer3f
                0x0000a4fc       0x38 D:\oxygine-sound\dependencies\openalext\lib\android\libopenal.a(alBuffer.o)
                0x0000a4fc                alBuffer3f
 .text.alBufferfv
                0x0000a534       0x44 D:\oxygine-sound\dependencies\openalext\lib\android\libopenal.a(alBuffer.o)
                0x0000a534                alBufferfv
 .text.alBufferi
                0x0000a578       0x38 D:\oxygine-sound\dependencies\openalext\lib\android\libopenal.a(alBuffer.o)
                0x0000a578                alBufferi
 .text.alBuffer3i
                0x0000a5b0       0x38 D:\oxygine-sound\dependencies\openalext\lib\android\libopenal.a(alBuffer.o)
                0x0000a5b0                alBuffer3i
 .text.alBufferiv
                0x0000a5e8       0x92 D:\oxygine-sound\dependencies\openalext\lib\android\libopenal.a(alBuffer.o)
                0x0000a5e8                alBufferiv
 .text.alGetBufferf
                0x0000a67a       0x88 D:\oxygine-sound\dependencies\openalext\lib\android\libopenal.a(alBuffer.o)
                0x0000a67a                alGetBufferf
 .text.alGetBuffer3f
                0x0000a702       0x62 D:\oxygine-sound\dependencies\openalext\lib\android\libopenal.a(alBuffer.o)
                0x0000a702                alGetBuffer3f
 .text.alGetBufferfv
                0x0000a764       0x54 D:\oxygine-sound\dependencies\openalext\lib\android\libopenal.a(alBuffer.o)
                0x0000a764                alGetBufferfv
 .text.alGetBuffer3i
                0x0000a7b8       0x62 D:\oxygine-sound\dependencies\openalext\lib\android\libopenal.a(alBuffer.o)
                0x0000a7b8                alGetBuffer3i
 *fill*         0x0000a81a        0x2 00000000
 .text.BytesFromUserFmt
                0x0000a81c       0x1c D:\oxygine-sound\dependencies\openalext\lib\android\libopenal.a(alBuffer.o)
                0x0000a81c                BytesFromUserFmt
 .text.ChannelsFromUserFmt
                0x0000a838       0x1c D:\oxygine-sound\dependencies\openalext\lib\android\libopenal.a(alBuffer.o)
                0x0000a838                ChannelsFromUserFmt
 .text.BytesFromFmt
                0x0000a854       0x1c D:\oxygine-sound\dependencies\openalext\lib\android\libopenal.a(alBuffer.o)
                0x0000a854                BytesFromFmt
 .text.ChannelsFromFmt
                0x0000a870       0x1c D:\oxygine-sound\dependencies\openalext\lib\android\libopenal.a(alBuffer.o)
                0x0000a870                ChannelsFromFmt
 .text.alGetBufferi
                0x0000a88c       0xbc D:\oxygine-sound\dependencies\openalext\lib\android\libopenal.a(alBuffer.o)
                0x0000a88c                alGetBufferi
 .text.alGetBufferiv
                0x0000a948       0x8e D:\oxygine-sound\dependencies\openalext\lib\android\libopenal.a(alBuffer.o)
                0x0000a948                alGetBufferiv
 .text.alGetBufferSamplesSOFT
                0x0000a9d6       0xf6 D:\oxygine-sound\dependencies\openalext\lib\android\libopenal.a(alBuffer.o)
                0x0000a9d6                alGetBufferSamplesSOFT
 .text.alBufferSubSamplesSOFT
                0x0000aacc      0x106 D:\oxygine-sound\dependencies\openalext\lib\android\libopenal.a(alBuffer.o)
                0x0000aacc                alBufferSubSamplesSOFT
 *fill*         0x0000abd2        0x2 00000000
 .text.LoadData
                0x0000abd4      0x160 D:\oxygine-sound\dependencies\openalext\lib\android\libopenal.a(alBuffer.o)
 .text.alBufferSamplesSOFT
                0x0000ad34       0xa0 D:\oxygine-sound\dependencies\openalext\lib\android\libopenal.a(alBuffer.o)
                0x0000ad34                alBufferSamplesSOFT
 .text.alBufferData
                0x0000add4      0x1c8 D:\oxygine-sound\dependencies\openalext\lib\android\libopenal.a(alBuffer.o)
                0x0000add4                alBufferData
 .text.alBufferSubDataSOFT
                0x0000af9c      0x190 D:\oxygine-sound\dependencies\openalext\lib\android\libopenal.a(alBuffer.o)
                0x0000af9c                alBufferSubDataSOFT
 .text.ReleaseALBuffers
                0x0000b12c       0x3a D:\oxygine-sound\dependencies\openalext\lib\android\libopenal.a(alBuffer.o)
                0x0000b12c                ReleaseALBuffers
 .text.alGetError
                0x0000b166       0x2c D:\oxygine-sound\dependencies\openalext\lib\android\libopenal.a(alError.o)
                0x0000b166                alGetError
 *fill*         0x0000b192        0x2 00000000
 .text.alSetError
                0x0000b194       0x3c D:\oxygine-sound\dependencies\openalext\lib\android\libopenal.a(alError.o)
                0x0000b194                alSetError
 .text.LockContext
                0x0000b1d0        0xa D:\oxygine-sound\dependencies\openalext\lib\android\libopenal.a(alSource.o)
 .text.UnlockContext
                0x0000b1da        0xa D:\oxygine-sound\dependencies\openalext\lib\android\libopenal.a(alSource.o)
 *fill*         0x0000b1e4        0x4 00000000
 .text.GetSourceOffset
                0x0000b1e8      0x1d0 D:\oxygine-sound\dependencies\openalext\lib\android\libopenal.a(alSource.o)
 .text.alDeleteSources
                0x0000b3b8      0x138 D:\oxygine-sound\dependencies\openalext\lib\android\libopenal.a(alSource.o)
                0x0000b3b8                alDeleteSources
 .text.alGenSources
                0x0000b4f0      0x184 D:\oxygine-sound\dependencies\openalext\lib\android\libopenal.a(alSource.o)
                0x0000b4f0                alGenSources
 .text.alIsSource
                0x0000b674       0x2a D:\oxygine-sound\dependencies\openalext\lib\android\libopenal.a(alSource.o)
                0x0000b674                alIsSource
 .text.alSource3f
                0x0000b69e       0xfa D:\oxygine-sound\dependencies\openalext\lib\android\libopenal.a(alSource.o)
                0x0000b69e                alSource3f
 .text.alSource3i
                0x0000b798      0x164 D:\oxygine-sound\dependencies\openalext\lib\android\libopenal.a(alSource.o)
                0x0000b798                alSource3i
 .text.alGetSourcef
                0x0000b8fc      0x158 D:\oxygine-sound\dependencies\openalext\lib\android\libopenal.a(alSource.o)
                0x0000b8fc                alGetSourcef
 .text.alGetSource3f
                0x0000ba54       0xc8 D:\oxygine-sound\dependencies\openalext\lib\android\libopenal.a(alSource.o)
                0x0000ba54                alGetSource3f
 .text.alGetSourcefv
                0x0000bb1c      0x100 D:\oxygine-sound\dependencies\openalext\lib\android\libopenal.a(alSource.o)
                0x0000bb1c                alGetSourcefv
 .text.alGetSourcei
                0x0000bc1c      0x20c D:\oxygine-sound\dependencies\openalext\lib\android\libopenal.a(alSource.o)
                0x0000bc1c                alGetSourcei
 .text.alGetSource3i
                0x0000be28       0xfc D:\oxygine-sound\dependencies\openalext\lib\android\libopenal.a(alSource.o)
                0x0000be28                alGetSource3i
 .text.alGetSourceiv
                0x0000bf24      0x144 D:\oxygine-sound\dependencies\openalext\lib\android\libopenal.a(alSource.o)
                0x0000bf24                alGetSourceiv
 .text.alSourceQueueBuffers
                0x0000c068      0x230 D:\oxygine-sound\dependencies\openalext\lib\android\libopenal.a(alSource.o)
                0x0000c068                alSourceQueueBuffers
 .text.alSourceUnqueueBuffers
                0x0000c298       0xd6 D:\oxygine-sound\dependencies\openalext\lib\android\libopenal.a(alSource.o)
                0x0000c298                alSourceUnqueueBuffers
 *fill*         0x0000c36e        0x2 00000000
 .text.ApplyOffset
                0x0000c370       0xf0 D:\oxygine-sound\dependencies\openalext\lib\android\libopenal.a(alSource.o)
                0x0000c370                ApplyOffset
 .text.SetSourceState
                0x0000c460      0x144 D:\oxygine-sound\dependencies\openalext\lib\android\libopenal.a(alSource.o)
                0x0000c460                SetSourceState
 .text.alSourceRewindv
                0x0000c5a4       0x9a D:\oxygine-sound\dependencies\openalext\lib\android\libopenal.a(alSource.o)
                0x0000c5a4                alSourceRewindv
 .text.alSourceRewind
                0x0000c63e       0x10 D:\oxygine-sound\dependencies\openalext\lib\android\libopenal.a(alSource.o)
                0x0000c63e                alSourceRewind
 .text.alSourceStopv
                0x0000c64e       0x9a D:\oxygine-sound\dependencies\openalext\lib\android\libopenal.a(alSource.o)
                0x0000c64e                alSourceStopv
 .text.alSourceStop
                0x0000c6e8       0x10 D:\oxygine-sound\dependencies\openalext\lib\android\libopenal.a(alSource.o)
                0x0000c6e8                alSourceStop
 .text.alSourcePausev
                0x0000c6f8       0xa4 D:\oxygine-sound\dependencies\openalext\lib\android\libopenal.a(alSource.o)
                0x0000c6f8                alSourcePausev
 .text.alSourcePause
                0x0000c79c       0x10 D:\oxygine-sound\dependencies\openalext\lib\android\libopenal.a(alSource.o)
                0x0000c79c                alSourcePause
 .text.alSourcePlayv
                0x0000c7ac       0xdc D:\oxygine-sound\dependencies\openalext\lib\android\libopenal.a(alSource.o)
                0x0000c7ac                alSourcePlayv
 .text.alSourcePlay
                0x0000c888       0x10 D:\oxygine-sound\dependencies\openalext\lib\android\libopenal.a(alSource.o)
                0x0000c888                alSourcePlay
 .text.alSourcef
                0x0000c898      0x2f4 D:\oxygine-sound\dependencies\openalext\lib\android\libopenal.a(alSource.o)
                0x0000c898                alSourcef
 .text.alSourcefv
                0x0000cb8c       0xaa D:\oxygine-sound\dependencies\openalext\lib\android\libopenal.a(alSource.o)
                0x0000cb8c                alSourcefv
 *fill*         0x0000cc36        0x2 00000000
 .text.alSourcei
                0x0000cc38      0x378 D:\oxygine-sound\dependencies\openalext\lib\android\libopenal.a(alSource.o)
                0x0000cc38                alSourcei
 .text.alSourceiv
                0x0000cfb0       0xe4 D:\oxygine-sound\dependencies\openalext\lib\android\libopenal.a(alSource.o)
                0x0000cfb0                alSourceiv
 .text.ReleaseALSources
                0x0000d094       0xaa D:\oxygine-sound\dependencies\openalext\lib\android\libopenal.a(alSource.o)
                0x0000d094                ReleaseALSources
 *fill*         0x0000d13e        0x2 00000000
 .text.ThunkInit
                0x0000d140       0x20 D:\oxygine-sound\dependencies\openalext\lib\android\libopenal.a(alThunk.o)
                0x0000d140                ThunkInit
 .text.ThunkExit
                0x0000d160       0x18 D:\oxygine-sound\dependencies\openalext\lib\android\libopenal.a(alThunk.o)
                0x0000d160                ThunkExit
 .text.NewThunkEntry
                0x0000d178       0xcc D:\oxygine-sound\dependencies\openalext\lib\android\libopenal.a(alThunk.o)
                0x0000d178                NewThunkEntry
 .text.FreeThunkEntry
                0x0000d244       0x48 D:\oxygine-sound\dependencies\openalext\lib\android\libopenal.a(alThunk.o)
                0x0000d244                FreeThunkEntry
 .text.alcSuspendContext
                0x0000d28c        0x2 D:\oxygine-sound\dependencies\openalext\lib\android\libopenal.a(ALc.o)
                0x0000d28c                alcSuspendContext
 .text.alcProcessContext
                0x0000d28e        0x2 D:\oxygine-sound\dependencies\openalext\lib\android\libopenal.a(ALc.o)
                0x0000d28e                alcProcessContext
 .text.LockLists
                0x0000d290        0xc D:\oxygine-sound\dependencies\openalext\lib\android\libopenal.a(ALc.o)
 .text.UnlockLists
                0x0000d29c        0xc D:\oxygine-sound\dependencies\openalext\lib\android\libopenal.a(ALc.o)
 .text.alcSetError
                0x0000d2a8       0x2c D:\oxygine-sound\dependencies\openalext\lib\android\libopenal.a(ALc.o)
 .text.alcLoopbackOpenDeviceSOFT
                0x0000d2d4      0x1a4 D:\oxygine-sound\dependencies\openalext\lib\android\libopenal.a(ALc.o)
                0x0000d2d4                alcLoopbackOpenDeviceSOFT
 .text.alc_initconfig
                0x0000d478      0x5e4 D:\oxygine-sound\dependencies\openalext\lib\android\libopenal.a(ALc.o)
 .text.alcGetThreadContext
                0x0000da5c       0x10 D:\oxygine-sound\dependencies\openalext\lib\android\libopenal.a(ALc.o)
                0x0000da5c                alcGetThreadContext
 .text.alcGetCurrentContext
                0x0000da6c       0x1c D:\oxygine-sound\dependencies\openalext\lib\android\libopenal.a(ALc.o)
                0x0000da6c                alcGetCurrentContext
 .text.ProbeList
                0x0000da88       0x4c D:\oxygine-sound\dependencies\openalext\lib\android\libopenal.a(ALc.o)
 .text.alcCaptureOpenDevice
                0x0000dad4      0x1cc D:\oxygine-sound\dependencies\openalext\lib\android\libopenal.a(ALc.o)
                0x0000dad4                alcCaptureOpenDevice
 .text.alcOpenDevice
                0x0000dca0      0x50c D:\oxygine-sound\dependencies\openalext\lib\android\libopenal.a(ALc.o)
                0x0000dca0                alcOpenDevice
 .text.exit.ReleaseALC
                0x0000e1ac       0xb0 D:\oxygine-sound\dependencies\openalext\lib\android\libopenal.a(ALc.o)
 .text.AppendList
                0x0000e25c       0x6c D:\oxygine-sound\dependencies\openalext\lib\android\libopenal.a(ALc.o)
 .text.startup.alc_init
                0x0000e2c8      0x168 D:\oxygine-sound\dependencies\openalext\lib\android\libopenal.a(ALc.o)
 .text.exit.alc_deinit
                0x0000e430       0x98 D:\oxygine-sound\dependencies\openalext\lib\android\libopenal.a(ALc.o)
 .text.AppendAllDeviceList
                0x0000e4c8       0x14 D:\oxygine-sound\dependencies\openalext\lib\android\libopenal.a(ALc.o)
                0x0000e4c8                AppendAllDeviceList
 .text.AppendCaptureDeviceList
                0x0000e4dc       0x14 D:\oxygine-sound\dependencies\openalext\lib\android\libopenal.a(ALc.o)
                0x0000e4dc                AppendCaptureDeviceList
 .text.SetDefaultWFXChannelOrder
                0x0000e4f0      0x128 D:\oxygine-sound\dependencies\openalext\lib\android\libopenal.a(ALc.o)
                0x0000e4f0                SetDefaultWFXChannelOrder
 .text.SetDefaultChannelOrder
                0x0000e618       0x76 D:\oxygine-sound\dependencies\openalext\lib\android\libopenal.a(ALc.o)
                0x0000e618                SetDefaultChannelOrder
 *fill*         0x0000e68e        0x2 00000000
 .text.DevFmtTypeString
                0x0000e690       0x64 D:\oxygine-sound\dependencies\openalext\lib\android\libopenal.a(ALc.o)
                0x0000e690                DevFmtTypeString
 .text.DevFmtChannelsString
                0x0000e6f4       0x84 D:\oxygine-sound\dependencies\openalext\lib\android\libopenal.a(ALc.o)
                0x0000e6f4                DevFmtChannelsString
 .text.BytesFromDevFmt
                0x0000e778       0x1c D:\oxygine-sound\dependencies\openalext\lib\android\libopenal.a(ALc.o)
                0x0000e778                BytesFromDevFmt
 .text.ChannelsFromDevFmt
                0x0000e794       0x4e D:\oxygine-sound\dependencies\openalext\lib\android\libopenal.a(ALc.o)
                0x0000e794                ChannelsFromDevFmt
 *fill*         0x0000e7e2        0x2 00000000
 .text.ALCdevice_IncRef
                0x0000e7e4       0x48 D:\oxygine-sound\dependencies\openalext\lib\android\libopenal.a(ALc.o)
                0x0000e7e4                ALCdevice_IncRef
 .text.VerifyDevice
                0x0000e82c       0x44 D:\oxygine-sound\dependencies\openalext\lib\android\libopenal.a(ALc.o)
 .text.ALCdevice_DecRef
                0x0000e870      0x160 D:\oxygine-sound\dependencies\openalext\lib\android\libopenal.a(ALc.o)
                0x0000e870                ALCdevice_DecRef
 .text.alcRenderSamplesSOFT
                0x0000e9d0       0x52 D:\oxygine-sound\dependencies\openalext\lib\android\libopenal.a(ALc.o)
                0x0000e9d0                alcRenderSamplesSOFT
 .text.alcIsRenderFormatSupportedSOFT
                0x0000ea22       0x80 D:\oxygine-sound\dependencies\openalext\lib\android\libopenal.a(ALc.o)
                0x0000ea22                alcIsRenderFormatSupportedSOFT
 *fill*         0x0000eaa2        0x2 00000000
 .text.alcCreateContext
                0x0000eaa4      0x960 D:\oxygine-sound\dependencies\openalext\lib\android\libopenal.a(ALc.o)
                0x0000eaa4                alcCreateContext
 .text.alcGetEnumValue
                0x0000f404       0x50 D:\oxygine-sound\dependencies\openalext\lib\android\libopenal.a(ALc.o)
                0x0000f404                alcGetEnumValue
 .text.alcGetProcAddress
                0x0000f454       0x50 D:\oxygine-sound\dependencies\openalext\lib\android\libopenal.a(ALc.o)
                0x0000f454                alcGetProcAddress
 .text.alcIsExtensionPresent
                0x0000f4a4       0xa4 D:\oxygine-sound\dependencies\openalext\lib\android\libopenal.a(ALc.o)
                0x0000f4a4                alcIsExtensionPresent
 .text.alcGetIntegerv
                0x0000f548      0x228 D:\oxygine-sound\dependencies\openalext\lib\android\libopenal.a(ALc.o)
                0x0000f548                alcGetIntegerv
 .text.alcGetString
                0x0000f770      0x25c D:\oxygine-sound\dependencies\openalext\lib\android\libopenal.a(ALc.o)
                0x0000f770                alcGetString
 .text.alcGetError
                0x0000f9cc       0x4c D:\oxygine-sound\dependencies\openalext\lib\android\libopenal.a(ALc.o)
                0x0000f9cc                alcGetError
 .text.alcCaptureSamples
                0x0000fa18       0x68 D:\oxygine-sound\dependencies\openalext\lib\android\libopenal.a(ALc.o)
                0x0000fa18                alcCaptureSamples
 .text.alcCaptureStop
                0x0000fa80       0x5a D:\oxygine-sound\dependencies\openalext\lib\android\libopenal.a(ALc.o)
                0x0000fa80                alcCaptureStop
 .text.alcCaptureStart
                0x0000fada       0x5e D:\oxygine-sound\dependencies\openalext\lib\android\libopenal.a(ALc.o)
                0x0000fada                alcCaptureStart
 .text.alcCaptureCloseDevice
                0x0000fb38       0x64 D:\oxygine-sound\dependencies\openalext\lib\android\libopenal.a(ALc.o)
                0x0000fb38                alcCaptureCloseDevice
 .text.ALCcontext_IncRef
                0x0000fb9c       0x48 D:\oxygine-sound\dependencies\openalext\lib\android\libopenal.a(ALc.o)
                0x0000fb9c                ALCcontext_IncRef
 .text.VerifyContext
                0x0000fbe4       0x4c D:\oxygine-sound\dependencies\openalext\lib\android\libopenal.a(ALc.o)
 .text.ALCcontext_DecRef
                0x0000fc30      0x130 D:\oxygine-sound\dependencies\openalext\lib\android\libopenal.a(ALc.o)
                0x0000fc30                ALCcontext_DecRef
 .text.ReleaseContext
                0x0000fd60       0xe8 D:\oxygine-sound\dependencies\openalext\lib\android\libopenal.a(ALc.o)
 .text.alcCloseDevice
                0x0000fe48       0xcc D:\oxygine-sound\dependencies\openalext\lib\android\libopenal.a(ALc.o)
                0x0000fe48                alcCloseDevice
 .text.alcGetContextsDevice
                0x0000ff14       0x22 D:\oxygine-sound\dependencies\openalext\lib\android\libopenal.a(ALc.o)
                0x0000ff14                alcGetContextsDevice
 .text.alcDestroyContext
                0x0000ff36       0x42 D:\oxygine-sound\dependencies\openalext\lib\android\libopenal.a(ALc.o)
                0x0000ff36                alcDestroyContext
 .text.alcSetThreadContext
                0x0000ff78       0x48 D:\oxygine-sound\dependencies\openalext\lib\android\libopenal.a(ALc.o)
                0x0000ff78                alcSetThreadContext
 .text.alcMakeContextCurrent
                0x0000ffc0       0x6c D:\oxygine-sound\dependencies\openalext\lib\android\libopenal.a(ALc.o)
                0x0000ffc0                alcMakeContextCurrent
 .text.ReleaseThreadCtx
                0x0001002c       0x3c D:\oxygine-sound\dependencies\openalext\lib\android\libopenal.a(ALc.o)
 .text.GetContextRef
                0x00010068       0x34 D:\oxygine-sound\dependencies\openalext\lib\android\libopenal.a(ALc.o)
                0x00010068                GetContextRef
 .text.LoadConfigFromFile
                0x0001009c      0x45c D:\oxygine-sound\dependencies\openalext\lib\android\libopenal.a(alcConfig.o)
 .text.ReadALConfig
                0x000104f8       0xcc D:\oxygine-sound\dependencies\openalext\lib\android\libopenal.a(alcConfig.o)
                0x000104f8                ReadALConfig
 .text.FreeALConfig
                0x000105c4       0x74 D:\oxygine-sound\dependencies\openalext\lib\android\libopenal.a(alcConfig.o)
                0x000105c4                FreeALConfig
 .text.GetConfigValue
                0x00010638       0xf8 D:\oxygine-sound\dependencies\openalext\lib\android\libopenal.a(alcConfig.o)
                0x00010638                GetConfigValue
 .text.ConfigValueExists
                0x00010730       0x18 D:\oxygine-sound\dependencies\openalext\lib\android\libopenal.a(alcConfig.o)
                0x00010730                ConfigValueExists
 .text.ConfigValueStr
                0x00010748       0x20 D:\oxygine-sound\dependencies\openalext\lib\android\libopenal.a(alcConfig.o)
                0x00010748                ConfigValueStr
 .text.ConfigValueInt
                0x00010768       0x28 D:\oxygine-sound\dependencies\openalext\lib\android\libopenal.a(alcConfig.o)
                0x00010768                ConfigValueInt
 .text.ConfigValueUInt
                0x00010790       0x28 D:\oxygine-sound\dependencies\openalext\lib\android\libopenal.a(alcConfig.o)
                0x00010790                ConfigValueUInt
 .text.ConfigValueFloat
                0x000107b8       0x30 D:\oxygine-sound\dependencies\openalext\lib\android\libopenal.a(alcConfig.o)
                0x000107b8                ConfigValueFloat
 .text.GetConfigValueBool
                0x000107e8       0x60 D:\oxygine-sound\dependencies\openalext\lib\android\libopenal.a(alcConfig.o)
                0x000107e8                GetConfigValueBool
 .text.DelayLineIn
                0x00010848       0x10 D:\oxygine-sound\dependencies\openalext\lib\android\libopenal.a(alcReverb.o)
 .text.EarlyDelayLineOut
                0x00010858       0x2e D:\oxygine-sound\dependencies\openalext\lib\android\libopenal.a(alcReverb.o)
 .text.EarlyReflection
                0x00010886       0xd6 D:\oxygine-sound\dependencies\openalext\lib\android\libopenal.a(alcReverb.o)
 .text.LateAllPassInOut
                0x0001095c       0x56 D:\oxygine-sound\dependencies\openalext\lib\android\libopenal.a(alcReverb.o)
 .text.LateDelayLineOut
                0x000109b2       0x2e D:\oxygine-sound\dependencies\openalext\lib\android\libopenal.a(alcReverb.o)
 .text.LateReverb
                0x000109e0      0x196 D:\oxygine-sound\dependencies\openalext\lib\android\libopenal.a(alcReverb.o)
 .text.VerbProcess
                0x00010b76      0x16a D:\oxygine-sound\dependencies\openalext\lib\android\libopenal.a(alcReverb.o)
 .text.CalcLineLength
                0x00010ce0       0x30 D:\oxygine-sound\dependencies\openalext\lib\android\libopenal.a(alcReverb.o)
 .text.EAXVerbProcess
                0x00010d10      0x2c4 D:\oxygine-sound\dependencies\openalext\lib\android\libopenal.a(alcReverb.o)
 .text.ReverbUpdate
                0x00010fd4      0x71c D:\oxygine-sound\dependencies\openalext\lib\android\libopenal.a(alcReverb.o)
 .text.ReverbDeviceUpdate
                0x000116f0      0x26c D:\oxygine-sound\dependencies\openalext\lib\android\libopenal.a(alcReverb.o)
 .text.ReverbDestroy
                0x0001195c       0x1c D:\oxygine-sound\dependencies\openalext\lib\android\libopenal.a(alcReverb.o)
 .text.ReverbCreate
                0x00011978      0x130 D:\oxygine-sound\dependencies\openalext\lib\android\libopenal.a(alcReverb.o)
                0x00011978                ReverbCreate
 .text.aluDotproduct
                0x00011aa8       0x26 D:\oxygine-sound\dependencies\openalext\lib\android\libopenal.a(ALu.o)
 .text.aluMatrixVector
                0x00011ace       0x7a D:\oxygine-sound\dependencies\openalext\lib\android\libopenal.a(ALu.o)
 .text.aluNormalize
                0x00011b48       0x4e D:\oxygine-sound\dependencies\openalext\lib\android\libopenal.a(ALu.o)
 *fill*         0x00011b96        0x2 00000000
 .text.aluF2I   0x00011b98       0x50 D:\oxygine-sound\dependencies\openalext\lib\android\libopenal.a(ALu.o)
 .text.CalcNonAttnSourceParams
                0x00011be8      0x544 D:\oxygine-sound\dependencies\openalext\lib\android\libopenal.a(ALu.o)
                0x00011be8                CalcNonAttnSourceParams
 .text.CalcSourceParams
                0x0001212c      0xbbc D:\oxygine-sound\dependencies\openalext\lib\android\libopenal.a(ALu.o)
                0x0001212c                CalcSourceParams
 .text.aluMixData
                0x00012ce8     0x10a4 D:\oxygine-sound\dependencies\openalext\lib\android\libopenal.a(ALu.o)
                0x00012ce8                aluMixData
 .text.aluHandleDisconnect
                0x00013d8c       0x72 D:\oxygine-sound\dependencies\openalext\lib\android\libopenal.a(ALu.o)
                0x00013d8c                aluHandleDisconnect
 *fill*         0x00013dfe        0x2 00000000
 .text.init     0x00013e00      0x1c0 D:\oxygine-sound\dependencies\openalext\lib\android\libopenal.a(bs2b.o)
 .text.bs2b_set_level
                0x00013fc0        0xe D:\oxygine-sound\dependencies\openalext\lib\android\libopenal.a(bs2b.o)
                0x00013fc0                bs2b_set_level
 .text.bs2b_get_level
                0x00013fce        0x4 D:\oxygine-sound\dependencies\openalext\lib\android\libopenal.a(bs2b.o)
                0x00013fce                bs2b_get_level
 .text.bs2b_set_srate
                0x00013fd2        0xe D:\oxygine-sound\dependencies\openalext\lib\android\libopenal.a(bs2b.o)
                0x00013fd2                bs2b_set_srate
 .text.bs2b_get_srate
                0x00013fe0        0x4 D:\oxygine-sound\dependencies\openalext\lib\android\libopenal.a(bs2b.o)
                0x00013fe0                bs2b_get_srate
 .text.bs2b_clear
                0x00013fe4        0xa D:\oxygine-sound\dependencies\openalext\lib\android\libopenal.a(bs2b.o)
                0x00013fe4                bs2b_clear
 .text.bs2b_cross_feed
                0x00013fee       0xd6 D:\oxygine-sound\dependencies\openalext\lib\android\libopenal.a(bs2b.o)
                0x00013fee                bs2b_cross_feed
 .text.Lock     0x000140c4       0x24 D:\oxygine-sound\dependencies\openalext\lib\android\libopenal.a(helpers.o)
 .text.InitializeCriticalSection
                0x000140e8       0x22 D:\oxygine-sound\dependencies\openalext\lib\android\libopenal.a(helpers.o)
                0x000140e8                InitializeCriticalSection
 .text.DeleteCriticalSection
                0x0001410a        0x4 D:\oxygine-sound\dependencies\openalext\lib\android\libopenal.a(helpers.o)
                0x0001410a                DeleteCriticalSection
 .text.EnterCriticalSection
                0x0001410e        0x4 D:\oxygine-sound\dependencies\openalext\lib\android\libopenal.a(helpers.o)
                0x0001410e                EnterCriticalSection
 .text.LeaveCriticalSection
                0x00014112        0x4 D:\oxygine-sound\dependencies\openalext\lib\android\libopenal.a(helpers.o)
                0x00014112                LeaveCriticalSection
 *fill*         0x00014116        0x2 00000000
 .text.timeGetTime
                0x00014118       0x48 D:\oxygine-sound\dependencies\openalext\lib\android\libopenal.a(helpers.o)
                0x00014118                timeGetTime
 .text.Sleep    0x00014160       0x50 D:\oxygine-sound\dependencies\openalext\lib\android\libopenal.a(helpers.o)
                0x00014160                Sleep
 .text.LoadLib  0x000141b0       0x20 D:\oxygine-sound\dependencies\openalext\lib\android\libopenal.a(helpers.o)
                0x000141b0                LoadLib
 .text.CloseLib
                0x000141d0        0x4 D:\oxygine-sound\dependencies\openalext\lib\android\libopenal.a(helpers.o)
                0x000141d0                CloseLib
 .text.al_print
                0x000141d4       0x78 D:\oxygine-sound\dependencies\openalext\lib\android\libopenal.a(helpers.o)
                0x000141d4                al_print
 .text.GetSymbol
                0x0001424c       0x48 D:\oxygine-sound\dependencies\openalext\lib\android\libopenal.a(helpers.o)
                0x0001424c                GetSymbol
 .text.SetRTPriority
                0x00014294       0x54 D:\oxygine-sound\dependencies\openalext\lib\android\libopenal.a(helpers.o)
                0x00014294                SetRTPriority
 .text.RWLockInit
                0x000142e8        0xe D:\oxygine-sound\dependencies\openalext\lib\android\libopenal.a(helpers.o)
                0x000142e8                RWLockInit
 .text.ReadLock
                0x000142f6       0x66 D:\oxygine-sound\dependencies\openalext\lib\android\libopenal.a(helpers.o)
                0x000142f6                ReadLock
 .text.ReadUnlock
                0x0001435c       0x34 D:\oxygine-sound\dependencies\openalext\lib\android\libopenal.a(helpers.o)
                0x0001435c                ReadUnlock
 .text.WriteLock
                0x00014390       0x38 D:\oxygine-sound\dependencies\openalext\lib\android\libopenal.a(helpers.o)
                0x00014390                WriteLock
 .text.WriteUnlock
                0x000143c8       0x50 D:\oxygine-sound\dependencies\openalext\lib\android\libopenal.a(helpers.o)
                0x000143c8                WriteUnlock
 .text.InitUIntMap
                0x00014418       0x10 D:\oxygine-sound\dependencies\openalext\lib\android\libopenal.a(helpers.o)
                0x00014418                InitUIntMap
 .text.ResetUIntMap
                0x00014428       0x26 D:\oxygine-sound\dependencies\openalext\lib\android\libopenal.a(helpers.o)
                0x00014428                ResetUIntMap
 .text.InsertUIntMapEntry
                0x0001444e       0xd0 D:\oxygine-sound\dependencies\openalext\lib\android\libopenal.a(helpers.o)
                0x0001444e                InsertUIntMapEntry
 .text.RemoveUIntMapKey
                0x0001451e       0x70 D:\oxygine-sound\dependencies\openalext\lib\android\libopenal.a(helpers.o)
                0x0001451e                RemoveUIntMapKey
 .text.LookupUIntMapKey
                0x0001458e       0x56 D:\oxygine-sound\dependencies\openalext\lib\android\libopenal.a(helpers.o)
                0x0001458e                LookupUIntMapKey
 .text.CalcAzIndices
                0x000145e4       0x6c D:\oxygine-sound\dependencies\openalext\lib\android\libopenal.a(hrtf.o)
 .text.CalcHrtfDelta
                0x00014650      0x11c D:\oxygine-sound\dependencies\openalext\lib\android\libopenal.a(hrtf.o)
                0x00014650                CalcHrtfDelta
 .text.GetLerpedHrtfCoeffs
                0x0001476c      0x324 D:\oxygine-sound\dependencies\openalext\lib\android\libopenal.a(hrtf.o)
                0x0001476c                GetLerpedHrtfCoeffs
 .text.GetMovingHrtfCoeffs
                0x00014a90      0x458 D:\oxygine-sound\dependencies\openalext\lib\android\libopenal.a(hrtf.o)
                0x00014a90                GetMovingHrtfCoeffs
 .text.GetHrtf  0x00014ee8       0x88 D:\oxygine-sound\dependencies\openalext\lib\android\libopenal.a(hrtf.o)
                0x00014ee8                GetHrtf
 .text.InitHrtf
                0x00014f70      0x42c D:\oxygine-sound\dependencies\openalext\lib\android\libopenal.a(hrtf.o)
                0x00014f70                InitHrtf
 .text.FreeHrtf
                0x0001539c       0x18 D:\oxygine-sound\dependencies\openalext\lib\android\libopenal.a(hrtf.o)
                0x0001539c                FreeHrtf
 .text.lpFilter2P
                0x000153b4       0x2c D:\oxygine-sound\dependencies\openalext\lib\android\libopenal.a(mixer.o)
 .text.lpFilter2PC
                0x000153e0       0x24 D:\oxygine-sound\dependencies\openalext\lib\android\libopenal.a(mixer.o)
 .text.lerp32   0x00015404       0x2c D:\oxygine-sound\dependencies\openalext\lib\android\libopenal.a(mixer.o)
 .text.cubic32  0x00015430       0x8c D:\oxygine-sound\dependencies\openalext\lib\android\libopenal.a(mixer.o)
 .text.ApplyCoeffs
                0x000154bc       0x38 D:\oxygine-sound\dependencies\openalext\lib\android\libopenal.a(mixer.o)
 .text.Mix_ALfloat_point32
                0x000154f4      0x2a2 D:\oxygine-sound\dependencies\openalext\lib\android\libopenal.a(mixer.o)
 .text.Mix_ALfloat_lerp32
                0x00015796      0x312 D:\oxygine-sound\dependencies\openalext\lib\android\libopenal.a(mixer.o)
 .text.Mix_ALfloat_cubic32
                0x00015aa8      0x312 D:\oxygine-sound\dependencies\openalext\lib\android\libopenal.a(mixer.o)
 *fill*         0x00015dba        0x2 00000000
 .text.LoadStack
                0x00015dbc       0x7c D:\oxygine-sound\dependencies\openalext\lib\android\libopenal.a(mixer.o)
 .text.SilenceStack
                0x00015e38       0x12 D:\oxygine-sound\dependencies\openalext\lib\android\libopenal.a(mixer.o)
 .text.Mix_Hrtf_ALfloat_cubic32
                0x00015e4a      0x5e0 D:\oxygine-sound\dependencies\openalext\lib\android\libopenal.a(mixer.o)
 .text.Mix_Hrtf_ALfloat_lerp32
                0x0001642a      0x5e0 D:\oxygine-sound\dependencies\openalext\lib\android\libopenal.a(mixer.o)
 .text.Mix_Hrtf_ALfloat_point32
                0x00016a0a      0x5d4 D:\oxygine-sound\dependencies\openalext\lib\android\libopenal.a(mixer.o)
 *fill*         0x00016fde        0x2 00000000
 .text.SelectMixer
                0x00016fe0       0x30 D:\oxygine-sound\dependencies\openalext\lib\android\libopenal.a(mixer.o)
                0x00016fe0                SelectMixer
 .text.SelectHrtfMixer
                0x00017010       0x30 D:\oxygine-sound\dependencies\openalext\lib\android\libopenal.a(mixer.o)
                0x00017010                SelectHrtfMixer
 .text.MixSource
                0x00017040      0x4e0 D:\oxygine-sound\dependencies\openalext\lib\android\libopenal.a(mixer.o)
                0x00017040                MixSource
 .text.aluCart2LUTpos
                0x00017520       0x7c D:\oxygine-sound\dependencies\openalext\lib\android\libopenal.a(panning.o)
                0x00017520                aluCart2LUTpos
 .text.aluInitPanning
                0x0001759c      0x7c4 D:\oxygine-sound\dependencies\openalext\lib\android\libopenal.a(panning.o)
                0x0001759c                aluInitPanning
 .text.res_str  0x00017d60       0xd0 D:\oxygine-sound\dependencies\openalext\lib\android\libopenal.a(opensl.o)
 .text.opensl_stop_playback
                0x00017e30       0x18 D:\oxygine-sound\dependencies\openalext\lib\android\libopenal.a(opensl.o)
 .text.opensl_close_playback
                0x00017e48       0x40 D:\oxygine-sound\dependencies\openalext\lib\android\libopenal.a(opensl.o)
 .text.opensl_start_playback
                0x00017e88      0x1f0 D:\oxygine-sound\dependencies\openalext\lib\android\libopenal.a(opensl.o)
 .text.opensl_callback
                0x00018078       0x68 D:\oxygine-sound\dependencies\openalext\lib\android\libopenal.a(opensl.o)
 .text.opensl_reset_playback
                0x000180e0      0x1a8 D:\oxygine-sound\dependencies\openalext\lib\android\libopenal.a(opensl.o)
 .text.opensl_open_playback
                0x00018288      0x1cc D:\oxygine-sound\dependencies\openalext\lib\android\libopenal.a(opensl.o)
 .text.alc_opensl_init
                0x00018454       0x20 D:\oxygine-sound\dependencies\openalext\lib\android\libopenal.a(opensl.o)
                0x00018454                alc_opensl_init
 .text.alc_opensl_deinit
                0x00018474        0x2 D:\oxygine-sound\dependencies\openalext\lib\android\libopenal.a(opensl.o)
                0x00018474                alc_opensl_deinit
 *fill*         0x00018476        0x2 00000000
 .text.alc_opensl_probe
                0x00018478       0x14 D:\oxygine-sound\dependencies\openalext\lib\android\libopenal.a(opensl.o)
                0x00018478                alc_opensl_probe
 .text.null_stop_playback
                0x0001848c       0x1e D:\oxygine-sound\dependencies\openalext\lib\android\libopenal.a(null.o)
 *fill*         0x000184aa        0x2 00000000
 .text.null_start_playback
                0x000184ac       0x24 D:\oxygine-sound\dependencies\openalext\lib\android\libopenal.a(null.o)
 .text.NullProc
                0x000184d0       0xe6 D:\oxygine-sound\dependencies\openalext\lib\android\libopenal.a(null.o)
 .text.null_reset_playback
                0x000185b6        0xa D:\oxygine-sound\dependencies\openalext\lib\android\libopenal.a(null.o)
 .text.null_close_playback
                0x000185c0       0x16 D:\oxygine-sound\dependencies\openalext\lib\android\libopenal.a(null.o)
 *fill*         0x000185d6        0x2 00000000
 .text.null_open_playback
                0x000185d8       0x48 D:\oxygine-sound\dependencies\openalext\lib\android\libopenal.a(null.o)
 .text.alc_null_init
                0x00018620       0x20 D:\oxygine-sound\dependencies\openalext\lib\android\libopenal.a(null.o)
                0x00018620                alc_null_init
 .text.alc_null_deinit
                0x00018640        0x2 D:\oxygine-sound\dependencies\openalext\lib\android\libopenal.a(null.o)
                0x00018640                alc_null_deinit
 *fill*         0x00018642        0x2 00000000
 .text.alc_null_probe
                0x00018644       0x10 D:\oxygine-sound\dependencies\openalext\lib\android\libopenal.a(null.o)
                0x00018644                alc_null_probe
 .text.loopback_close_playback
                0x00018654        0x2 D:\oxygine-sound\dependencies\openalext\lib\android\libopenal.a(loopback.o)
 .text.loopback_start_playback
                0x00018656        0x4 D:\oxygine-sound\dependencies\openalext\lib\android\libopenal.a(loopback.o)
 .text.loopback_stop_playback
                0x0001865a        0x2 D:\oxygine-sound\dependencies\openalext\lib\android\libopenal.a(loopback.o)
 .text.loopback_reset_playback
                0x0001865c        0xa D:\oxygine-sound\dependencies\openalext\lib\android\libopenal.a(loopback.o)
 .text.loopback_open_playback
                0x00018666       0x10 D:\oxygine-sound\dependencies\openalext\lib\android\libopenal.a(loopback.o)
 *fill*         0x00018676        0x2 00000000
 .text.alc_loopback_init
                0x00018678       0x20 D:\oxygine-sound\dependencies\openalext\lib\android\libopenal.a(loopback.o)
                0x00018678                alc_loopback_init
 .text.alc_loopback_deinit
                0x00018698        0x2 D:\oxygine-sound\dependencies\openalext\lib\android\libopenal.a(loopback.o)
                0x00018698                alc_loopback_deinit
 .text.alc_loopback_probe
                0x0001869a        0x2 D:\oxygine-sound\dependencies\openalext\lib\android\libopenal.a(loopback.o)
                0x0001869a                alc_loopback_probe
 .text.NoneDeviceUpdate
                0x0001869c        0x4 D:\oxygine-sound\dependencies\openalext\lib\android\libopenal.a(alAuxEffectSlot.o)
 .text.NoneUpdate
                0x000186a0        0x2 D:\oxygine-sound\dependencies\openalext\lib\android\libopenal.a(alAuxEffectSlot.o)
 .text.NoneProcess
                0x000186a2        0x2 D:\oxygine-sound\dependencies\openalext\lib\android\libopenal.a(alAuxEffectSlot.o)
 .text.NoneDestroy
                0x000186a4        0x4 D:\oxygine-sound\dependencies\openalext\lib\android\libopenal.a(alAuxEffectSlot.o)
 .text.RemoveEffectSlotArray
                0x000186a8       0x4c D:\oxygine-sound\dependencies\openalext\lib\android\libopenal.a(alAuxEffectSlot.o)
 .text.alDeleteAuxiliaryEffectSlots
                0x000186f4       0xbc D:\oxygine-sound\dependencies\openalext\lib\android\libopenal.a(alAuxEffectSlot.o)
                0x000186f4                alDeleteAuxiliaryEffectSlots
 .text.alIsAuxiliaryEffectSlot
                0x000187b0       0x2a D:\oxygine-sound\dependencies\openalext\lib\android\libopenal.a(alAuxEffectSlot.o)
                0x000187b0                alIsAuxiliaryEffectSlot
 .text.alAuxiliaryEffectSlotf
                0x000187da       0x7a D:\oxygine-sound\dependencies\openalext\lib\android\libopenal.a(alAuxEffectSlot.o)
                0x000187da                alAuxiliaryEffectSlotf
 .text.alAuxiliaryEffectSlotfv
                0x00018854       0x44 D:\oxygine-sound\dependencies\openalext\lib\android\libopenal.a(alAuxEffectSlot.o)
                0x00018854                alAuxiliaryEffectSlotfv
 .text.alGetAuxiliaryEffectSloti
                0x00018898       0x54 D:\oxygine-sound\dependencies\openalext\lib\android\libopenal.a(alAuxEffectSlot.o)
                0x00018898                alGetAuxiliaryEffectSloti
 .text.alGetAuxiliaryEffectSlotiv
                0x000188ec       0x48 D:\oxygine-sound\dependencies\openalext\lib\android\libopenal.a(alAuxEffectSlot.o)
                0x000188ec                alGetAuxiliaryEffectSlotiv
 .text.alGetAuxiliaryEffectSlotf
                0x00018934       0x46 D:\oxygine-sound\dependencies\openalext\lib\android\libopenal.a(alAuxEffectSlot.o)
                0x00018934                alGetAuxiliaryEffectSlotf
 .text.alGetAuxiliaryEffectSlotfv
                0x0001897a       0x42 D:\oxygine-sound\dependencies\openalext\lib\android\libopenal.a(alAuxEffectSlot.o)
                0x0001897a                alGetAuxiliaryEffectSlotfv
 .text.NoneCreate
                0x000189bc       0x38 D:\oxygine-sound\dependencies\openalext\lib\android\libopenal.a(alAuxEffectSlot.o)
                0x000189bc                NoneCreate
 .text.InitializeEffect
                0x000189f4      0x13e D:\oxygine-sound\dependencies\openalext\lib\android\libopenal.a(alAuxEffectSlot.o)
                0x000189f4                InitializeEffect
 .text.alAuxiliaryEffectSloti
                0x00018b32       0x8c D:\oxygine-sound\dependencies\openalext\lib\android\libopenal.a(alAuxEffectSlot.o)
                0x00018b32                alAuxiliaryEffectSloti
 .text.alAuxiliaryEffectSlotiv
                0x00018bbe       0x4a D:\oxygine-sound\dependencies\openalext\lib\android\libopenal.a(alAuxEffectSlot.o)
                0x00018bbe                alAuxiliaryEffectSlotiv
 .text.InitEffectSlot
                0x00018c08       0x4e D:\oxygine-sound\dependencies\openalext\lib\android\libopenal.a(alAuxEffectSlot.o)
                0x00018c08                InitEffectSlot
 .text.alGenAuxiliaryEffectSlots
                0x00018c56      0x17a D:\oxygine-sound\dependencies\openalext\lib\android\libopenal.a(alAuxEffectSlot.o)
                0x00018c56                alGenAuxiliaryEffectSlots
 .text.ReleaseALAuxiliaryEffectSlots
                0x00018dd0       0x48 D:\oxygine-sound\dependencies\openalext\lib\android\libopenal.a(alAuxEffectSlot.o)
                0x00018dd0                ReleaseALAuxiliaryEffectSlots
 .text.InitEffectParams
                0x00018e18      0x35c D:\oxygine-sound\dependencies\openalext\lib\android\libopenal.a(alEffect.o)
 .text.null_GetParamfv
                0x00019174        0xa D:\oxygine-sound\dependencies\openalext\lib\android\libopenal.a(alEffect.o)
 .text.null_GetParamf
                0x0001917e        0xa D:\oxygine-sound\dependencies\openalext\lib\android\libopenal.a(alEffect.o)
 .text.null_GetParamiv
                0x00019188        0xa D:\oxygine-sound\dependencies\openalext\lib\android\libopenal.a(alEffect.o)
 .text.null_GetParami
                0x00019192        0xa D:\oxygine-sound\dependencies\openalext\lib\android\libopenal.a(alEffect.o)
 .text.null_SetParamfv
                0x0001919c        0xa D:\oxygine-sound\dependencies\openalext\lib\android\libopenal.a(alEffect.o)
 .text.null_SetParamf
                0x000191a6        0xa D:\oxygine-sound\dependencies\openalext\lib\android\libopenal.a(alEffect.o)
 .text.null_SetParamiv
                0x000191b0        0xa D:\oxygine-sound\dependencies\openalext\lib\android\libopenal.a(alEffect.o)
 .text.null_SetParami
                0x000191ba        0xa D:\oxygine-sound\dependencies\openalext\lib\android\libopenal.a(alEffect.o)
 .text.ded_GetParamf
                0x000191c4       0x16 D:\oxygine-sound\dependencies\openalext\lib\android\libopenal.a(alEffect.o)
 .text.ded_GetParamfv
                0x000191da        0x4 D:\oxygine-sound\dependencies\openalext\lib\android\libopenal.a(alEffect.o)
 .text.ded_GetParami
                0x000191de        0xa D:\oxygine-sound\dependencies\openalext\lib\android\libopenal.a(alEffect.o)
 .text.ded_GetParamiv
                0x000191e8        0xa D:\oxygine-sound\dependencies\openalext\lib\android\libopenal.a(alEffect.o)
 .text.ded_SetParami
                0x000191f2        0xa D:\oxygine-sound\dependencies\openalext\lib\android\libopenal.a(alEffect.o)
 .text.ded_SetParamiv
                0x000191fc        0xa D:\oxygine-sound\dependencies\openalext\lib\android\libopenal.a(alEffect.o)
 .text.mod_GetParamf
                0x00019206       0x22 D:\oxygine-sound\dependencies\openalext\lib\android\libopenal.a(alEffect.o)
 .text.mod_GetParamfv
                0x00019228        0x4 D:\oxygine-sound\dependencies\openalext\lib\android\libopenal.a(alEffect.o)
 .text.mod_GetParami
                0x0001922c       0x34 D:\oxygine-sound\dependencies\openalext\lib\android\libopenal.a(alEffect.o)
 .text.mod_GetParamiv
                0x00019260        0x4 D:\oxygine-sound\dependencies\openalext\lib\android\libopenal.a(alEffect.o)
 .text.echo_GetParamf
                0x00019264       0x38 D:\oxygine-sound\dependencies\openalext\lib\android\libopenal.a(alEffect.o)
 .text.echo_GetParamfv
                0x0001929c        0x4 D:\oxygine-sound\dependencies\openalext\lib\android\libopenal.a(alEffect.o)
 .text.echo_GetParami
                0x000192a0        0xa D:\oxygine-sound\dependencies\openalext\lib\android\libopenal.a(alEffect.o)
 .text.echo_GetParamiv
                0x000192aa        0xa D:\oxygine-sound\dependencies\openalext\lib\android\libopenal.a(alEffect.o)
 .text.echo_SetParamf
                0x000192b4       0xd4 D:\oxygine-sound\dependencies\openalext\lib\android\libopenal.a(alEffect.o)
 .text.echo_SetParamfv
                0x00019388        0x6 D:\oxygine-sound\dependencies\openalext\lib\android\libopenal.a(alEffect.o)
 .text.echo_SetParami
                0x0001938e        0xa D:\oxygine-sound\dependencies\openalext\lib\android\libopenal.a(alEffect.o)
 .text.echo_SetParamiv
                0x00019398        0xa D:\oxygine-sound\dependencies\openalext\lib\android\libopenal.a(alEffect.o)
 .text.reverb_GetParamf
                0x000193a2       0x58 D:\oxygine-sound\dependencies\openalext\lib\android\libopenal.a(alEffect.o)
 .text.reverb_GetParamfv
                0x000193fa        0x4 D:\oxygine-sound\dependencies\openalext\lib\android\libopenal.a(alEffect.o)
 .text.reverb_GetParami
                0x000193fe       0x16 D:\oxygine-sound\dependencies\openalext\lib\android\libopenal.a(alEffect.o)
 .text.reverb_GetParamiv
                0x00019414        0x4 D:\oxygine-sound\dependencies\openalext\lib\android\libopenal.a(alEffect.o)
 .text.reverb_SetParamf
                0x00019418      0x1d4 D:\oxygine-sound\dependencies\openalext\lib\android\libopenal.a(alEffect.o)
 .text.reverb_SetParamfv
                0x000195ec        0x6 D:\oxygine-sound\dependencies\openalext\lib\android\libopenal.a(alEffect.o)
 .text.reverb_SetParami
                0x000195f2       0x28 D:\oxygine-sound\dependencies\openalext\lib\android\libopenal.a(alEffect.o)
 .text.reverb_SetParamiv
                0x0001961a        0x6 D:\oxygine-sound\dependencies\openalext\lib\android\libopenal.a(alEffect.o)
 .text.eaxreverb_GetParamf
                0x00019620       0x82 D:\oxygine-sound\dependencies\openalext\lib\android\libopenal.a(alEffect.o)
 .text.eaxreverb_GetParami
                0x000196a2       0x16 D:\oxygine-sound\dependencies\openalext\lib\android\libopenal.a(alEffect.o)
 .text.eaxreverb_GetParamiv
                0x000196b8        0x4 D:\oxygine-sound\dependencies\openalext\lib\android\libopenal.a(alEffect.o)
 .text.eaxreverb_SetParamf
                0x000196bc      0x31c D:\oxygine-sound\dependencies\openalext\lib\android\libopenal.a(alEffect.o)
 .text.eaxreverb_SetParami
                0x000199d8       0x28 D:\oxygine-sound\dependencies\openalext\lib\android\libopenal.a(alEffect.o)
 .text.eaxreverb_SetParamiv
                0x00019a00        0x6 D:\oxygine-sound\dependencies\openalext\lib\android\libopenal.a(alEffect.o)
 .text.ded_SetParamf
                0x00019a06       0x48 D:\oxygine-sound\dependencies\openalext\lib\android\libopenal.a(alEffect.o)
 .text.ded_SetParamfv
                0x00019a4e        0x6 D:\oxygine-sound\dependencies\openalext\lib\android\libopenal.a(alEffect.o)
 .text.eaxreverb_SetParamfv
                0x00019a54       0x9c D:\oxygine-sound\dependencies\openalext\lib\android\libopenal.a(alEffect.o)
 .text.mod_SetParamf
                0x00019af0       0x6c D:\oxygine-sound\dependencies\openalext\lib\android\libopenal.a(alEffect.o)
 .text.mod_SetParamfv
                0x00019b5c        0x6 D:\oxygine-sound\dependencies\openalext\lib\android\libopenal.a(alEffect.o)
 .text.mod_SetParami
                0x00019b62       0x3a D:\oxygine-sound\dependencies\openalext\lib\android\libopenal.a(alEffect.o)
 .text.mod_SetParamiv
                0x00019b9c        0x6 D:\oxygine-sound\dependencies\openalext\lib\android\libopenal.a(alEffect.o)
 .text.eaxreverb_GetParamfv
                0x00019ba2       0x54 D:\oxygine-sound\dependencies\openalext\lib\android\libopenal.a(alEffect.o)
 .text.alDeleteEffects
                0x00019bf6       0x94 D:\oxygine-sound\dependencies\openalext\lib\android\libopenal.a(alEffect.o)
                0x00019bf6                alDeleteEffects
 .text.alIsEffect
                0x00019c8a       0x36 D:\oxygine-sound\dependencies\openalext\lib\android\libopenal.a(alEffect.o)
                0x00019c8a                alIsEffect
 .text.alEffecti
                0x00019cc0       0x98 D:\oxygine-sound\dependencies\openalext\lib\android\libopenal.a(alEffect.o)
                0x00019cc0                alEffecti
 .text.alEffectiv
                0x00019d58       0x42 D:\oxygine-sound\dependencies\openalext\lib\android\libopenal.a(alEffect.o)
                0x00019d58                alEffectiv
 .text.alEffectf
                0x00019d9a       0x42 D:\oxygine-sound\dependencies\openalext\lib\android\libopenal.a(alEffect.o)
                0x00019d9a                alEffectf
 .text.alEffectfv
                0x00019ddc       0x42 D:\oxygine-sound\dependencies\openalext\lib\android\libopenal.a(alEffect.o)
                0x00019ddc                alEffectfv
 .text.alGetEffecti
                0x00019e1e       0x50 D:\oxygine-sound\dependencies\openalext\lib\android\libopenal.a(alEffect.o)
                0x00019e1e                alGetEffecti
 .text.alGetEffectiv
                0x00019e6e       0x42 D:\oxygine-sound\dependencies\openalext\lib\android\libopenal.a(alEffect.o)
                0x00019e6e                alGetEffectiv
 .text.alGetEffectf
                0x00019eb0       0x42 D:\oxygine-sound\dependencies\openalext\lib\android\libopenal.a(alEffect.o)
                0x00019eb0                alGetEffectf
 .text.alGetEffectfv
                0x00019ef2       0x42 D:\oxygine-sound\dependencies\openalext\lib\android\libopenal.a(alEffect.o)
                0x00019ef2                alGetEffectfv
 .text.InitEffect
                0x00019f34        0xc D:\oxygine-sound\dependencies\openalext\lib\android\libopenal.a(alEffect.o)
                0x00019f34                InitEffect
 .text.alGenEffects
                0x00019f40       0xbc D:\oxygine-sound\dependencies\openalext\lib\android\libopenal.a(alEffect.o)
                0x00019f40                alGenEffects
 .text.ReleaseALEffects
                0x00019ffc       0x36 D:\oxygine-sound\dependencies\openalext\lib\android\libopenal.a(alEffect.o)
                0x00019ffc                ReleaseALEffects
 *fill*         0x0001a032        0x2 00000000
 .text.LoadReverbPreset
                0x0001a034      0x150 D:\oxygine-sound\dependencies\openalext\lib\android\libopenal.a(alEffect.o)
                0x0001a034                LoadReverbPreset
 .text.alIsExtensionPresent
                0x0001a184       0x8c D:\oxygine-sound\dependencies\openalext\lib\android\libopenal.a(alExtension.o)
                0x0001a184                alIsExtensionPresent
 .text.alGetProcAddress
                0x0001a210        0xc D:\oxygine-sound\dependencies\openalext\lib\android\libopenal.a(alExtension.o)
                0x0001a210                alGetProcAddress
 .text.alGetEnumValue
                0x0001a21c       0x64 D:\oxygine-sound\dependencies\openalext\lib\android\libopenal.a(alExtension.o)
                0x0001a21c                alGetEnumValue
 .text.null_GetParamfv
                0x0001a280        0xa D:\oxygine-sound\dependencies\openalext\lib\android\libopenal.a(alFilter.o)
 .text.null_GetParamf
                0x0001a28a        0xa D:\oxygine-sound\dependencies\openalext\lib\android\libopenal.a(alFilter.o)
 .text.null_GetParamiv
                0x0001a294        0xa D:\oxygine-sound\dependencies\openalext\lib\android\libopenal.a(alFilter.o)
 .text.null_GetParami
                0x0001a29e        0xa D:\oxygine-sound\dependencies\openalext\lib\android\libopenal.a(alFilter.o)
 .text.null_SetParamfv
                0x0001a2a8        0xa D:\oxygine-sound\dependencies\openalext\lib\android\libopenal.a(alFilter.o)
 .text.null_SetParamf
                0x0001a2b2        0xa D:\oxygine-sound\dependencies\openalext\lib\android\libopenal.a(alFilter.o)
 .text.null_SetParamiv
                0x0001a2bc        0xa D:\oxygine-sound\dependencies\openalext\lib\android\libopenal.a(alFilter.o)
 .text.null_SetParami
                0x0001a2c6        0xa D:\oxygine-sound\dependencies\openalext\lib\android\libopenal.a(alFilter.o)
 .text.lp_GetParamf
                0x0001a2d0       0x1e D:\oxygine-sound\dependencies\openalext\lib\android\libopenal.a(alFilter.o)
 .text.lp_GetParamfv
                0x0001a2ee        0x4 D:\oxygine-sound\dependencies\openalext\lib\android\libopenal.a(alFilter.o)
 .text.lp_GetParamiv
                0x0001a2f2        0xa D:\oxygine-sound\dependencies\openalext\lib\android\libopenal.a(alFilter.o)
 .text.lp_GetParami
                0x0001a2fc        0xa D:\oxygine-sound\dependencies\openalext\lib\android\libopenal.a(alFilter.o)
 .text.lp_SetParamiv
                0x0001a306        0xa D:\oxygine-sound\dependencies\openalext\lib\android\libopenal.a(alFilter.o)
 .text.lp_SetParami
                0x0001a310        0xa D:\oxygine-sound\dependencies\openalext\lib\android\libopenal.a(alFilter.o)
 .text.lp_SetParamf
                0x0001a31a       0x5e D:\oxygine-sound\dependencies\openalext\lib\android\libopenal.a(alFilter.o)
 .text.lp_SetParamfv
                0x0001a378        0x6 D:\oxygine-sound\dependencies\openalext\lib\android\libopenal.a(alFilter.o)
 .text.alDeleteFilters
                0x0001a37e       0x92 D:\oxygine-sound\dependencies\openalext\lib\android\libopenal.a(alFilter.o)
                0x0001a37e                alDeleteFilters
 .text.alGenFilters
                0x0001a410      0x114 D:\oxygine-sound\dependencies\openalext\lib\android\libopenal.a(alFilter.o)
                0x0001a410                alGenFilters
 .text.alIsFilter
                0x0001a524       0x36 D:\oxygine-sound\dependencies\openalext\lib\android\libopenal.a(alFilter.o)
                0x0001a524                alIsFilter
 *fill*         0x0001a55a        0x2 00000000
 .text.alFilteri
                0x0001a55c      0x108 D:\oxygine-sound\dependencies\openalext\lib\android\libopenal.a(alFilter.o)
                0x0001a55c                alFilteri
 .text.alFilteriv
                0x0001a664       0x52 D:\oxygine-sound\dependencies\openalext\lib\android\libopenal.a(alFilter.o)
                0x0001a664                alFilteriv
 .text.alFilterf
                0x0001a6b6       0x40 D:\oxygine-sound\dependencies\openalext\lib\android\libopenal.a(alFilter.o)
                0x0001a6b6                alFilterf
 .text.alFilterfv
                0x0001a6f6       0x40 D:\oxygine-sound\dependencies\openalext\lib\android\libopenal.a(alFilter.o)
                0x0001a6f6                alFilterfv
 .text.alGetFilteri
                0x0001a736       0x4e D:\oxygine-sound\dependencies\openalext\lib\android\libopenal.a(alFilter.o)
                0x0001a736                alGetFilteri
 .text.alGetFilteriv
                0x0001a784       0x50 D:\oxygine-sound\dependencies\openalext\lib\android\libopenal.a(alFilter.o)
                0x0001a784                alGetFilteriv
 .text.alGetFilterf
                0x0001a7d4       0x40 D:\oxygine-sound\dependencies\openalext\lib\android\libopenal.a(alFilter.o)
                0x0001a7d4                alGetFilterf
 .text.alGetFilterfv
                0x0001a814       0x40 D:\oxygine-sound\dependencies\openalext\lib\android\libopenal.a(alFilter.o)
                0x0001a814                alGetFilterfv
 .text.lpCoeffCalc
                0x0001a854       0x8c D:\oxygine-sound\dependencies\openalext\lib\android\libopenal.a(alFilter.o)
                0x0001a854                lpCoeffCalc
 .text.ReleaseALFilters
                0x0001a8e0       0x38 D:\oxygine-sound\dependencies\openalext\lib\android\libopenal.a(alFilter.o)
                0x0001a8e0                ReleaseALFilters
 .text.unlikely.aluNormalize
                0x0001a918       0x60 D:\oxygine-sound\dependencies\openalext\lib\android\libopenal.a(alListener.o)
 .text.alListenerf
                0x0001a978       0x8c D:\oxygine-sound\dependencies\openalext\lib\android\libopenal.a(alListener.o)
                0x0001a978                alListenerf
 .text.alListener3f
                0x0001aa04       0xae D:\oxygine-sound\dependencies\openalext\lib\android\libopenal.a(alListener.o)
                0x0001aa04                alListener3f
 *fill*         0x0001aab2        0x2 00000000
 .text.alListenerfv
                0x0001aab4      0x1ac D:\oxygine-sound\dependencies\openalext\lib\android\libopenal.a(alListener.o)
                0x0001aab4                alListenerfv
 .text.alListeneri
                0x0001ac60       0x1e D:\oxygine-sound\dependencies\openalext\lib\android\libopenal.a(alListener.o)
                0x0001ac60                alListeneri
 .text.alListener3i
                0x0001ac7e       0x58 D:\oxygine-sound\dependencies\openalext\lib\android\libopenal.a(alListener.o)
                0x0001ac7e                alListener3i
 .text.alListeneriv
                0x0001acd6       0xbe D:\oxygine-sound\dependencies\openalext\lib\android\libopenal.a(alListener.o)
                0x0001acd6                alListeneriv
 .text.alGetListenerf
                0x0001ad94       0x4c D:\oxygine-sound\dependencies\openalext\lib\android\libopenal.a(alListener.o)
                0x0001ad94                alGetListenerf
 .text.alGetListener3f
                0x0001ade0       0x98 D:\oxygine-sound\dependencies\openalext\lib\android\libopenal.a(alListener.o)
                0x0001ade0                alGetListener3f
 .text.alGetListenerfv
                0x0001ae78       0xa8 D:\oxygine-sound\dependencies\openalext\lib\android\libopenal.a(alListener.o)
                0x0001ae78                alGetListenerfv
 .text.alGetListeneri
                0x0001af20       0x26 D:\oxygine-sound\dependencies\openalext\lib\android\libopenal.a(alListener.o)
                0x0001af20                alGetListeneri
 .text.alGetListener3i
                0x0001af46       0xc2 D:\oxygine-sound\dependencies\openalext\lib\android\libopenal.a(alListener.o)
                0x0001af46                alGetListener3i
 .text.alGetListeneriv
                0x0001b008       0xb4 D:\oxygine-sound\dependencies\openalext\lib\android\libopenal.a(alListener.o)
                0x0001b008                alGetListeneriv
 .text.alEnable
                0x0001b0bc       0x32 D:\oxygine-sound\dependencies\openalext\lib\android\libopenal.a(alState.o)
                0x0001b0bc                alEnable
 .text.alDisable
                0x0001b0ee       0x34 D:\oxygine-sound\dependencies\openalext\lib\android\libopenal.a(alState.o)
                0x0001b0ee                alDisable
 .text.alIsEnabled
                0x0001b122       0x30 D:\oxygine-sound\dependencies\openalext\lib\android\libopenal.a(alState.o)
                0x0001b122                alIsEnabled
 .text.alGetBoolean
                0x0001b152       0x8a D:\oxygine-sound\dependencies\openalext\lib\android\libopenal.a(alState.o)
                0x0001b152                alGetBoolean
 *fill*         0x0001b1dc        0x4 00000000
 .text.alGetDouble
                0x0001b1e0       0x98 D:\oxygine-sound\dependencies\openalext\lib\android\libopenal.a(alState.o)
                0x0001b1e0                alGetDouble
 .text.alGetFloat
                0x0001b278       0x90 D:\oxygine-sound\dependencies\openalext\lib\android\libopenal.a(alState.o)
                0x0001b278                alGetFloat
 .text.alGetInteger
                0x0001b308       0x76 D:\oxygine-sound\dependencies\openalext\lib\android\libopenal.a(alState.o)
                0x0001b308                alGetInteger
 .text.alGetBooleanv
                0x0001b37e       0x44 D:\oxygine-sound\dependencies\openalext\lib\android\libopenal.a(alState.o)
                0x0001b37e                alGetBooleanv
 .text.alGetDoublev
                0x0001b3c2       0x46 D:\oxygine-sound\dependencies\openalext\lib\android\libopenal.a(alState.o)
                0x0001b3c2                alGetDoublev
 .text.alGetFloatv
                0x0001b408       0x44 D:\oxygine-sound\dependencies\openalext\lib\android\libopenal.a(alState.o)
                0x0001b408                alGetFloatv
 .text.alGetIntegerv
                0x0001b44c       0x44 D:\oxygine-sound\dependencies\openalext\lib\android\libopenal.a(alState.o)
                0x0001b44c                alGetIntegerv
 .text.alGetString
                0x0001b490       0xf0 D:\oxygine-sound\dependencies\openalext\lib\android\libopenal.a(alState.o)
                0x0001b490                alGetString
 .text.alDopplerFactor
                0x0001b580       0x50 D:\oxygine-sound\dependencies\openalext\lib\android\libopenal.a(alState.o)
                0x0001b580                alDopplerFactor
 .text.alDopplerVelocity
                0x0001b5d0       0x50 D:\oxygine-sound\dependencies\openalext\lib\android\libopenal.a(alState.o)
                0x0001b5d0                alDopplerVelocity
 .text.alSpeedOfSound
                0x0001b620       0x50 D:\oxygine-sound\dependencies\openalext\lib\android\libopenal.a(alState.o)
                0x0001b620                alSpeedOfSound
 .text.alDistanceModel
                0x0001b670       0x3e D:\oxygine-sound\dependencies\openalext\lib\android\libopenal.a(alState.o)
                0x0001b670                alDistanceModel
 .text.alDeferUpdatesSOFT
                0x0001b6ae       0xf6 D:\oxygine-sound\dependencies\openalext\lib\android\libopenal.a(alState.o)
                0x0001b6ae                alDeferUpdatesSOFT
 .text.alProcessUpdatesSOFT
                0x0001b7a4       0xba D:\oxygine-sound\dependencies\openalext\lib\android\libopenal.a(alState.o)
                0x0001b7a4                alProcessUpdatesSOFT
 .text.DedicatedDeviceUpdate
                0x0001b85e        0x4 D:\oxygine-sound\dependencies\openalext\lib\android\libopenal.a(alcDedicated.o)
 .text.DedicatedProcess
                0x0001b862       0x2c D:\oxygine-sound\dependencies\openalext\lib\android\libopenal.a(alcDedicated.o)
 .text.DedicatedUpdate
                0x0001b88e       0x6c D:\oxygine-sound\dependencies\openalext\lib\android\libopenal.a(alcDedicated.o)
 .text.DedicatedDestroy
                0x0001b8fa        0x4 D:\oxygine-sound\dependencies\openalext\lib\android\libopenal.a(alcDedicated.o)
 *fill*         0x0001b8fe        0x2 00000000
 .text.DedicatedCreate
                0x0001b900       0x44 D:\oxygine-sound\dependencies\openalext\lib\android\libopenal.a(alcDedicated.o)
                0x0001b900                DedicatedCreate
 .text.EchoProcess
                0x0001b944       0xd0 D:\oxygine-sound\dependencies\openalext\lib\android\libopenal.a(alcEcho.o)
 .text.EchoUpdate
                0x0001ba14      0x190 D:\oxygine-sound\dependencies\openalext\lib\android\libopenal.a(alcEcho.o)
 .text.EchoDeviceUpdate
                0x0001bba4       0x78 D:\oxygine-sound\dependencies\openalext\lib\android\libopenal.a(alcEcho.o)
 .text.EchoDestroy
                0x0001bc1c       0x1c D:\oxygine-sound\dependencies\openalext\lib\android\libopenal.a(alcEcho.o)
 .text.EchoCreate
                0x0001bc38       0x48 D:\oxygine-sound\dependencies\openalext\lib\android\libopenal.a(alcEcho.o)
                0x0001bc38                EchoCreate
 .text.ModulatorDeviceUpdate
                0x0001bc80        0x4 D:\oxygine-sound\dependencies\openalext\lib\android\libopenal.a(alcModulator.o)
 .text.ModulatorProcess
                0x0001bc84      0x198 D:\oxygine-sound\dependencies\openalext\lib\android\libopenal.a(alcModulator.o)
 .text.ModulatorUpdate
                0x0001be1c      0x104 D:\oxygine-sound\dependencies\openalext\lib\android\libopenal.a(alcModulator.o)
 .text.ModulatorDestroy
                0x0001bf20        0x4 D:\oxygine-sound\dependencies\openalext\lib\android\libopenal.a(alcModulator.o)
 .text.ModulatorCreate
                0x0001bf24       0x44 D:\oxygine-sound\dependencies\openalext\lib\android\libopenal.a(alcModulator.o)
                0x0001bf24                ModulatorCreate
 .text.StarterFunc
                0x0001bf68       0x10 D:\oxygine-sound\dependencies\openalext\lib\android\libopenal.a(alcThread.o)
 .text.StartThread
                0x0001bf78       0x38 D:\oxygine-sound\dependencies\openalext\lib\android\libopenal.a(alcThread.o)
                0x0001bf78                StartThread
 .text.StopThread
                0x0001bfb0       0x18 D:\oxygine-sound\dependencies\openalext\lib\android\libopenal.a(alcThread.o)
                0x0001bfb0                StopThread
 .text          0x0001bfc8       0xc4 d:/android/android-ndk-r8e/toolchains/arm-linux-androideabi-4.4.3/prebuilt/windows/bin/../lib/gcc/arm-linux-androideabi/4.4.3\libgcc.a(_udivsi3.o)
                0x0001bfc8                __udivsi3
                0x0001bfc8                __aeabi_uidiv
                0x0001c074                __aeabi_uidivmod
 .text          0x0001c08c       0xf4 d:/android/android-ndk-r8e/toolchains/arm-linux-androideabi-4.4.3/prebuilt/windows/bin/../lib/gcc/arm-linux-androideabi/4.4.3\libgcc.a(_divsi3.o)
                0x0001c08c                __aeabi_idiv
                0x0001c08c                __divsi3
                0x0001c168                __aeabi_idivmod
 .text          0x0001c180       0x1c d:/android/android-ndk-r8e/toolchains/arm-linux-androideabi-4.4.3/prebuilt/windows/bin/../lib/gcc/arm-linux-androideabi/4.4.3\libgcc.a(_aeabi_ldivmod.o)
                0x0001c180                __aeabi_ldivmod
 .text          0x0001c19c       0x1c d:/android/android-ndk-r8e/toolchains/arm-linux-androideabi-4.4.3/prebuilt/windows/bin/../lib/gcc/arm-linux-androideabi/4.4.3\libgcc.a(_aeabi_uldivmod.o)
                0x0001c19c                __aeabi_uldivmod
 .text          0x0001c1b8       0x10 d:/android/android-ndk-r8e/toolchains/arm-linux-androideabi-4.4.3/prebuilt/windows/bin/../lib/gcc/arm-linux-androideabi/4.4.3\libgcc.a(_dvmd_lnx.o)
                0x0001c1b8                __div0
 .text          0x0001c1c8       0x88 d:/android/android-ndk-r8e/toolchains/arm-linux-androideabi-4.4.3/prebuilt/windows/bin/../lib/gcc/arm-linux-androideabi/4.4.3\libgcc.a(bpabi.o)
                0x0001c1c8                __gnu_uldivmod_helper
                0x0001c20c                __gnu_ldivmod_helper
 .text          0x0001c250      0xec4 d:/android/android-ndk-r8e/toolchains/arm-linux-androideabi-4.4.3/prebuilt/windows/bin/../lib/gcc/arm-linux-androideabi/4.4.3\libgcc.a(unwind-arm.o)
                0x0001cc78                __gnu_Unwind_RaiseException
                0x0001c7d0                __aeabi_unwind_cpp_pr0
                0x0001c300                _Unwind_GetCFA
                0x0001c29c                _Unwind_VRS_Set
                0x0001ca14                __gnu_Unwind_Backtrace
                0x0001cda8                _Unwind_VRS_Pop
                0x0001c7c0                __aeabi_unwind_cpp_pr2
                0x0001c30c                _Unwind_DeleteException
                0x0001c308                _Unwind_Complete
                0x0001cd3c                __gnu_Unwind_Resume
                0x0001cc04                __gnu_Unwind_ForcedUnwind
                0x0001cd1c                __gnu_Unwind_Resume_or_Rethrow
                0x0001c250                _Unwind_VRS_Get
                0x0001c7c8                __aeabi_unwind_cpp_pr1
 .text          0x0001d114      0x1a8 d:/android/android-ndk-r8e/toolchains/arm-linux-androideabi-4.4.3/prebuilt/windows/bin/../lib/gcc/arm-linux-androideabi/4.4.3\libgcc.a(libunwind.o)
                0x0001d274                ___Unwind_ForcedUnwind
                0x0001d130                __gnu_Unwind_Save_VFP
                0x0001d250                _Unwind_Resume_or_Rethrow
                0x0001d250                ___Unwind_Resume_or_Rethrow
                0x0001d298                _Unwind_Backtrace
                0x0001d114                __restore_core_regs
                0x0001d150                __gnu_Unwind_Save_VFP_D_16_to_31
                0x0001d140                __gnu_Unwind_Save_VFP_D
                0x0001d298                ___Unwind_Backtrace
                0x0001d208                ___Unwind_RaiseException
                0x0001d22c                ___Unwind_Resume
                0x0001d158                __gnu_Unwind_Restore_WMMXD
                0x0001d128                __gnu_Unwind_Restore_VFP
                0x0001d22c                _Unwind_Resume
                0x0001d138                __gnu_Unwind_Restore_VFP_D
                0x0001d148                __gnu_Unwind_Restore_VFP_D_16_to_31
                0x0001d208                _Unwind_RaiseException
                0x0001d114                restore_core_regs
                0x0001d1f4                __gnu_Unwind_Save_WMMXC
                0x0001d1e0                __gnu_Unwind_Restore_WMMXC
                0x0001d274                _Unwind_ForcedUnwind
                0x0001d19c                __gnu_Unwind_Save_WMMXD
 .text          0x0001d2bc      0x484 d:/android/android-ndk-r8e/toolchains/arm-linux-androideabi-4.4.3/prebuilt/windows/bin/../lib/gcc/arm-linux-androideabi/4.4.3\libgcc.a(pr-support.o)
                0x0001d35c                _Unwind_GetRegionStart
                0x0001d388                __gnu_unwind_execute
                0x0001d314                _Unwind_GetTextRelBase
                0x0001d324                _Unwind_GetLanguageSpecificData
                0x0001d700                __gnu_unwind_frame
                0x0001d31c                _Unwind_GetDataRelBase
 .text          0x0001d740      0x47c d:/android/android-ndk-r8e/toolchains/arm-linux-androideabi-4.4.3/prebuilt/windows/bin/../lib/gcc/arm-linux-androideabi/4.4.3\libgcc.a(_divdi3.o)
                0x0001d740                __divdi3
 .text          0x0001dbbc      0x40c d:/android/android-ndk-r8e/toolchains/arm-linux-androideabi-4.4.3/prebuilt/windows/bin/../lib/gcc/arm-linux-androideabi/4.4.3\libgcc.a(_udivdi3.o)
                0x0001dbbc                __udivdi3
 .text.stub     0x0001dfc8      0x170 linker stubs
 *(.gnu.warning)
 *(.glue_7t)
 .glue_7t       0x00000000        0x0 linker stubs
 *(.glue_7)
 .glue_7        0x00000000        0x0 linker stubs
 *(.vfp11_veneer)
 .vfp11_veneer  0x00000000        0x0 linker stubs
 *(.v4_bx)
 .v4_bx         0x00000000        0x0 linker stubs

.fini
 *(.fini)
                0x0001e138                PROVIDE (__etext, .)
                0x0001e138                PROVIDE (_etext, .)
                0x0001e138                PROVIDE (etext, .)

.rodata         0x0001e138    0x150a7
 *(.rodata .rodata.* .gnu.linkonce.r.*)
 .rodata        0x0001e138        0xc debug\openalext_register.os
 .rodata        0x0001e144      0xa80 D:\oxygine-sound\dependencies\openalext\lib\android\libopenal.a(alBuffer.o)
 .rodata        0x0001ebc4       0x18 D:\oxygine-sound\dependencies\openalext\lib\android\libopenal.a(alSource.o)
                0x0001ebd0                ResamplerPadding
                0x0001ebc4                ResamplerPrePadding
 .rodata        0x0001ebdc        0xe D:\oxygine-sound\dependencies\openalext\lib\android\libopenal.a(alThunk.o)
 .rodata.str1.1
                0x0001ebea       0x2a D:\oxygine-sound\dependencies\openalext\lib\android\libopenal.a(alThunk.o)
 .rodata        0x0001ec14      0x87c D:\oxygine-sound\dependencies\openalext\lib\android\libopenal.a(ALc.o)
 .rodata.str1.1
                0x0001f490     0x12f8 D:\oxygine-sound\dependencies\openalext\lib\android\libopenal.a(ALc.o)
                               0x130c (size before relaxing)
 .rodata        0x00020788       0x22 D:\oxygine-sound\dependencies\openalext\lib\android\libopenal.a(alcConfig.o)
 .rodata.str1.1
                0x000207aa      0x1ca D:\oxygine-sound\dependencies\openalext\lib\android\libopenal.a(alcConfig.o)
                                0x1d2 (size before relaxing)
 .rodata        0x00020974       0x3c D:\oxygine-sound\dependencies\openalext\lib\android\libopenal.a(alcReverb.o)
 .rodata.str1.1
                0x000209b0       0x2f D:\oxygine-sound\dependencies\openalext\lib\android\libopenal.a(alcReverb.o)
 *fill*         0x000209df        0x1 00
 .rodata        0x000209e0       0xf0 D:\oxygine-sound\dependencies\openalext\lib\android\libopenal.a(ALu.o)
 .rodata        0x00020ad0       0x18 D:\oxygine-sound\dependencies\openalext\lib\android\libopenal.a(helpers.o)
 .rodata.str1.1
                0x00020ae8       0x4d D:\oxygine-sound\dependencies\openalext\lib\android\libopenal.a(helpers.o)
 *fill*         0x00020b35        0x3 00