Archive member included because of file (symbol)

D:\oxygine-sound\dependencies\openalext\lib\android\libopenal.a(alBuffer.o)
                              release\openalext_platform.os (alDeleteBuffers)
D:\oxygine-sound\dependencies\openalext\lib\android\libopenal.a(alError.o)
                              release\openalext_platform.os (alGetError)
D:\oxygine-sound\dependencies\openalext\lib\android\libopenal.a(alSource.o)
                              release\openalext_platform.os (alDeleteSources)
D:\oxygine-sound\dependencies\openalext\lib\android\libopenal.a(alThunk.o)
                              D:\oxygine-sound\dependencies\openalext\lib\android\libopenal.a(alBuffer.o) (NewThunkEntry)
D:\oxygine-sound\dependencies\openalext\lib\android\libopenal.a(ALc.o)
                              release\openalext_platform.os (alcSuspendContext)
D:\oxygine-sound\dependencies\openalext\lib\android\libopenal.a(alcConfig.o)
                              D:\oxygine-sound\dependencies\openalext\lib\android\libopenal.a(ALc.o) (ReadALConfig)
D:\oxygine-sound\dependencies\openalext\lib\android\libopenal.a(alcReverb.o)
                              D:\oxygine-sound\dependencies\openalext\lib\android\libopenal.a(ALc.o) (EmulateEAXReverb)
D:\oxygine-sound\dependencies\openalext\lib\android\libopenal.a(ALu.o)
                              D:\oxygine-sound\dependencies\openalext\lib\android\libopenal.a(alSource.o) (CalcNonAttnSourceParams)
D:\oxygine-sound\dependencies\openalext\lib\android\libopenal.a(bs2b.o)
                              D:\oxygine-sound\dependencies\openalext\lib\android\libopenal.a(ALc.o) (bs2b_set_level)
D:\oxygine-sound\dependencies\openalext\lib\android\libopenal.a(helpers.o)
                              D:\oxygine-sound\dependencies\openalext\lib\android\libopenal.a(ALc.o) (InitializeCriticalSection)
D:\oxygine-sound\dependencies\openalext\lib\android\libopenal.a(hrtf.o)
                              D:\oxygine-sound\dependencies\openalext\lib\android\libopenal.a(ALu.o) (CalcHrtfDelta)
D:\oxygine-sound\dependencies\openalext\lib\android\libopenal.a(mixer.o)
                              D:\oxygine-sound\dependencies\openalext\lib\android\libopenal.a(ALu.o) (SelectMixer)
D:\oxygine-sound\dependencies\openalext\lib\android\libopenal.a(panning.o)
                              D:\oxygine-sound\dependencies\openalext\lib\android\libopenal.a(alcReverb.o) (aluCart2LUTpos)
D:\oxygine-sound\dependencies\openalext\lib\android\libopenal.a(android.o)
                              D:\oxygine-sound\dependencies\openalext\lib\android\libopenal.a(ALc.o) (alc_android_init)
D:\oxygine-sound\dependencies\openalext\lib\android\libopenal.a(opensl.o)
                              D:\oxygine-sound\dependencies\openalext\lib\android\libopenal.a(ALc.o) (alc_opensl_init)
D:\oxygine-sound\dependencies\openalext\lib\android\libopenal.a(null.o)
                              D:\oxygine-sound\dependencies\openalext\lib\android\libopenal.a(ALc.o) (alc_null_init)
D:\oxygine-sound\dependencies\openalext\lib\android\libopenal.a(loopback.o)
                              D:\oxygine-sound\dependencies\openalext\lib\android\libopenal.a(ALc.o) (alc_loopback_init)
D:\oxygine-sound\dependencies\openalext\lib\android\libopenal.a(alAuxEffectSlot.o)
                              D:\oxygine-sound\dependencies\openalext\lib\android\libopenal.a(ALc.o) (alDeleteAuxiliaryEffectSlots)
D:\oxygine-sound\dependencies\openalext\lib\android\libopenal.a(alEffect.o)
                              D:\oxygine-sound\dependencies\openalext\lib\android\libopenal.a(ALc.o) (alDeleteEffects)
D:\oxygine-sound\dependencies\openalext\lib\android\libopenal.a(alExtension.o)
                              D:\oxygine-sound\dependencies\openalext\lib\android\libopenal.a(ALc.o) (alIsExtensionPresent)
D:\oxygine-sound\dependencies\openalext\lib\android\libopenal.a(alFilter.o)
                              D:\oxygine-sound\dependencies\openalext\lib\android\libopenal.a(ALc.o) (alDeleteFilters)
D:\oxygine-sound\dependencies\openalext\lib\android\libopenal.a(alListener.o)
                              D:\oxygine-sound\dependencies\openalext\lib\android\libopenal.a(ALc.o) (alListenerf)
D:\oxygine-sound\dependencies\openalext\lib\android\libopenal.a(alState.o)
                              D:\oxygine-sound\dependencies\openalext\lib\android\libopenal.a(ALc.o) (alEnable)
D:\oxygine-sound\dependencies\openalext\lib\android\libopenal.a(alcDedicated.o)
                              D:\oxygine-sound\dependencies\openalext\lib\android\libopenal.a(alAuxEffectSlot.o) (DedicatedCreate)
D:\oxygine-sound\dependencies\openalext\lib\android\libopenal.a(alcEcho.o)
                              D:\oxygine-sound\dependencies\openalext\lib\android\libopenal.a(alAuxEffectSlot.o) (EchoCreate)
D:\oxygine-sound\dependencies\openalext\lib\android\libopenal.a(alcModulator.o)
[...]
Memory Configuration

Name             Origin             Length             Attributes
*default*        0x00000000         0xffffffff

Linker script and memory map

LOAD d:/android/android-ndk-r8e/platforms/android-9/arch-arm/usr/lib/crtbegin_so.o
LOAD release\openalext_platform.os
LOAD release\openalext.os
LOAD release\openalext_register.os
LOAD D:\oxygine-sound\dependencies\openalext\lib\android\libopenal.a
LOAD D:\android\android-ndk-r8e\platforms\android-9\arch-arm\usr\lib/libOpenSLES.so
LOAD D:\marmalade\7.1\s3e\edk\lib\android\libedk.a
LOAD D:\marmalade\7.1\s3e\edk\lib\android/libplaceholderplaceholderplaceholderplaceholderplaceholder.so
LOAD D:\android\android-ndk-r8e\platforms\android-9\arch-arm\usr\lib/liblog.so
LOAD D:\android\android-ndk-r8e\sources\cxx-stl\gnu-libstdc++\4.4.3\libs\armeabi\libgnustl_static.a
LOAD d:/android/android-ndk-r8e/toolchains/arm-linux-androideabi-4.4.3/prebuilt/windows/bin/../lib/gcc/arm-linux-androideabi/4.4.3\libgcc.a
LOAD D:\android\android-ndk-r8e\platforms\android-9\arch-arm\usr\lib/libstdc++.so
LOAD D:\android\android-ndk-r8e\platforms\android-9\arch-arm\usr\lib/libm.so
LOAD D:\android\android-ndk-r8e\platforms\android-9\arch-arm\usr\lib/libc.so
LOAD d:/android/android-ndk-r8e/toolchains/arm-linux-androideabi-4.4.3/prebuilt/windows/bin/../lib/gcc/arm-linux-androideabi/4.4.3\libgcc.a
LOAD D:\android\android-ndk-r8e\platforms\android-9\arch-arm\usr\lib/libc.so
LOAD D:\android\android-ndk-r8e\platforms\android-9\arch-arm\usr\lib/libdl.so
LOAD d:/android/android-ndk-r8e/toolchains/arm-linux-androideabi-4.4.3/prebuilt/windows/bin/../lib/gcc/arm-linux-androideabi/4.4.3\libgcc.a
LOAD d:/android/android-ndk-r8e/platforms/android-9/arch-arm/usr/lib/crtend_so.o
                0x000000f4                . = (0x0 + SIZEOF_HEADERS)

.note.gnu.build-id
 *(.note.gnu.build-id)

.hash           0x000000f4      0xa8c
 *(.hash)
 .hash          0x000000f4      0xa8c d:/android/android-ndk-r8e/platforms/android-9/arch-arm/usr/lib/crtbegin_so.o

.gnu.hash
 *(.gnu.hash)

.dynsym         0x00000b80     0x19a0
 *(.dynsym)
 .dynsym        0x00000b80     0x19a0 d:/android/android-ndk-r8e/platforms/android-9/arch-arm/usr/lib/crtbegin_so.o

.dynstr         0x00002520     0x17ff
 *(.dynstr)
 .dynstr        0x00002520     0x17ff d:/android/android-ndk-r8e/platforms/android-9/arch-arm/usr/lib/crtbegin_so.o

.gnu.version    0x00003d20        0x0 load address 0x00003d1f
 *(.gnu.version)
 .gnu.version   0x00000000        0x0 d:/android/android-ndk-r8e/platforms/android-9/arch-arm/usr/lib/crtbegin_so.o

.gnu.version_d  0x00003d20        0x0 load address 0x00003d1f
 *(.gnu.version_d)
 .gnu.version_d
                0x00000000        0x0 d:/android/android-ndk-r8e/platforms/android-9/arch-arm/usr/lib/crtbegin_so.o

.gnu.version_r  0x00003d20        0x0 load address 0x00003d1f
 *(.gnu.version_r)
 .gnu.version_r
                0x00000000        0x0 d:/android/android-ndk-r8e/platforms/android-9/arch-arm/usr/lib/crtbegin_so.o

.rel.dyn        0x00003d20     0x1400
 *(.rel.init)
 *(.rel.text .rel.text.* .rel.gnu.linkonce.t.*)
 *(.rel.fini)
 *(.rel.rodata .rel.rodata.* .rel.gnu.linkonce.r.*)
 *(.rel.data.rel.ro* .rel.gnu.linkonce.d.rel.ro.*)
 .rel.data.rel.ro
                0x00003d20      0x8a0 d:/android/android-ndk-r8e/platforms/android-9/arch-arm/usr/lib/crtbegin_so.o
 .rel.data.rel.ro.local
                0x000045c0      0x918 d:/android/android-ndk-r8e/platforms/android-9/arch-arm/usr/lib/crtbegin_so.o
 *(.rel.data .rel.data.* .rel.gnu.linkonce.d.*)
 .rel.data.rel  0x00004ed8       0x80 d:/android/android-ndk-r8e/platforms/android-9/arch-arm/usr/lib/crtbegin_so.o
 *(.rel.tdata .rel.tdata.* .rel.gnu.linkonce.td.*)
 *(.rel.tbss .rel.tbss.* .rel.gnu.linkonce.tb.*)
 *(.rel.ctors)
 *(.rel.dtors)
 *(.rel.got)
 .rel.got       0x00004f58      0x1b0 d:/android/android-ndk-r8e/platforms/android-9/arch-arm/usr/lib/crtbegin_so.o
 *(.rel.bss .rel.bss.* .rel.gnu.linkonce.b.*)
 .rel.fini_array
                0x00005108       0x10 d:/android/android-ndk-r8e/platforms/android-9/arch-arm/usr/lib/crtbegin_so.o
 .rel.init_array
                0x00005118        0x8 d:/android/android-ndk-r8e/platforms/android-9/arch-arm/usr/lib/crtbegin_so.o

.rela.dyn
 *(.rela.init)
 *(.rela.text .rela.text.* .rela.gnu.linkonce.t.*)
 *(.rela.fini)
 *(.rela.rodata .rela.rodata.* .rela.gnu.linkonce.r.*)
 *(.rela.data .rela.data.* .rela.gnu.linkonce.d.*)
 *(.rela.tdata .rela.tdata.* .rela.gnu.linkonce.td.*)
 *(.rela.tbss .rela.tbss.* .rela.gnu.linkonce.tb.*)
 *(.rela.ctors)
 *(.rela.dtors)
 *(.rela.got)
 *(.rela.bss .rela.bss.* .rela.gnu.linkonce.b.*)

.rel.plt        0x00005120      0x260
 *(.rel.plt)
 .rel.plt       0x00005120      0x260 d:/android/android-ndk-r8e/platforms/android-9/arch-arm/usr/lib/crtbegin_so.o

.rela.plt
 *(.rela.plt)

.init
 *(.init)

.plt            0x00005380      0x3cc
 *(.plt)
 .plt           0x00005380      0x3cc d:/android/android-ndk-r8e/platforms/android-9/arch-arm/usr/lib/crtbegin_so.o

.text           0x00005750    0x188b0
 *(.text .stub .text.* .gnu.linkonce.t.*)
 .text.exit     0x00005750       0x10 d:/android/android-ndk-r8e/platforms/android-9/arch-arm/usr/lib/crtbegin_so.o
                0x00005750                __on_dlclose
 .text._Z22openalextInit_platformv
                0x00005760        0x8 release\openalext_platform.os
                0x00005760                openalextInit_platform()
 .text._Z27openalextTerminate_platformv
                0x00005768        0x4 release\openalext_platform.os
                0x00005768                openalextTerminate_platform()
 .text._Z30_alcGetCurrentContext_platformv
                0x0000576c        0x4 release\openalext_platform.os
                0x0000576c                _alcGetCurrentContext_platform()
 .text._Z27_alcDestroyContext_platformP11_ALCcontext
                0x00005770        0x4 release\openalext_platform.os
                0x00005770                _alcDestroyContext_platform(_ALCcontext*)
 .text._Z27_alcSuspendContext_platformP11_ALCcontext
                0x00005774        0x4 release\openalext_platform.os
                0x00005774                _alcSuspendContext_platform(_ALCcontext*)
 .text._Z27_alcProcessContext_platformP11_ALCcontext
                0x00005778        0x4 release\openalext_platform.os
                0x00005778                _alcProcessContext_platform(_ALCcontext*)
 .text._Z31_alcMakeContextCurrent_platformP11_ALCcontext
                0x0000577c        0x4 release\openalext_platform.os
                0x0000577c                _alcMakeContextCurrent_platform(_ALCcontext*)
 .text._Z26_alcCreateContext_platformP10_ALCdevicePKi
                0x00005780        0x4 release\openalext_platform.os
                0x00005780                _alcCreateContext_platform(_ALCdevice*, int const*)
 .text._Z24_alcCloseDevice_platformP10_ALCdevice
                0x00005784        0x4 release\openalext_platform.os
                0x00005784                _alcCloseDevice_platform(_ALCdevice*)
 .text._Z23_alcOpenDevice_platformPKc
                0x00005788        0x4 release\openalext_platform.os
                0x00005788                _alcOpenDevice_platform(char const*)
 .text._Z22_alBufferData_platformjjPKvii
                0x0000578c        0x4 release\openalext_platform.os
                0x0000578c                _alBufferData_platform(unsigned int, unsigned int, void const*, int, int)
 .text._Z25_alDeleteBuffers_platformiPKj
                0x00005790        0x4 release\openalext_platform.os
                0x00005790                _alDeleteBuffers_platform(int, unsigned int const*)
 .text._Z22_alGenBuffers_platformiPj
                0x00005794        0x4 release\openalext_platform.os
                0x00005794                _alGenBuffers_platform(int, unsigned int*)
 .text._Z25_alDeleteSources_platformiPKj
                0x00005798        0x4 release\openalext_platform.os
                0x00005798                _alDeleteSources_platform(int, unsigned int const*)
 .text._Z22_alGenSources_platformiPj
                0x0000579c        0x4 release\openalext_platform.os
                0x0000579c                _alGenSources_platform(int, unsigned int*)
 .text._Z23_alSourcePause_platformj
                0x000057a0        0x4 release\openalext_platform.os
                0x000057a0                _alSourcePause_platform(unsigned int)
 .text._Z22_alSourceStop_platformj
                0x000057a4        0x4 release\openalext_platform.os
                0x000057a4                _alSourceStop_platform(unsigned int)
 .text._Z22_alSourcePlay_platformj
                0x000057a8        0x4 release\openalext_platform.os
                0x000057a8                _alSourcePlay_platform(unsigned int)
 .text._Z19_alSourcei_platformjji
                0x000057ac        0x4 release\openalext_platform.os
                0x000057ac                _alSourcei_platform(unsigned int, unsigned int, int)
 .text._Z19_alSourcef_platformjjf
                0x000057b0        0x4 release\openalext_platform.os
                0x000057b0                _alSourcef_platform(unsigned int, unsigned int, float)
 .text._Z22_alGetSourcef_platformjjPf
                0x000057b4        0x4 release\openalext_platform.os
                0x000057b4                _alGetSourcef_platform(unsigned int, unsigned int, float*)
 .text._Z22_alGetSourcei_platformjjPi
                0x000057b8        0x4 release\openalext_platform.os
                0x000057b8                _alGetSourcei_platform(unsigned int, unsigned int, int*)
 .text._Z32_alSourceUnqueueBuffers_platformjiPj
                0x000057bc        0x4 release\openalext_platform.os
                0x000057bc                _alSourceUnqueueBuffers_platform(unsigned int, int, unsigned int*)
 .text._Z30_alSourceQueueBuffers_platformjiPKj
                0x000057c0        0x4 release\openalext_platform.os
                0x000057c0                _alSourceQueueBuffers_platform(unsigned int, int, unsigned int const*)
 .text._Z20_alGetError_platformv
                0x000057c4        0x4 release\openalext_platform.os
                0x000057c4                _alGetError_platform()
 .text._alcGetCurrentContext
                0x000057c8        0x4 release\openalext.os
                0x000057c8                _alcGetCurrentContext
 .text._alcDestroyContext
                0x000057cc        0x4 release\openalext.os
                0x000057cc                _alcDestroyContext
 .text._alcSuspendContext
                0x000057d0        0x4 release\openalext.os
                0x000057d0                _alcSuspendContext
 .text._alcProcessContext
                0x000057d4        0x4 release\openalext.os
                0x000057d4                _alcProcessContext
 .text._alcMakeContextCurrent
                0x000057d8        0x4 release\openalext.os
                0x000057d8                _alcMakeContextCurrent
 .text._alcCreateContext
                0x000057dc        0x4 release\openalext.os
                0x000057dc                _alcCreateContext
 .text._alcCloseDevice
                0x000057e0        0x4 release\openalext.os
                0x000057e0                _alcCloseDevice
 .text._alcOpenDevice
                0x000057e4        0x4 release\openalext.os
                0x000057e4                _alcOpenDevice
 .text._alBufferData
                0x000057e8        0x4 release\openalext.os
                0x000057e8                _alBufferData
 .text._alDeleteBuffers
                0x000057ec        0x4 release\openalext.os
                0x000057ec                _alDeleteBuffers
 .text._alGenBuffers
                0x000057f0        0x4 release\openalext.os
                0x000057f0                _alGenBuffers
 .text._alDeleteSources
                0x000057f4        0x4 release\openalext.os
                0x000057f4                _alDeleteSources
 .text._alGenSources
                0x000057f8        0x4 release\openalext.os
                0x000057f8                _alGenSources
 .text._alSourcePause
                0x000057fc        0x4 release\openalext.os
                0x000057fc                _alSourcePause
 .text._alSourceStop
                0x00005800        0x4 release\openalext.os
                0x00005800                _alSourceStop
 .text._alSourcePlay
                0x00005804        0x4 release\openalext.os
                0x00005804                _alSourcePlay
 .text._alSourcei
                0x00005808        0x4 release\openalext.os
                0x00005808                _alSourcei
 .text._alSourcef
                0x0000580c        0x4 release\openalext.os
                0x0000580c                _alSourcef
 .text._alGetSourcef
                0x00005810        0x4 release\openalext.os
                0x00005810                _alGetSourcef
 .text._alGetSourcei
                0x00005814        0x4 release\openalext.os
                0x00005814                _alGetSourcei
 .text._alSourceUnqueueBuffers
                0x00005818        0x4 release\openalext.os
                0x00005818                _alSourceUnqueueBuffers
 .text._alSourceQueueBuffers
                0x0000581c        0x4 release\openalext.os
                0x0000581c                _alSourceQueueBuffers
 .text._alGetError
                0x00005820        0x4 release\openalext.os
                0x00005820                _alGetError
 .text._Z18openalextTerminatev
                0x00005824        0x4 release\openalext.os
                0x00005824                openalextTerminate()
 .text._Z13openalextInitv
                0x00005828        0x4 release\openalext.os
                0x00005828                openalextInit()
 .text.RegisterExt
                0x0000582c      0x214 release\openalext_register.os
                0x0000582c                RegisterExt
 .text.EncodeMuLaw
                0x00005a40       0x4c D:\oxygine-sound\dependencies\openalext\lib\android\libopenal.a(alBuffer.o)
 .text.EncodeALaw
                0x00005a8c       0x58 D:\oxygine-sound\dependencies\openalext\lib\android\libopenal.a(alBuffer.o)
 .text.DecodeIMA4Block
                0x00005ae4      0x184 D:\oxygine-sound\dependencies\openalext\lib\android\libopenal.a(alBuffer.o)
 .text.EncodeIMA4Block
                0x00005c68      0x208 D:\oxygine-sound\dependencies\openalext\lib\android\libopenal.a(alBuffer.o)
 .text.DecodeByte3
                0x00005e70       0x34 D:\oxygine-sound\dependencies\openalext\lib\android\libopenal.a(alBuffer.o)
 .text.DecodeUByte3
                0x00005ea4       0x30 D:\oxygine-sound\dependencies\openalext\lib\android\libopenal.a(alBuffer.o)
 .text.Convert_ALbyte_ALima4
                0x00005ed4       0x70 D:\oxygine-sound\dependencies\openalext\lib\android\libopenal.a(alBuffer.o)
 .text.Convert_ALubyte_ALima4
                0x00005f44       0x72 D:\oxygine-sound\dependencies\openalext\lib\android\libopenal.a(alBuffer.o)
 .text.Convert_ALshort_ALima4
                0x00005fb6       0x6c D:\oxygine-sound\dependencies\openalext\lib\android\libopenal.a(alBuffer.o)
 .text.Convert_ALushort_ALima4
                0x00006022       0x70 D:\oxygine-sound\dependencies\openalext\lib\android\libopenal.a(alBuffer.o)
 .text.Convert_ALint_ALima4
                0x00006092       0x7c D:\oxygine-sound\dependencies\openalext\lib\android\libopenal.a(alBuffer.o)
 .text.Convert_ALuint_ALima4
                0x0000610e       0x80 D:\oxygine-sound\dependencies\openalext\lib\android\libopenal.a(alBuffer.o)
 *fill*         0x0000618e        0x2 00000000
 .text.Convert_ALfloat_ALima4
                0x00006190       0x94 D:\oxygine-sound\dependencies\openalext\lib\android\libopenal.a(alBuffer.o)
 *fill*         0x00006224        0x4 00000000
 .text.Convert_ALdouble_ALima4
                0x00006228       0x98 D:\oxygine-sound\dependencies\openalext\lib\android\libopenal.a(alBuffer.o)
 .text.Convert_ALmulaw_ALima4
                0x000062c0       0x82 D:\oxygine-sound\dependencies\openalext\lib\android\libopenal.a(alBuffer.o)
 .text.Convert_ALalaw_ALima4
                0x00006342       0x82 D:\oxygine-sound\dependencies\openalext\lib\android\libopenal.a(alBuffer.o)
 .text.Convert_ALima4_ALbyte
                0x000063c4       0x76 D:\oxygine-sound\dependencies\openalext\lib\android\libopenal.a(alBuffer.o)
 .text.Convert_ALima4_ALubyte
                0x0000643a       0x78 D:\oxygine-sound\dependencies\openalext\lib\android\libopenal.a(alBuffer.o)
 .text.Convert_ALima4_ALshort
                0x000064b2       0x74 D:\oxygine-sound\dependencies\openalext\lib\android\libopenal.a(alBuffer.o)
 .text.Convert_ALima4_ALushort
                0x00006526       0x78 D:\oxygine-sound\dependencies\openalext\lib\android\libopenal.a(alBuffer.o)
 .text.Convert_ALima4_ALint
                0x0000659e       0x7c D:\oxygine-sound\dependencies\openalext\lib\android\libopenal.a(alBuffer.o)
 .text.Convert_ALima4_ALuint
                0x0000661a       0x80 D:\oxygine-sound\dependencies\openalext\lib\android\libopenal.a(alBuffer.o)
 *fill*         0x0000669a        0x2 00000000
 .text.Convert_ALima4_ALfloat
                0x0000669c       0xbc D:\oxygine-sound\dependencies\openalext\lib\android\libopenal.a(alBuffer.o)
 .text.Convert_ALima4_ALdouble
                0x00006758       0xc0 D:\oxygine-sound\dependencies\openalext\lib\android\libopenal.a(alBuffer.o)
 .text.Convert_ALima4_ALmulaw
                0x00006818       0x8c D:\oxygine-sound\dependencies\openalext\lib\android\libopenal.a(alBuffer.o)
 .text.Convert_ALima4_ALalaw
                0x000068a4       0x8c D:\oxygine-sound\dependencies\openalext\lib\android\libopenal.a(alBuffer.o)
 .text.Convert_ALima4_ALbyte3
                0x00006930       0xaa D:\oxygine-sound\dependencies\openalext\lib\android\libopenal.a(alBuffer.o)
 .text.Convert_ALima4_ALubyte3
                0x000069da       0xae D:\oxygine-sound\dependencies\openalext\lib\android\libopenal.a(alBuffer.o)
 .text.EncodeByte3
                0x00006a88       0x54 D:\oxygine-sound\dependencies\openalext\lib\android\libopenal.a(alBuffer.o)
 .text.Convert_ALbyte3_ALima4
                0x00006adc       0xcc D:\oxygine-sound\dependencies\openalext\lib\android\libopenal.a(alBuffer.o)
 .text.EncodeUByte3
                0x00006ba8       0x54 D:\oxygine-sound\dependencies\openalext\lib\android\libopenal.a(alBuffer.o)
 .text.Convert_ALubyte3_ALima4
                0x00006bfc       0xd2 D:\oxygine-sound\dependencies\openalext\lib\android\libopenal.a(alBuffer.o)
 *fill*         0x00006cce        0x2 00000000
 .text.Convert_ALubyte3
                0x00006cd0      0x658 D:\oxygine-sound\dependencies\openalext\lib\android\libopenal.a(alBuffer.o)
 .text.ConvertData
                0x00007328     0x2ab0 D:\oxygine-sound\dependencies\openalext\lib\android\libopenal.a(alBuffer.o)
 .text.alDeleteBuffers
                0x00009dd8       0xaa D:\oxygine-sound\dependencies\openalext\lib\android\libopenal.a(alBuffer.o)
                0x00009dd8                alDeleteBuffers
 .text.alGenBuffers
                0x00009e82       0xb2 D:\oxygine-sound\dependencies\openalext\lib\android\libopenal.a(alBuffer.o)
                0x00009e82                alGenBuffers
 .text.alIsBuffer
                0x00009f34       0x36 D:\oxygine-sound\dependencies\openalext\lib\android\libopenal.a(alBuffer.o)
                0x00009f34                alIsBuffer
 *fill*         0x00009f6a        0x2 00000000
 .text.alIsBufferFormatSupportedSOFT
                0x00009f6c       0x38 D:\oxygine-sound\dependencies\openalext\lib\android\libopenal.a(alBuffer.o)
                0x00009f6c                alIsBufferFormatSupportedSOFT
 .text.alBufferf
                0x00009fa4       0x38 D:\oxygine-sound\dependencies\openalext\lib\android\libopenal.a(alBuffer.o)
                0x00009fa4                alBufferf
 .text.alBuffer3f
                0x00009fdc       0x38 D:\oxygine-sound\dependencies\openalext\lib\android\libopenal.a(alBuffer.o)
                0x00009fdc                alBuffer3f
 .text.alBufferfv
                0x0000a014       0x44 D:\oxygine-sound\dependencies\openalext\lib\android\libopenal.a(alBuffer.o)
                0x0000a014                alBufferfv
 .text.alBufferi
                0x0000a058       0x38 D:\oxygine-sound\dependencies\openalext\lib\android\libopenal.a(alBuffer.o)
                0x0000a058                alBufferi
 .text.alBuffer3i
                0x0000a090       0x38 D:\oxygine-sound\dependencies\openalext\lib\android\libopenal.a(alBuffer.o)
                0x0000a090                alBuffer3i
 .text.alBufferiv
                0x0000a0c8       0x92 D:\oxygine-sound\dependencies\openalext\lib\android\libopenal.a(alBuffer.o)
                0x0000a0c8                alBufferiv
 .text.alGetBufferf
                0x0000a15a       0x88 D:\oxygine-sound\dependencies\openalext\lib\android\libopenal.a(alBuffer.o)
                0x0000a15a                alGetBufferf
 .text.alGetBuffer3f
                0x0000a1e2       0x62 D:\oxygine-sound\dependencies\openalext\lib\android\libopenal.a(alBuffer.o)
                0x0000a1e2                alGetBuffer3f
 .text.alGetBufferfv
                0x0000a244       0x54 D:\oxygine-sound\dependencies\openalext\lib\android\libopenal.a(alBuffer.o)
                0x0000a244                alGetBufferfv
 .text.alGetBuffer3i
                0x0000a298       0x62 D:\oxygine-sound\dependencies\openalext\lib\android\libopenal.a(alBuffer.o)
                0x0000a298                alGetBuffer3i
 *fill*         0x0000a2fa        0x2 00000000
 .text.BytesFromUserFmt
                0x0000a2fc       0x1c D:\oxygine-sound\dependencies\openalext\lib\android\libopenal.a(alBuffer.o)
                0x0000a2fc                BytesFromUserFmt
 .text.ChannelsFromUserFmt
                0x0000a318       0x1c D:\oxygine-sound\dependencies\openalext\lib\android\libopenal.a(alBuffer.o)
                0x0000a318                ChannelsFromUserFmt
 .text.BytesFromFmt
                0x0000a334       0x1c D:\oxygine-sound\dependencies\openalext\lib\android\libopenal.a(alBuffer.o)
                0x0000a334                BytesFromFmt
 .text.ChannelsFromFmt
                0x0000a350       0x1c D:\oxygine-sound\dependencies\openalext\lib\android\libopenal.a(alBuffer.o)
                0x0000a350                ChannelsFromFmt
 .text.alGetBufferi
                0x0000a36c       0xbc D:\oxygine-sound\dependencies\openalext\lib\android\libopenal.a(alBuffer.o)
                0x0000a36c                alGetBufferi
 .text.alGetBufferiv
                0x0000a428       0x8e D:\oxygine-sound\dependencies\openalext\lib\android\libopenal.a(alBuffer.o)
                0x0000a428                alGetBufferiv
 .text.alGetBufferSamplesSOFT
                0x0000a4b6       0xf6 D:\oxygine-sound\dependencies\openalext\lib\android\libopenal.a(alBuffer.o)
                0x0000a4b6                alGetBufferSamplesSOFT
 .text.alBufferSubSamplesSOFT
                0x0000a5ac      0x106 D:\oxygine-sound\dependencies\openalext\lib\android\libopenal.a(alBuffer.o)
                0x0000a5ac                alBufferSubSamplesSOFT
 *fill*         0x0000a6b2        0x2 00000000
 .text.LoadData
                0x0000a6b4      0x160 D:\oxygine-sound\dependencies\openalext\lib\android\libopenal.a(alBuffer.o)
 .text.alBufferSamplesSOFT
                0x0000a814       0xa0 D:\oxygine-sound\dependencies\openalext\lib\android\libopenal.a(alBuffer.o)
                0x0000a814                alBufferSamplesSOFT
 .text.alBufferData
                0x0000a8b4      0x1c8 D:\oxygine-sound\dependencies\openalext\lib\android\libopenal.a(alBuffer.o)
                0x0000a8b4                alBufferData
 .text.alBufferSubDataSOFT
                0x0000aa7c      0x190 D:\oxygine-sound\dependencies\openalext\lib\android\libopenal.a(alBuffer.o)
                0x0000aa7c                alBufferSubDataSOFT
 .text.ReleaseALBuffers
                0x0000ac0c       0x3a D:\oxygine-sound\dependencies\openalext\lib\android\libopenal.a(alBuffer.o)
                0x0000ac0c                ReleaseALBuffers
 .text.alGetError
                0x0000ac46       0x2c D:\oxygine-sound\dependencies\openalext\lib\android\libopenal.a(alError.o)
                0x0000ac46                alGetError
 *fill*         0x0000ac72        0x2 00000000
 .text.alSetError
                0x0000ac74       0x3c D:\oxygine-sound\dependencies\openalext\lib\android\libopenal.a(alError.o)
                0x0000ac74                alSetError
 .text.LockContext
                0x0000acb0        0xa D:\oxygine-sound\dependencies\openalext\lib\android\libopenal.a(alSource.o)
 .text.UnlockContext
                0x0000acba        0xa D:\oxygine-sound\dependencies\openalext\lib\android\libopenal.a(alSource.o)
 *fill*         0x0000acc4        0x4 00000000
 .text.GetSourceOffset
                0x0000acc8      0x1d0 D:\oxygine-sound\dependencies\openalext\lib\android\libopenal.a(alSource.o)
 .text.alDeleteSources
                0x0000ae98      0x138 D:\oxygine-sound\dependencies\openalext\lib\android\libopenal.a(alSource.o)
                0x0000ae98                alDeleteSources
 .text.alGenSources
                0x0000afd0      0x184 D:\oxygine-sound\dependencies\openalext\lib\android\libopenal.a(alSource.o)
                0x0000afd0                alGenSources
 .text.alIsSource
                0x0000b154       0x2a D:\oxygine-sound\dependencies\openalext\lib\android\libopenal.a(alSource.o)
                0x0000b154                alIsSource
 .text.alSource3f
                0x0000b17e       0xfa D:\oxygine-sound\dependencies\openalext\lib\android\libopenal.a(alSource.o)
                0x0000b17e                alSource3f
 .text.alSource3i
                0x0000b278      0x164 D:\oxygine-sound\dependencies\openalext\lib\android\libopenal.a(alSource.o)
                0x0000b278                alSource3i
 .text.alGetSourcef
                0x0000b3dc      0x158 D:\oxygine-sound\dependencies\openalext\lib\android\libopenal.a(alSource.o)
                0x0000b3dc                alGetSourcef
 .text.alGetSource3f
                0x0000b534       0xc8 D:\oxygine-sound\dependencies\openalext\lib\android\libopenal.a(alSource.o)
                0x0000b534                alGetSource3f
 .text.alGetSourcefv
                0x0000b5fc      0x100 D:\oxygine-sound\dependencies\openalext\lib\android\libopenal.a(alSource.o)
                0x0000b5fc                alGetSourcefv
 .text.alGetSourcei
                0x0000b6fc      0x20c D:\oxygine-sound\dependencies\openalext\lib\android\libopenal.a(alSource.o)
                0x0000b6fc                alGetSourcei
 .text.alGetSource3i
                0x0000b908       0xfc D:\oxygine-sound\dependencies\openalext\lib\android\libopenal.a(alSource.o)
                0x0000b908                alGetSource3i
 .text.alGetSourceiv
                0x0000ba04      0x144 D:\oxygine-sound\dependencies\openalext\lib\android\libopenal.a(alSource.o)
                0x0000ba04                alGetSourceiv
 .text.alSourceQueueBuffers
                0x0000bb48      0x230 D:\oxygine-sound\dependencies\openalext\lib\android\libopenal.a(alSource.o)
                0x0000bb48                alSourceQueueBuffers
 .text.alSourceUnqueueBuffers
                0x0000bd78       0xd6 D:\oxygine-sound\dependencies\openalext\lib\android\libopenal.a(alSource.o)
                0x0000bd78                alSourceUnqueueBuffers
 *fill*         0x0000be4e        0x2 00000000
 .text.ApplyOffset
                0x0000be50       0xf0 D:\oxygine-sound\dependencies\openalext\lib\android\libopenal.a(alSource.o)
                0x0000be50                ApplyOffset
 .text.SetSourceState
                0x0000bf40      0x144 D:\oxygine-sound\dependencies\openalext\lib\android\libopenal.a(alSource.o)
                0x0000bf40                SetSourceState
 .text.alSourceRewindv
                0x0000c084       0x9a D:\oxygine-sound\dependencies\openalext\lib\android\libopenal.a(alSource.o)
                0x0000c084                alSourceRewindv
 .text.alSourceRewind
                0x0000c11e       0x10 D:\oxygine-sound\dependencies\openalext\lib\android\libopenal.a(alSource.o)
                0x0000c11e                alSourceRewind
 .text.alSourceStopv
                0x0000c12e       0x9a D:\oxygine-sound\dependencies\openalext\lib\android\libopenal.a(alSource.o)
                0x0000c12e                alSourceStopv
 .text.alSourceStop
                0x0000c1c8       0x10 D:\oxygine-sound\dependencies\openalext\lib\android\libopenal.a(alSource.o)
                0x0000c1c8                alSourceStop
 .text.alSourcePausev
                0x0000c1d8       0xa4 D:\oxygine-sound\dependencies\openalext\lib\android\libopenal.a(alSource.o)
                0x0000c1d8                alSourcePausev
 .text.alSourcePause
                0x0000c27c       0x10 D:\oxygine-sound\dependencies\openalext\lib\android\libopenal.a(alSource.o)
                0x0000c27c                alSourcePause
 .text.alSourcePlayv
                0x0000c28c       0xdc D:\oxygine-sound\dependencies\openalext\lib\android\libopenal.a(alSource.o)
                0x0000c28c                alSourcePlayv
 .text.alSourcePlay
                0x0000c368       0x10 D:\oxygine-sound\dependencies\openalext\lib\android\libopenal.a(alSource.o)
                0x0000c368                alSourcePlay
 .text.alSourcef
                0x0000c378      0x2f4 D:\oxygine-sound\dependencies\openalext\lib\android\libopenal.a(alSource.o)
                0x0000c378                alSourcef
 .text.alSourcefv
                0x0000c66c       0xaa D:\oxygine-sound\dependencies\openalext\lib\android\libopenal.a(alSource.o)
                0x0000c66c                alSourcefv
 *fill*         0x0000c716        0x2 00000000
 .text.alSourcei
                0x0000c718      0x378 D:\oxygine-sound\dependencies\openalext\lib\android\libopenal.a(alSource.o)
                0x0000c718                alSourcei
 .text.alSourceiv
                0x0000ca90       0xe4 D:\oxygine-sound\dependencies\openalext\lib\android\libopenal.a(alSource.o)
                0x0000ca90                alSourceiv
 .text.ReleaseALSources
                0x0000cb74       0xaa D:\oxygine-sound\dependencies\openalext\lib\android\libopenal.a(alSource.o)
                0x0000cb74                ReleaseALSources
 *fill*         0x0000cc1e        0x2 00000000
 .text.ThunkInit
                0x0000cc20       0x20 D:\oxygine-sound\dependencies\openalext\lib\android\libopenal.a(alThunk.o)
                0x0000cc20                ThunkInit
 .text.ThunkExit
                0x0000cc40       0x18 D:\oxygine-sound\dependencies\openalext\lib\android\libopenal.a(alThunk.o)
                0x0000cc40                ThunkExit
 .text.NewThunkEntry
                0x0000cc58       0xcc D:\oxygine-sound\dependencies\openalext\lib\android\libopenal.a(alThunk.o)
                0x0000cc58                NewThunkEntry
 .text.FreeThunkEntry
                0x0000cd24       0x48 D:\oxygine-sound\dependencies\openalext\lib\android\libopenal.a(alThunk.o)
                0x0000cd24                FreeThunkEntry
 .text.alcSuspendContext
                0x0000cd6c        0x2 D:\oxygine-sound\dependencies\openalext\lib\android\libopenal.a(ALc.o)
                0x0000cd6c                alcSuspendContext
 .text.alcProcessContext
                0x0000cd6e        0x2 D:\oxygine-sound\dependencies\openalext\lib\android\libopenal.a(ALc.o)
                0x0000cd6e                alcProcessContext
 .text.LockLists
                0x0000cd70        0xc D:\oxygine-sound\dependencies\openalext\lib\android\libopenal.a(ALc.o)
 .text.UnlockLists
                0x0000cd7c        0xc D:\oxygine-sound\dependencies\openalext\lib\android\libopenal.a(ALc.o)
 .text.alcSetError
                0x0000cd88       0x2c D:\oxygine-sound\dependencies\openalext\lib\android\libopenal.a(ALc.o)
 .text.alcLoopbackOpenDeviceSOFT
                0x0000cdb4      0x1a4 D:\oxygine-sound\dependencies\openalext\lib\android\libopenal.a(ALc.o)
                0x0000cdb4                alcLoopbackOpenDeviceSOFT
 .text.alc_initconfig
                0x0000cf58      0x5e4 D:\oxygine-sound\dependencies\openalext\lib\android\libopenal.a(ALc.o)
 .text.alcGetThreadContext
                0x0000d53c       0x10 D:\oxygine-sound\dependencies\openalext\lib\android\libopenal.a(ALc.o)
                0x0000d53c                alcGetThreadContext
 .text.alcGetCurrentContext
                0x0000d54c       0x1c D:\oxygine-sound\dependencies\openalext\lib\android\libopenal.a(ALc.o)
                0x0000d54c                alcGetCurrentContext
 .text.ProbeList
                0x0000d568       0x4c D:\oxygine-sound\dependencies\openalext\lib\android\libopenal.a(ALc.o)
 .text.alcCaptureOpenDevice
                0x0000d5b4      0x1cc D:\oxygine-sound\dependencies\openalext\lib\android\libopenal.a(ALc.o)
                0x0000d5b4                alcCaptureOpenDevice
 .text.alcOpenDevice
                0x0000d780      0x50c D:\oxygine-sound\dependencies\openalext\lib\android\libopenal.a(ALc.o)
                0x0000d780                alcOpenDevice
 .text.exit.ReleaseALC
                0x0000dc8c       0xb0 D:\oxygine-sound\dependencies\openalext\lib\android\libopenal.a(ALc.o)
 .text.AppendList
                0x0000dd3c       0x6c D:\oxygine-sound\dependencies\openalext\lib\android\libopenal.a(ALc.o)
 .text.startup.alc_init
                0x0000dda8      0x168 D:\oxygine-sound\dependencies\openalext\lib\android\libopenal.a(ALc.o)
 .text.exit.alc_deinit
                0x0000df10       0x98 D:\oxygine-sound\dependencies\openalext\lib\android\libopenal.a(ALc.o)
 .text.AppendAllDeviceList
                0x0000dfa8       0x14 D:\oxygine-sound\dependencies\openalext\lib\android\libopenal.a(ALc.o)
                0x0000dfa8                AppendAllDeviceList
 .text.AppendCaptureDeviceList
                0x0000dfbc       0x14 D:\oxygine-sound\dependencies\openalext\lib\android\libopenal.a(ALc.o)
                0x0000dfbc                AppendCaptureDeviceList
 .text.SetDefaultWFXChannelOrder
                0x0000dfd0      0x128 D:\oxygine-sound\dependencies\openalext\lib\android\libopenal.a(ALc.o)
                0x0000dfd0                SetDefaultWFXChannelOrder
 .text.SetDefaultChannelOrder
                0x0000e0f8       0x76 D:\oxygine-sound\dependencies\openalext\lib\android\libopenal.a(ALc.o)
                0x0000e0f8                SetDefaultChannelOrder
 *fill*         0x0000e16e        0x2 00000000
 .text.DevFmtTypeString
                0x0000e170       0x64 D:\oxygine-sound\dependencies\openalext\lib\android\libopenal.a(ALc.o)
                0x0000e170                DevFmtTypeString
 .text.DevFmtChannelsString
                0x0000e1d4       0x84 D:\oxygine-sound\dependencies\openalext\lib\android\libopenal.a(ALc.o)
                0x0000e1d4                DevFmtChannelsString
 .text.BytesFromDevFmt
                0x0000e258       0x1c D:\oxygine-sound\dependencies\openalext\lib\android\libopenal.a(ALc.o)
                0x0000e258                BytesFromDevFmt
 .text.ChannelsFromDevFmt
                0x0000e274       0x4e D:\oxygine-sound\dependencies\openalext\lib\android\libopenal.a(ALc.o)
                0x0000e274                ChannelsFromDevFmt
 *fill*         0x0000e2c2        0x2 00000000
 .text.ALCdevice_IncRef
                0x0000e2c4       0x48 D:\oxygine-sound\dependencies\openalext\lib\android\libopenal.a(ALc.o)
                0x0000e2c4                ALCdevice_IncRef
 .text.VerifyDevice
                0x0000e30c       0x44 D:\oxygine-sound\dependencies\openalext\lib\android\libopenal.a(ALc.o)
 .text.ALCdevice_DecRef
                0x0000e350      0x160 D:\oxygine-sound\dependencies\openalext\lib\android\libopenal.a(ALc.o)
                0x0000e350                ALCdevice_DecRef
 .text.alcRenderSamplesSOFT
                0x0000e4b0       0x52 D:\oxygine-sound\dependencies\openalext\lib\android\libopenal.a(ALc.o)
                0x0000e4b0                alcRenderSamplesSOFT
 .text.alcIsRenderFormatSupportedSOFT
                0x0000e502       0x80 D:\oxygine-sound\dependencies\openalext\lib\android\libopenal.a(ALc.o)
                0x0000e502                alcIsRenderFormatSupportedSOFT
 *fill*         0x0000e582        0x2 00000000
 .text.alcCreateContext
                0x0000e584      0x960 D:\oxygine-sound\dependencies\openalext\lib\android\libopenal.a(ALc.o)
                0x0000e584                alcCreateContext
 .text.alcGetEnumValue
                0x0000eee4       0x50 D:\oxygine-sound\dependencies\openalext\lib\android\libopenal.a(ALc.o)
                0x0000eee4                alcGetEnumValue
 .text.alcGetProcAddress
                0x0000ef34       0x50 D:\oxygine-sound\dependencies\openalext\lib\android\libopenal.a(ALc.o)
                0x0000ef34                alcGetProcAddress
 .text.alcIsExtensionPresent
                0x0000ef84       0xa4 D:\oxygine-sound\dependencies\openalext\lib\android\libopenal.a(ALc.o)
                0x0000ef84                alcIsExtensionPresent
 .text.alcGetIntegerv
                0x0000f028      0x228 D:\oxygine-sound\dependencies\openalext\lib\android\libopenal.a(ALc.o)
                0x0000f028                alcGetIntegerv
 .text.alcGetString
                0x0000f250      0x25c D:\oxygine-sound\dependencies\openalext\lib\android\libopenal.a(ALc.o)
                0x0000f250                alcGetString
 .text.alcGetError
                0x0000f4ac       0x4c D:\oxygine-sound\dependencies\openalext\lib\android\libopenal.a(ALc.o)
                0x0000f4ac                alcGetError
 .text.alcCaptureSamples
                0x0000f4f8       0x68 D:\oxygine-sound\dependencies\openalext\lib\android\libopenal.a(ALc.o)
                0x0000f4f8                alcCaptureSamples
 .text.alcCaptureStop
                0x0000f560       0x5a D:\oxygine-sound\dependencies\openalext\lib\android\libopenal.a(ALc.o)
                0x0000f560                alcCaptureStop
 .text.alcCaptureStart
                0x0000f5ba       0x5e D:\oxygine-sound\dependencies\openalext\lib\android\libopenal.a(ALc.o)
                0x0000f5ba                alcCaptureStart
 .text.alcCaptureCloseDevice
                0x0000f618       0x64 D:\oxygine-sound\dependencies\openalext\lib\android\libopenal.a(ALc.o)
                0x0000f618                alcCaptureCloseDevice
 .text.ALCcontext_IncRef
                0x0000f67c       0x48 D:\oxygine-sound\dependencies\openalext\lib\android\libopenal.a(ALc.o)
                0x0000f67c                ALCcontext_IncRef
 .text.VerifyContext
                0x0000f6c4       0x4c D:\oxygine-sound\dependencies\openalext\lib\android\libopenal.a(ALc.o)
 .text.ALCcontext_DecRef
                0x0000f710      0x130 D:\oxygine-sound\dependencies\openalext\lib\android\libopenal.a(ALc.o)
                0x0000f710                ALCcontext_DecRef
 .text.ReleaseContext
                0x0000f840       0xe8 D:\oxygine-sound\dependencies\openalext\lib\android\libopenal.a(ALc.o)
 .text.alcCloseDevice
                0x0000f928       0xcc D:\oxygine-sound\dependencies\openalext\lib\android\libopenal.a(ALc.o)
                0x0000f928                alcCloseDevice
 .text.alcGetContextsDevice
                0x0000f9f4       0x22 D:\oxygine-sound\dependencies\openalext\lib\android\libopenal.a(ALc.o)
                0x0000f9f4                alcGetContextsDevice
 .text.alcDestroyContext
                0x0000fa16       0x42 D:\oxygine-sound\dependencies\openalext\lib\android\libopenal.a(ALc.o)
                0x0000fa16                alcDestroyContext
 .text.alcSetThreadContext
                0x0000fa58       0x48 D:\oxygine-sound\dependencies\openalext\lib\android\libopenal.a(ALc.o)
                0x0000fa58                alcSetThreadContext
 .text.alcMakeContextCurrent
                0x0000faa0       0x6c D:\oxygine-sound\dependencies\openalext\lib\android\libopenal.a(ALc.o)
                0x0000faa0                alcMakeContextCurrent
 .text.ReleaseThreadCtx
                0x0000fb0c       0x3c D:\oxygine-sound\dependencies\openalext\lib\android\libopenal.a(ALc.o)
 .text.GetContextRef
                0x0000fb48       0x34 D:\oxygine-sound\dependencies\openalext\lib\android\libopenal.a(ALc.o)
                0x0000fb48                GetContextRef
 .text.LoadConfigFromFile
                0x0000fb7c      0x45c D:\oxygine-sound\dependencies\openalext\lib\android\libopenal.a(alcConfig.o)
 .text.ReadALConfig
                0x0000ffd8       0xcc D:\oxygine-sound\dependencies\openalext\lib\android\libopenal.a(alcConfig.o)
                0x0000ffd8                ReadALConfig
 .text.FreeALConfig
                0x000100a4       0x74 D:\oxygine-sound\dependencies\openalext\lib\android\libopenal.a(alcConfig.o)
                0x000100a4                FreeALConfig
 .text.GetConfigValue
                0x00010118       0xf8 D:\oxygine-sound\dependencies\openalext\lib\android\libopenal.a(alcConfig.o)
                0x00010118                GetConfigValue
 .text.ConfigValueExists
                0x00010210       0x18 D:\oxygine-sound\dependencies\openalext\lib\android\libopenal.a(alcConfig.o)
                0x00010210                ConfigValueExists
 .text.ConfigValueStr
                0x00010228       0x20 D:\oxygine-sound\dependencies\openalext\lib\android\libopenal.a(alcConfig.o)
                0x00010228                ConfigValueStr
 .text.ConfigValueInt
                0x00010248       0x28 D:\oxygine-sound\dependencies\openalext\lib\android\libopenal.a(alcConfig.o)
                0x00010248                ConfigValueInt
 .text.ConfigValueUInt
                0x00010270       0x28 D:\oxygine-sound\dependencies\openalext\lib\android\libopenal.a(alcConfig.o)
                0x00010270                ConfigValueUInt
 .text.ConfigValueFloat
                0x00010298       0x30 D:\oxygine-sound\dependencies\openalext\lib\android\libopenal.a(alcConfig.o)
                0x00010298                ConfigValueFloat
 .text.GetConfigValueBool
                0x000102c8       0x60 D:\oxygine-sound\dependencies\openalext\lib\android\libopenal.a(alcConfig.o)
                0x000102c8                GetConfigValueBool
 .text.DelayLineIn
                0x00010328       0x10 D:\oxygine-sound\dependencies\openalext\lib\android\libopenal.a(alcReverb.o)
 .text.EarlyDelayLineOut
                0x00010338       0x2e D:\oxygine-sound\dependencies\openalext\lib\android\libopenal.a(alcReverb.o)
 .text.EarlyReflection
                0x00010366       0xd6 D:\oxygine-sound\dependencies\openalext\lib\android\libopenal.a(alcReverb.o)
 .text.LateAllPassInOut
                0x0001043c       0x56 D:\oxygine-sound\dependencies\openalext\lib\android\libopenal.a(alcReverb.o)
 .text.LateDelayLineOut
                0x00010492       0x2e D:\oxygine-sound\dependencies\openalext\lib\android\libopenal.a(alcReverb.o)
 .text.LateReverb
                0x000104c0      0x196 D:\oxygine-sound\dependencies\openalext\lib\android\libopenal.a(alcReverb.o)
 .text.VerbProcess
                0x00010656      0x16a D:\oxygine-sound\dependencies\openalext\lib\android\libopenal.a(alcReverb.o)
 .text.CalcLineLength
                0x000107c0       0x30 D:\oxygine-sound\dependencies\openalext\lib\android\libopenal.a(alcReverb.o)
 .text.EAXVerbProcess
                0x000107f0      0x2c4 D:\oxygine-sound\dependencies\openalext\lib\android\libopenal.a(alcReverb.o)
 .text.ReverbUpdate
                0x00010ab4      0x71c D:\oxygine-sound\dependencies\openalext\lib\android\libopenal.a(alcReverb.o)
 .text.ReverbDeviceUpdate
                0x000111d0      0x26c D:\oxygine-sound\dependencies\openalext\lib\android\libopenal.a(alcReverb.o)
 .text.ReverbDestroy
                0x0001143c       0x1c D:\oxygine-sound\dependencies\openalext\lib\android\libopenal.a(alcReverb.o)
 .text.ReverbCreate
                0x00011458      0x130 D:\oxygine-sound\dependencies\openalext\lib\android\libopenal.a(alcReverb.o)
                0x00011458                ReverbCreate
 .text.aluDotproduct
                0x00011588       0x26 D:\oxygine-sound\dependencies\openalext\lib\android\libopenal.a(ALu.o)
 .text.aluMatrixVector
                0x000115ae       0x7a D:\oxygine-sound\dependencies\openalext\lib\android\libopenal.a(ALu.o)
 .text.aluNormalize
                0x00011628       0x4e D:\oxygine-sound\dependencies\openalext\lib\android\libopenal.a(ALu.o)
 *fill*         0x00011676        0x2 00000000
 .text.aluF2I   0x00011678       0x50 D:\oxygine-sound\dependencies\openalext\lib\android\libopenal.a(ALu.o)
 .text.CalcNonAttnSourceParams
                0x000116c8      0x544 D:\oxygine-sound\dependencies\openalext\lib\android\libopenal.a(ALu.o)
                0x000116c8                CalcNonAttnSourceParams
 .text.CalcSourceParams
                0x00011c0c      0xbbc D:\oxygine-sound\dependencies\openalext\lib\android\libopenal.a(ALu.o)
                0x00011c0c                CalcSourceParams
 .text.aluMixData
                0x000127c8     0x10a4 D:\oxygine-sound\dependencies\openalext\lib\android\libopenal.a(ALu.o)
                0x000127c8                aluMixData
 .text.aluHandleDisconnect
                0x0001386c       0x72 D:\oxygine-sound\dependencies\openalext\lib\android\libopenal.a(ALu.o)
                0x0001386c                aluHandleDisconnect
 *fill*         0x000138de        0x2 00000000
 .text.init     0x000138e0      0x1c0 D:\oxygine-sound\dependencies\openalext\lib\android\libopenal.a(bs2b.o)
 .text.bs2b_set_level
                0x00013aa0        0xe D:\oxygine-sound\dependencies\openalext\lib\android\libopenal.a(bs2b.o)
                0x00013aa0                bs2b_set_level
 .text.bs2b_get_level
                0x00013aae        0x4 D:\oxygine-sound\dependencies\openalext\lib\android\libopenal.a(bs2b.o)
                0x00013aae                bs2b_get_level
 .text.bs2b_set_srate
                0x00013ab2        0xe D:\oxygine-sound\dependencies\openalext\lib\android\libopenal.a(bs2b.o)
                0x00013ab2                bs2b_set_srate
 .text.bs2b_get_srate
                0x00013ac0        0x4 D:\oxygine-sound\dependencies\openalext\lib\android\libopenal.a(bs2b.o)
                0x00013ac0                bs2b_get_srate
 .text.bs2b_clear
                0x00013ac4        0xa D:\oxygine-sound\dependencies\openalext\lib\android\libopenal.a(bs2b.o)
                0x00013ac4                bs2b_clear
 .text.bs2b_cross_feed
                0x00013ace       0xd6 D:\oxygine-sound\dependencies\openalext\lib\android\libopenal.a(bs2b.o)
                0x00013ace                bs2b_cross_feed
 .text.Lock     0x00013ba4       0x24 D:\oxygine-sound\dependencies\openalext\lib\android\libopenal.a(helpers.o)
 .text.InitializeCriticalSection
                0x00013bc8       0x22 D:\oxygine-sound\dependencies\openalext\lib\android\libopenal.a(helpers.o)
                0x00013bc8                InitializeCriticalSection
 .text.DeleteCriticalSection
                0x00013bea        0x4 D:\oxygine-sound\dependencies\openalext\lib\android\libopenal.a(helpers.o)
                0x00013bea                DeleteCriticalSection
 .text.EnterCriticalSection
                0x00013bee        0x4 D:\oxygine-sound\dependencies\openalext\lib\android\libopenal.a(helpers.o)
                0x00013bee                EnterCriticalSection
 .text.LeaveCriticalSection
                0x00013bf2        0x4 D:\oxygine-sound\dependencies\openalext\lib\android\libopenal.a(helpers.o)
                0x00013bf2                LeaveCriticalSection
 *fill*         0x00013bf6        0x2 00000000
 .text.timeGetTime
                0x00013bf8       0x48 D:\oxygine-sound\dependencies\openalext\lib\android\libopenal.a(helpers.o)
                0x00013bf8                timeGetTime
 .text.Sleep    0x00013c40       0x50 D:\oxygine-sound\dependencies\openalext\lib\android\libopenal.a(helpers.o)
                0x00013c40                Sleep
 .text.LoadLib  0x00013c90       0x20 D:\oxygine-sound\dependencies\openalext\lib\android\libopenal.a(helpers.o)
                0x00013c90                LoadLib
 .text.CloseLib
                0x00013cb0        0x4 D:\oxygine-sound\dependencies\openalext\lib\android\libopenal.a(helpers.o)
                0x00013cb0                CloseLib
 .text.al_print
                0x00013cb4       0x78 D:\oxygine-sound\dependencies\openalext\lib\android\libopenal.a(helpers.o)
                0x00013cb4                al_print
 .text.GetSymbol
                0x00013d2c       0x48 D:\oxygine-sound\dependencies\openalext\lib\android\libopenal.a(helpers.o)
                0x00013d2c                GetSymbol
 .text.SetRTPriority
                0x00013d74       0x54 D:\oxygine-sound\dependencies\openalext\lib\android\libopenal.a(helpers.o)
                0x00013d74                SetRTPriority
 .text.RWLockInit
                0x00013dc8        0xe D:\oxygine-sound\dependencies\openalext\lib\android\libopenal.a(helpers.o)
                0x00013dc8                RWLockInit
 .text.ReadLock
                0x00013dd6       0x66 D:\oxygine-sound\dependencies\openalext\lib\android\libopenal.a(helpers.o)
                0x00013dd6                ReadLock
 .text.ReadUnlock
                0x00013e3c       0x34 D:\oxygine-sound\dependencies\openalext\lib\android\libopenal.a(helpers.o)
                0x00013e3c                ReadUnlock
 .text.WriteLock
                0x00013e70       0x38 D:\oxygine-sound\dependencies\openalext\lib\android\libopenal.a(helpers.o)
                0x00013e70                WriteLock
 .text.WriteUnlock
                0x00013ea8       0x50 D:\oxygine-sound\dependencies\openalext\lib\android\libopenal.a(helpers.o)
                0x00013ea8                WriteUnlock
 .text.InitUIntMap
                0x00013ef8       0x10 D:\oxygine-sound\dependencies\openalext\lib\android\libopenal.a(helpers.o)
                0x00013ef8                InitUIntMap
 .text.ResetUIntMap
                0x00013f08       0x26 D:\oxygine-sound\dependencies\openalext\lib\android\libopenal.a(helpers.o)
                0x00013f08                ResetUIntMap
 .text.InsertUIntMapEntry
                0x00013f2e       0xd0 D:\oxygine-sound\dependencies\openalext\lib\android\libopenal.a(helpers.o)
                0x00013f2e                InsertUIntMapEntry
 .text.RemoveUIntMapKey
                0x00013ffe       0x70 D:\oxygine-sound\dependencies\openalext\lib\android\libopenal.a(helpers.o)
                0x00013ffe                RemoveUIntMapKey
 .text.LookupUIntMapKey
                0x0001406e       0x56 D:\oxygine-sound\dependencies\openalext\lib\android\libopenal.a(helpers.o)
                0x0001406e                LookupUIntMapKey
 .text.CalcAzIndices
                0x000140c4       0x6c D:\oxygine-sound\dependencies\openalext\lib\android\libopenal.a(hrtf.o)
 .text.CalcHrtfDelta
                0x00014130      0x11c D:\oxygine-sound\dependencies\openalext\lib\android\libopenal.a(hrtf.o)
                0x00014130                CalcHrtfDelta
 .text.GetLerpedHrtfCoeffs
                0x0001424c      0x324 D:\oxygine-sound\dependencies\openalext\lib\android\libopenal.a(hrtf.o)
                0x0001424c                GetLerpedHrtfCoeffs
 .text.GetMovingHrtfCoeffs
                0x00014570      0x458 D:\oxygine-sound\dependencies\openalext\lib\android\libopenal.a(hrtf.o)
                0x00014570                GetMovingHrtfCoeffs
 .text.GetHrtf  0x000149c8       0x88 D:\oxygine-sound\dependencies\openalext\lib\android\libopenal.a(hrtf.o)
                0x000149c8                GetHrtf
 .text.InitHrtf
                0x00014a50      0x42c D:\oxygine-sound\dependencies\openalext\lib\android\libopenal.a(hrtf.o)
                0x00014a50                InitHrtf
 .text.FreeHrtf
                0x00014e7c       0x18 D:\oxygine-sound\dependencies\openalext\lib\android\libopenal.a(hrtf.o)
                0x00014e7c                FreeHrtf
 .text.lpFilter2P
                0x00014e94       0x2c D:\oxygine-sound\dependencies\openalext\lib\android\libopenal.a(mixer.o)
 .text.lpFilter2PC
                0x00014ec0       0x24 D:\oxygine-sound\dependencies\openalext\lib\android\libopenal.a(mixer.o)
 .text.lerp32   0x00014ee4       0x2c D:\oxygine-sound\dependencies\openalext\lib\android\libopenal.a(mixer.o)
 .text.cubic32  0x00014f10       0x8c D:\oxygine-sound\dependencies\openalext\lib\android\libopenal.a(mixer.o)
 .text.ApplyCoeffs
                0x00014f9c       0x38 D:\oxygine-sound\dependencies\openalext\lib\android\libopenal.a(mixer.o)
 .text.Mix_ALfloat_point32
                0x00014fd4      0x2a2 D:\oxygine-sound\dependencies\openalext\lib\android\libopenal.a(mixer.o)
 .text.Mix_ALfloat_lerp32
                0x00015276      0x312 D:\oxygine-sound\dependencies\openalext\lib\android\libopenal.a(mixer.o)
 .text.Mix_ALfloat_cubic32
                0x00015588      0x312 D:\oxygine-sound\dependencies\openalext\lib\android\libopenal.a(mixer.o)
 *fill*         0x0001589a        0x2 00000000
 .text.LoadStack
                0x0001589c       0x7c D:\oxygine-sound\dependencies\openalext\lib\android\libopenal.a(mixer.o)
 .text.SilenceStack
                0x00015918       0x12 D:\oxygine-sound\dependencies\openalext\lib\android\libopenal.a(mixer.o)
 .text.Mix_Hrtf_ALfloat_cubic32
                0x0001592a      0x5e0 D:\oxygine-sound\dependencies\openalext\lib\android\libopenal.a(mixer.o)
 .text.Mix_Hrtf_ALfloat_lerp32
                0x00015f0a      0x5e0 D:\oxygine-sound\dependencies\openalext\lib\android\libopenal.a(mixer.o)
 .text.Mix_Hrtf_ALfloat_point32
                0x000164ea      0x5d4 D:\oxygine-sound\dependencies\openalext\lib\android\libopenal.a(mixer.o)
 *fill*         0x00016abe        0x2 00000000
 .text.SelectMixer
                0x00016ac0       0x30 D:\oxygine-sound\dependencies\openalext\lib\android\libopenal.a(mixer.o)
                0x00016ac0                SelectMixer
 .text.SelectHrtfMixer
                0x00016af0       0x30 D:\oxygine-sound\dependencies\openalext\lib\android\libopenal.a(mixer.o)
                0x00016af0                SelectHrtfMixer
 .text.MixSource
                0x00016b20      0x4e0 D:\oxygine-sound\dependencies\openalext\lib\android\libopenal.a(mixer.o)
                0x00016b20                MixSource
 .text.aluCart2LUTpos
                0x00017000       0x7c D:\oxygine-sound\dependencies\openalext\lib\android\libopenal.a(panning.o)
                0x00017000                aluCart2LUTpos
 .text.aluInitPanning
                0x0001707c      0x7c4 D:\oxygine-sound\dependencies\openalext\lib\android\libopenal.a(panning.o)
                0x0001707c                aluInitPanning
 .text.GetEnv   0x00017840       0x24 D:\oxygine-sound\dependencies\openalext\lib\android\libopenal.a(android.o)
 .text.android_stop_playback
                0x00017864       0x18 D:\oxygine-sound\dependencies\openalext\lib\android\libopenal.a(android.o)
 .text.android_start_playback
                0x0001787c       0x24 D:\oxygine-sound\dependencies\openalext\lib\android\libopenal.a(android.o)
 .text.thread_function
                0x000178a0      0x188 D:\oxygine-sound\dependencies\openalext\lib\android\libopenal.a(android.o)
 .text.android_reset_playback
                0x00017a28       0x24 D:\oxygine-sound\dependencies\openalext\lib\android\libopenal.a(android.o)
 .text.android_close_playback
                0x00017a4c       0x18 D:\oxygine-sound\dependencies\openalext\lib\android\libopenal.a(android.o)
 .text.android_open_playback
                0x00017a64      0x164 D:\oxygine-sound\dependencies\openalext\lib\android\libopenal.a(android.o)
 .text.JNI_OnLoad
                0x00017bc8       0x14 D:\oxygine-sound\dependencies\openalext\lib\android\libopenal.a(android.o)
                0x00017bc8                JNI_OnLoad
 .text.alc_android_init
                0x00017bdc       0x20 D:\oxygine-sound\dependencies\openalext\lib\android\libopenal.a(android.o)
                0x00017bdc                alc_android_init
 .text.alc_android_deinit
                0x00017bfc       0x18 D:\oxygine-sound\dependencies\openalext\lib\android\libopenal.a(android.o)
                0x00017bfc                alc_android_deinit
 .text.alc_android_probe
                0x00017c14       0x14 D:\oxygine-sound\dependencies\openalext\lib\android\libopenal.a(android.o)
                0x00017c14                alc_android_probe
 .text.res_str  0x00017c28       0xd0 D:\oxygine-sound\dependencies\openalext\lib\android\libopenal.a(opensl.o)
 .text.opensl_stop_playback
                0x00017cf8       0x18 D:\oxygine-sound\dependencies\openalext\lib\android\libopenal.a(opensl.o)
 .text.opensl_close_playback
                0x00017d10       0x40 D:\oxygine-sound\dependencies\openalext\lib\android\libopenal.a(opensl.o)
 .text.opensl_start_playback
                0x00017d50      0x1f0 D:\oxygine-sound\dependencies\openalext\lib\android\libopenal.a(opensl.o)
 .text.opensl_callback
                0x00017f40       0x68 D:\oxygine-sound\dependencies\openalext\lib\android\libopenal.a(opensl.o)
 .text.opensl_reset_playback
                0x00017fa8      0x1a8 D:\oxygine-sound\dependencies\openalext\lib\android\libopenal.a(opensl.o)
 .text.opensl_open_playback
                0x00018150      0x1cc D:\oxygine-sound\dependencies\openalext\lib\android\libopenal.a(opensl.o)
 .text.alc_opensl_init
                0x0001831c       0x20 D:\oxygine-sound\dependencies\openalext\lib\android\libopenal.a(opensl.o)
                0x0001831c                alc_opensl_init
 .text.alc_opensl_deinit
                0x0001833c        0x2 D:\oxygine-sound\dependencies\openalext\lib\android\libopenal.a(opensl.o)
                0x0001833c                alc_opensl_deinit
 *fill*         0x0001833e        0x2 00000000
 .text.alc_opensl_probe
                0x00018340       0x14 D:\oxygine-sound\dependencies\openalext\lib\android\libopenal.a(opensl.o)
                0x00018340                alc_opensl_probe
 .text.null_stop_playback
                0x00018354       0x1e D:\oxygine-sound\dependencies\openalext\lib\android\libopenal.a(null.o)
 *fill*         0x00018372        0x2 00000000
 .text.null_start_playback
                0x00018374       0x24 D:\oxygine-sound\dependencies\openalext\lib\android\libopenal.a(null.o)
 .text.NullProc
                0x00018398       0xe6 D:\oxygine-sound\dependencies\openalext\lib\android\libopenal.a(null.o)
 .text.null_reset_playback
                0x0001847e        0xa D:\oxygine-sound\dependencies\openalext\lib\android\libopenal.a(null.o)
 .text.null_close_playback
                0x00018488       0x16 D:\oxygine-sound\dependencies\openalext\lib\android\libopenal.a(null.o)
 *fill*         0x0001849e        0x2 00000000
 .text.null_open_playback
                0x000184a0       0x48 D:\oxygine-sound\dependencies\openalext\lib\android\libopenal.a(null.o)
 .text.alc_null_init
                0x000184e8       0x20 D:\oxygine-sound\dependencies\openalext\lib\android\libopenal.a(null.o)
                0x000184e8                alc_null_init
 .text.alc_null_deinit
                0x00018508        0x2 D:\oxygine-sound\dependencies\openalext\lib\android\libopenal.a(null.o)
                0x00018508                alc_null_deinit
 *fill*         0x0001850a        0x2 00000000
 .text.alc_null_probe
                0x0001850c       0x10 D:\oxygine-sound\dependencies\openalext\lib\android\libopenal.a(null.o)
                0x0001850c                alc_null_probe
 .text.loopback_close_playback
                0x0001851c        0x2 D:\oxygine-sound\dependencies\openalext\lib\android\libopenal.a(loopback.o)
 .text.loopback_start_playback
                0x0001851e        0x4 D:\oxygine-sound\dependencies\openalext\lib\android\libopenal.a(loopback.o)
 .text.loopback_stop_playback
                0x00018522        0x2 D:\oxygine-sound\dependencies\openalext\lib\android\libopenal.a(loopback.o)
 .text.loopback_reset_playback
                0x00018524        0xa D:\oxygine-sound\dependencies\openalext\lib\android\libopenal.a(loopback.o)
 .text.loopback_open_playback
                0x0001852e       0x10 D:\oxygine-sound\dependencies\openalext\lib\android\libopenal.a(loopback.o)
 *fill*         0x0001853e        0x2 00000000
 .text.alc_loopback_init
                0x00018540       0x20 D:\oxygine-sound\dependencies\openalext\lib\android\libopenal.a(loopback.o)
                0x00018540                alc_loopback_init
 .text.alc_loopback_deinit
                0x00018560        0x2 D:\oxygine-sound\dependencies\openalext\lib\android\libopenal.a(loopback.o)
                0x00018560                alc_loopback_deinit
 .text.alc_loopback_probe
                0x00018562        0x2 D:\oxygine-sound\dependencies\openalext\lib\android\libopenal.a(loopback.o)
                0x00018562                alc_loopback_probe
 .text.NoneDeviceUpdate
                0x00018564        0x4 D:\oxygine-sound\dependencies\openalext\lib\android\libopenal.a(alAuxEffectSlot.o)
 .text.NoneUpdate
                0x00018568        0x2 D:\oxygine-sound\dependencies\openalext\lib\android\libopenal.a(alAuxEffectSlot.o)
 .text.NoneProcess
                0x0001856a        0x2 D:\oxygine-sound\dependencies\openalext\lib\android\libopenal.a(alAuxEffectSlot.o)
 .text.NoneDestroy
                0x0001856c        0x4 D:\oxygine-sound\dependencies\openalext\lib\android\libopenal.a(alAuxEffectSlot.o)
 .text.RemoveEffectSlotArray
                0x00018570       0x4c D:\oxygine-sound\dependencies\openalext\lib\android\libopenal.a(alAuxEffectSlot.o)
 .text.alDeleteAuxiliaryEffectSlots
                0x000185bc       0xbc D:\oxygine-sound\dependencies\openalext\lib\android\libopenal.a(alAuxEffectSlot.o)
                0x000185bc                alDeleteAuxiliaryEffectSlots
 .text.alIsAuxiliaryEffectSlot
                0x00018678       0x2a D:\oxygine-sound\dependencies\openalext\lib\android\libopenal.a(alAuxEffectSlot.o)
                0x00018678                alIsAuxiliaryEffectSlot
 .text.alAuxiliaryEffectSlotf
                0x000186a2       0x7a D:\oxygine-sound\dependencies\openalext\lib\android\libopenal.a(alAuxEffectSlot.o)
                0x000186a2                alAuxiliaryEffectSlotf
 .text.alAuxiliaryEffectSlotfv
                0x0001871c       0x44 D:\oxygine-sound\dependencies\openalext\lib\android\libopenal.a(alAuxEffectSlot.o)
                0x0001871c                alAuxiliaryEffectSlotfv
 .text.alGetAuxiliaryEffectSloti
                0x00018760       0x54 D:\oxygine-sound\dependencies\openalext\lib\android\libopenal.a(alAuxEffectSlot.o)
                0x00018760                alGetAuxiliaryEffectSloti
 .text.alGetAuxiliaryEffectSlotiv
                0x000187b4       0x48 D:\oxygine-sound\dependencies\openalext\lib\android\libopenal.a(alAuxEffectSlot.o)
                0x000187b4                alGetAuxiliaryEffectSlotiv
 .text.alGetAuxiliaryEffectSlotf
                0x000187fc       0x46 D:\oxygine-sound\dependencies\openalext\lib\android\libopenal.a(alAuxEffectSlot.o)
                0x000187fc                alGetAuxiliaryEffectSlotf
 .text.alGetAuxiliaryEffectSlotfv
                0x00018842       0x42 D:\oxygine-sound\dependencies\openalext\lib\android\libopenal.a(alAuxEffectSlot.o)
                0x00018842                alGetAuxiliaryEffectSlotfv
 .text.NoneCreate
                0x00018884       0x38 D:\oxygine-sound\dependencies\openalext\lib\android\libopenal.a(alAuxEffectSlot.o)
                0x00018884                NoneCreate
 .text.InitializeEffect
                0x000188bc      0x13e D:\oxygine-sound\dependencies\openalext\lib\android\libopenal.a(alAuxEffectSlot.o)
                0x000188bc                InitializeEffect
 .text.alAuxiliaryEffectSloti
                0x000189fa       0x8c D:\oxygine-sound\dependencies\openalext\lib\android\libopenal.a(alAuxEffectSlot.o)
                0x000189fa                alAuxiliaryEffectSloti
 .text.alAuxiliaryEffectSlotiv
                0x00018a86       0x4a D:\oxygine-sound\dependencies\openalext\lib\android\libopenal.a(alAuxEffectSlot.o)
                0x00018a86                alAuxiliaryEffectSlotiv
 .text.InitEffectSlot
                0x00018ad0       0x4e D:\oxygine-sound\dependencies\openalext\lib\android\libopenal.a(alAuxEffectSlot.o)
                0x00018ad0                InitEffectSlot
 .text.alGenAuxiliaryEffectSlots
                0x00018b1e      0x17a D:\oxygine-sound\dependencies\openalext\lib\android\libopenal.a(alAuxEffectSlot.o)
                0x00018b1e                alGenAuxiliaryEffectSlots
 .text.ReleaseALAuxiliaryEffectSlots
                0x00018c98       0x48 D:\oxygine-sound\dependencies\openalext\lib\android\libopenal.a(alAuxEffectSlot.o)
                0x00018c98                ReleaseALAuxiliaryEffectSlots
 .text.InitEffectParams
                0x00018ce0      0x35c D:\oxygine-sound\dependencies\openalext\lib\android\libopenal.a(alEffect.o)
 .text.null_GetParamfv
                0x0001903c        0xa D:\oxygine-sound\dependencies\openalext\lib\android\libopenal.a(alEffect.o)
 .text.null_GetParamf
                0x00019046        0xa D:\oxygine-sound\dependencies\openalext\lib\android\libopenal.a(alEffect.o)
 .text.null_GetParamiv
                0x00019050        0xa D:\oxygine-sound\dependencies\openalext\lib\android\libopenal.a(alEffect.o)
 .text.null_GetParami
                0x0001905a        0xa D:\oxygine-sound\dependencies\openalext\lib\android\libopenal.a(alEffect.o)
 .text.null_SetParamfv
                0x00019064        0xa D:\oxygine-sound\dependencies\openalext\lib\android\libopenal.a(alEffect.o)
 .text.null_SetParamf
                0x0001906e        0xa D:\oxygine-sound\dependencies\openalext\lib\android\libopenal.a(alEffect.o)
 .text.null_SetParamiv
                0x00019078        0xa D:\oxygine-sound\dependencies\openalext\lib\android\libopenal.a(alEffect.o)
 .text.null_SetParami
                0x00019082        0xa D:\oxygine-sound\dependencies\openalext\lib\android\libopenal.a(alEffect.o)
 .text.ded_GetParamf
                0x0001908c       0x16 D:\oxygine-sound\dependencies\openalext\lib\android\libopenal.a(alEffect.o)
 .text.ded_GetParamfv
                0x000190a2        0x4 D:\oxygine-sound\dependencies\openalext\lib\android\libopenal.a(alEffect.o)
 .text.ded_GetParami
                0x000190a6        0xa D:\oxygine-sound\dependencies\openalext\lib\android\libopenal.a(alEffect.o)
 .text.ded_GetParamiv
                0x000190b0        0xa D:\oxygine-sound\dependencies\openalext\lib\android\libopenal.a(alEffect.o)
 .text.ded_SetParami
                0x000190ba        0xa D:\oxygine-sound\dependencies\openalext\lib\android\libopenal.a(alEffect.o)
 .text.ded_SetParamiv
                0x000190c4        0xa D:\oxygine-sound\dependencies\openalext\lib\android\libopenal.a(alEffect.o)
 .text.mod_GetParamf
                0x000190ce       0x22 D:\oxygine-sound\dependencies\openalext\lib\android\libopenal.a(alEffect.o)
 .text.mod_GetParamfv
                0x000190f0        0x4 D:\oxygine-sound\dependencies\openalext\lib\android\libopenal.a(alEffect.o)
 .text.mod_GetParami
                0x000190f4       0x34 D:\oxygine-sound\dependencies\openalext\lib\android\libopenal.a(alEffect.o)
 .text.mod_GetParamiv
                0x00019128        0x4 D:\oxygine-sound\dependencies\openalext\lib\android\libopenal.a(alEffect.o)
 .text.echo_GetParamf
                0x0001912c       0x38 D:\oxygine-sound\dependencies\openalext\lib\android\libopenal.a(alEffect.o)
 .text.echo_GetParamfv
                0x00019164        0x4 D:\oxygine-sound\dependencies\openalext\lib\android\libopenal.a(alEffect.o)
 .text.echo_GetParami
                0x00019168        0xa D:\oxygine-sound\dependencies\openalext\lib\android\libopenal.a(alEffect.o)
 .text.echo_GetParamiv
                0x00019172        0xa D:\oxygine-sound\dependencies\openalext\lib\android\libopenal.a(alEffect.o)
 .text.echo_SetParamf
                0x0001917c       0xd4 D:\oxygine-sound\dependencies\openalext\lib\android\libopenal.a(alEffect.o)
 .text.echo_SetParamfv
                0x00019250        0x6 D:\oxygine-sound\dependencies\openalext\lib\android\libopenal.a(alEffect.o)
 .text.echo_SetParami
                0x00019256        0xa D:\oxygine-sound\dependencies\openalext\lib\android\libopenal.a(alEffect.o)
 .text.echo_SetParamiv
                0x00019260        0xa D:\oxygine-sound\dependencies\openalext\lib\android\libopenal.a(alEffect.o)
 .text.reverb_GetParamf
                0x0001926a       0x58 D:\oxygine-sound\dependencies\openalext\lib\android\libopenal.a(alEffect.o)
 .text.reverb_GetParamfv
                0x000192c2        0x4 D:\oxygine-sound\dependencies\openalext\lib\android\libopenal.a(alEffect.o)
 .text.reverb_GetParami
                0x000192c6       0x16 D:\oxygine-sound\dependencies\openalext\lib\android\libopenal.a(alEffect.o)
 .text.reverb_GetParamiv
                0x000192dc        0x4 D:\oxygine-sound\dependencies\openalext\lib\android\libopenal.a(alEffect.o)
 .text.reverb_SetParamf
                0x000192e0      0x1d4 D:\oxygine-sound\dependencies\openalext\lib\android\libopenal.a(alEffect.o)
 .text.reverb_SetParamfv
                0x000194b4        0x6 D:\oxygine-sound\dependencies\openalext\lib\android\libopenal.a(alEffect.o)
 .text.reverb_SetParami
                0x000194ba       0x28 D:\oxygine-sound\dependencies\openalext\lib\android\libopenal.a(alEffect.o)
 .text.reverb_SetParamiv
                0x000194e2        0x6 D:\oxygine-sound\dependencies\openalext\lib\android\libopenal.a(alEffect.o)
 .text.eaxreverb_GetParamf
                0x000194e8       0x82 D:\oxygine-sound\dependencies\openalext\lib\android\libopenal.a(alEffect.o)
 .text.eaxreverb_GetParami
                0x0001956a       0x16 D:\oxygine-sound\dependencies\openalext\lib\android\libopenal.a(alEffect.o)
 .text.eaxreverb_GetParamiv
                0x00019580        0x4 D:\oxygine-sound\dependencies\openalext\lib\android\libopenal.a(alEffect.o)
 .text.eaxreverb_SetParamf
                0x00019584      0x31c D:\oxygine-sound\dependencies\openalext\lib\android\libopenal.a(alEffect.o)
 .text.eaxreverb_SetParami
                0x000198a0       0x28 D:\oxygine-sound\dependencies\openalext\lib\android\libopenal.a(alEffect.o)
 .text.eaxreverb_SetParamiv
                0x000198c8        0x6 D:\oxygine-sound\dependencies\openalext\lib\android\libopenal.a(alEffect.o)
 .text.ded_SetParamf
                0x000198ce       0x48 D:\oxygine-sound\dependencies\openalext\lib\android\libopenal.a(alEffect.o)
 .text.ded_SetParamfv
                0x00019916        0x6 D:\oxygine-sound\dependencies\openalext\lib\android\libopenal.a(alEffect.o)
 .text.eaxreverb_SetParamfv
                0x0001991c       0x9c D:\oxygine-sound\dependencies\openalext\lib\android\libopenal.a(alEffect.o)
 .text.mod_SetParamf
                0x000199b8       0x6c D:\oxygine-sound\dependencies\openalext\lib\android\libopenal.a(alEffect.o)
 .text.mod_SetParamfv
                0x00019a24        0x6 D:\oxygine-sound\dependencies\openalext\lib\android\libopenal.a(alEffect.o)
 .text.mod_SetParami
                0x00019a2a       0x3a D:\oxygine-sound\dependencies\openalext\lib\android\libopenal.a(alEffect.o)
 .text.mod_SetParamiv
                0x00019a64        0x6 D:\oxygine-sound\dependencies\openalext\lib\android\libopenal.a(alEffect.o)
 .text.eaxreverb_GetParamfv
                0x00019a6a       0x54 D:\oxygine-sound\dependencies\openalext\lib\android\libopenal.a(alEffect.o)
 .text.alDeleteEffects
                0x00019abe       0x94 D:\oxygine-sound\dependencies\openalext\lib\android\libopenal.a(alEffect.o)
                0x00019abe                alDeleteEffects
 .text.alIsEffect
                0x00019b52       0x36 D:\oxygine-sound\dependencies\openalext\lib\android\libopenal.a(alEffect.o)
                0x00019b52                alIsEffect
 .text.alEffecti
                0x00019b88       0x98 D:\oxygine-sound\dependencies\openalext\lib\android\libopenal.a(alEffect.o)
                0x00019b88                alEffecti
 .text.alEffectiv
                0x00019c20       0x42 D:\oxygine-sound\dependencies\openalext\lib\android\libopenal.a(alEffect.o)
                0x00019c20                alEffectiv
 .text.alEffectf
                0x00019c62       0x42 D:\oxygine-sound\dependencies\openalext\lib\android\libopenal.a(alEffect.o)
                0x00019c62                alEffectf
 .text.alEffectfv
                0x00019ca4       0x42 D:\oxygine-sound\dependencies\openalext\lib\android\libopenal.a(alEffect.o)
                0x00019ca4                alEffectfv
 .text.alGetEffecti
                0x00019ce6       0x50 D:\oxygine-sound\dependencies\openalext\lib\android\libopenal.a(alEffect.o)
                0x00019ce6                alGetEffecti
 .text.alGetEffectiv
                0x00019d36       0x42 D:\oxygine-sound\dependencies\openalext\lib\android\libopenal.a(alEffect.o)
                0x00019d36                alGetEffectiv
 .text.alGetEffectf
                0x00019d78       0x42 D:\oxygine-sound\dependencies\openalext\lib\android\libopenal.a(alEffect.o)
                0x00019d78                alGetEffectf
 .text.alGetEffectfv
                0x00019dba       0x42 D:\oxygine-sound\dependencies\openalext\lib\android\libopenal.a(alEffect.o)
                0x00019dba                alGetEffectfv
 .text.InitEffect
                0x00019dfc        0xc D:\oxygine-sound\dependencies\openalext\lib\android\libopenal.a(alEffect.o)
                0x00019dfc                InitEffect
 .text.alGenEffects
                0x00019e08       0xbc D:\oxygine-sound\dependencies\openalext\lib\android\libopenal.a(alEffect.o)
                0x00019e08                alGenEffects
 .text.ReleaseALEffects
                0x00019ec4       0x36 D:\oxygine-sound\dependencies\openalext\lib\android\libopenal.a(alEffect.o)
                0x00019ec4                ReleaseALEffects
 *fill*         0x00019efa        0x2 00000000
 .text.LoadReverbPreset
                0x00019efc      0x150 D:\oxygine-sound\dependencies\openalext\lib\android\libopenal.a(alEffect.o)
                0x00019efc                LoadReverbPreset
 .text.alIsExtensionPresent
                0x0001a04c       0x8c D:\oxygine-sound\dependencies\openalext\lib\android\libopenal.a(alExtension.o)
                0x0001a04c                alIsExtensionPresent
 .text.alGetProcAddress
                0x0001a0d8        0xc D:\oxygine-sound\dependencies\openalext\lib\android\libopenal.a(alExtension.o)
                0x0001a0d8                alGetProcAddress
 .text.alGetEnumValue
                0x0001a0e4       0x64 D:\oxygine-sound\dependencies\openalext\lib\android\libopenal.a(alExtension.o)
                0x0001a0e4                alGetEnumValue
 .text.null_GetParamfv
                0x0001a148        0xa D:\oxygine-sound\dependencies\openalext\lib\android\libopenal.a(alFilter.o)
 .text.null_GetParamf
                0x0001a152        0xa D:\oxygine-sound\dependencies\openalext\lib\android\libopenal.a(alFilter.o)
 .text.null_GetParamiv
                0x0001a15c        0xa D:\oxygine-sound\dependencies\openalext\lib\android\libopenal.a(alFilter.o)
 .text.null_GetParami
                0x0001a166        0xa D:\oxygine-sound\dependencies\openalext\lib\android\libopenal.a(alFilter.o)
 .text.null_SetParamfv
                0x0001a170        0xa D:\oxygine-sound\dependencies\openalext\lib\android\libopenal.a(alFilter.o)
 .text.null_SetParamf
                0x0001a17a        0xa D:\oxygine-sound\dependencies\openalext\lib\android\libopenal.a(alFilter.o)
 .text.null_SetParamiv
                0x0001a184        0xa D:\oxygine-sound\dependencies\openalext\lib\android\libopenal.a(alFilter.o)
 .text.null_SetParami
                0x0001a18e        0xa D:\oxygine-sound\dependencies\openalext\lib\android\libopenal.a(alFilter.o)
 .text.lp_GetParamf
                0x0001a198       0x1e D:\oxygine-sound\dependencies\openalext\lib\android\libopenal.a(alFilter.o)
 .text.lp_GetParamfv
                0x0001a1b6        0x4 D:\oxygine-sound\dependencies\openalext\lib\android\libopenal.a(alFilter.o)
 .text.lp_GetParamiv
                0x0001a1ba        0xa D:\oxygine-sound\dependencies\openalext\lib\android\libopenal.a(alFilter.o)
 .text.lp_GetParami
                0x0001a1c4        0xa D:\oxygine-sound\dependencies\openalext\lib\android\libopenal.a(alFilter.o)
 .text.lp_SetParamiv
                0x0001a1ce        0xa D:\oxygine-sound\dependencies\openalext\lib\android\libopenal.a(alFilter.o)
 .text.lp_SetParami
                0x0001a1d8        0xa D:\oxygine-sound\dependencies\openalext\lib\android\libopenal.a(alFilter.o)
 .text.lp_SetParamf
                0x0001a1e2       0x5e D:\oxygine-sound\dependencies\openalext\lib\android\libopenal.a(alFilter.o)
 .text.lp_SetParamfv
                0x0001a240        0x6 D:\oxygine-sound\dependencies\openalext\lib\android\libopenal.a(alFilter.o)
 .text.alDeleteFilters
                0x0001a246       0x92 D:\oxygine-sound\dependencies\openalext\lib\android\libopenal.a(alFilter.o)
                0x0001a246                alDeleteFilters
 .text.alGenFilters
                0x0001a2d8      0x114 D:\oxygine-sound\dependencies\openalext\lib\android\libopenal.a(alFilter.o)
                0x0001a2d8                alGenFilters
 .text.alIsFilter
                0x0001a3ec       0x36 D:\oxygine-sound\dependencies\openalext\lib\android\libopenal.a(alFilter.o)
                0x0001a3ec                alIsFilter
 *fill*         0x0001a422        0x2 00000000
 .text.alFilteri
                0x0001a424      0x108 D:\oxygine-sound\dependencies\openalext\lib\android\libopenal.a(alFilter.o)
                0x0001a424                alFilteri
 .text.alFilteriv
                0x0001a52c       0x52 D:\oxygine-sound\dependencies\openalext\lib\android\libopenal.a(alFilter.o)
                0x0001a52c                alFilteriv
 .text.alFilterf
                0x0001a57e       0x40 D:\oxygine-sound\dependencies\openalext\lib\android\libopenal.a(alFilter.o)
                0x0001a57e                alFilterf
 .text.alFilterfv
                0x0001a5be       0x40 D:\oxygine-sound\dependencies\openalext\lib\android\libopenal.a(alFilter.o)
                0x0001a5be                alFilterfv
 .text.alGetFilteri
                0x0001a5fe       0x4e D:\oxygine-sound\dependencies\openalext\lib\android\libopenal.a(alFilter.o)
                0x0001a5fe                alGetFilteri
 .text.alGetFilteriv
                0x0001a64c       0x50 D:\oxygine-sound\dependencies\openalext\lib\android\libopenal.a(alFilter.o)
                0x0001a64c                alGetFilteriv
 .text.alGetFilterf
                0x0001a69c       0x40 D:\oxygine-sound\dependencies\openalext\lib\android\libopenal.a(alFilter.o)
                0x0001a69c                alGetFilterf
 .text.alGetFilterfv
                0x0001a6dc       0x40 D:\oxygine-sound\dependencies\openalext\lib\android\libopenal.a(alFilter.o)
                0x0001a6dc                alGetFilterfv
 .text.lpCoeffCalc
                0x0001a71c       0x8c D:\oxygine-sound\dependencies\openalext\lib\android\libopenal.a(alFilter.o)
                0x0001a71c                lpCoeffCalc
 .text.ReleaseALFilters
                0x0001a7a8       0x38 D:\oxygine-sound\dependencies\openalext\lib\android\libopenal.a(alFilter.o)
                0x0001a7a8                ReleaseALFilters
 .text.unlikely.aluNormalize
                0x0001a7e0       0x60 D:\oxygine-sound\dependencies\openalext\lib\android\libopenal.a(alListener.o)
 .text.alListenerf
                0x0001a840       0x8c D:\oxygine-sound\dependencies\openalext\lib\android\libopenal.a(alListener.o)
                0x0001a840                alListenerf
 .text.alListener3f
                0x0001a8cc       0xae D:\oxygine-sound\dependencies\openalext\lib\android\libopenal.a(alListener.o)
                0x0001a8cc                alListener3f
 *fill*         0x0001a97a        0x2 00000000
 .text.alListenerfv
                0x0001a97c      0x1ac D:\oxygine-sound\dependencies\openalext\lib\android\libopenal.a(alListener.o)
                0x0001a97c                alListenerfv
 .text.alListeneri
                0x0001ab28       0x1e D:\oxygine-sound\dependencies\openalext\lib\android\libopenal.a(alListener.o)
                0x0001ab28                alListeneri
 .text.alListener3i
                0x0001ab46       0x58 D:\oxygine-sound\dependencies\openalext\lib\android\libopenal.a(alListener.o)
                0x0001ab46                alListener3i
 .text.alListeneriv
                0x0001ab9e       0xbe D:\oxygine-sound\dependencies\openalext\lib\android\libopenal.a(alListener.o)
                0x0001ab9e                alListeneriv
 .text.alGetListenerf
                0x0001ac5c       0x4c D:\oxygine-sound\dependencies\openalext\lib\android\libopenal.a(alListener.o)
                0x0001ac5c                alGetListenerf
 .text.alGetListener3f
                0x0001aca8       0x98 D:\oxygine-sound\dependencies\openalext\lib\android\libopenal.a(alListener.o)
                0x0001aca8                alGetListener3f
 .text.alGetListenerfv
                0x0001ad40       0xa8 D:\oxygine-sound\dependencies\openalext\lib\android\libopenal.a(alListener.o)
                0x0001ad40                alGetListenerfv
 .text.alGetListeneri
                0x0001ade8       0x26 D:\oxygine-sound\dependencies\openalext\lib\android\libopenal.a(alListener.o)
                0x0001ade8                alGetListeneri
 .text.alGetListener3i
                0x0001ae0e       0xc2 D:\oxygine-sound\dependencies\openalext\lib\android\libopenal.a(alListener.o)
                0x0001ae0e                alGetListener3i
 .text.alGetListeneriv
                0x0001aed0       0xb4 D:\oxygine-sound\dependencies\openalext\lib\android\libopenal.a(alListener.o)
                0x0001aed0                alGetListeneriv
 .text.alEnable
                0x0001af84       0x32 D:\oxygine-sound\dependencies\openalext\lib\android\libopenal.a(alState.o)
                0x0001af84                alEnable
 .text.alDisable
                0x0001afb6       0x34 D:\oxygine-sound\dependencies\openalext\lib\android\libopenal.a(alState.o)
                0x0001afb6                alDisable
 .text.alIsEnabled
                0x0001afea       0x30 D:\oxygine-sound\dependencies\openalext\lib\android\libopenal.a(alState.o)
                0x0001afea                alIsEnabled
 .text.alGetBoolean
                0x0001b01a       0x8a D:\oxygine-sound\dependencies\openalext\lib\android\libopenal.a(alState.o)
                0x0001b01a                alGetBoolean
 *fill*         0x0001b0a4        0x4 00000000
 .text.alGetDouble
                0x0001b0a8       0x98 D:\oxygine-sound\dependencies\openalext\lib\android\libopenal.a(alState.o)
                0x0001b0a8                alGetDouble
 .text.alGetFloat
                0x0001b140       0x90 D:\oxygine-sound\dependencies\openalext\lib\android\libopenal.a(alState.o)
                0x0001b140                alGetFloat
 .text.alGetInteger
                0x0001b1d0       0x76 D:\oxygine-sound\dependencies\openalext\lib\android\libopenal.a(alState.o)
                0x0001b1d0                alGetInteger
 .text.alGetBooleanv
                0x0001b246       0x44 D:\oxygine-sound\dependencies\openalext\lib\android\libopenal.a(alState.o)
                0x0001b246                alGetBooleanv
 .text.alGetDoublev
                0x0001b28a       0x46 D:\oxygine-sound\dependencies\openalext\lib\android\libopenal.a(alState.o)
                0x0001b28a                alGetDoublev
 .text.alGetFloatv
                0x0001b2d0       0x44 D:\oxygine-sound\dependencies\openalext\lib\android\libopenal.a(alState.o)
                0x0001b2d0                alGetFloatv
 .text.alGetIntegerv
                0x0001b314       0x44 D:\oxygine-sound\dependencies\openalext\lib\android\libopenal.a(alState.o)
                0x0001b314                alGetIntegerv
 .text.alGetString
                0x0001b358       0xf0 D:\oxygine-sound\dependencies\openalext\lib\android\libopenal.a(alState.o)
                0x0001b358                alGetString
 .text.alDopplerFactor
                0x0001b448       0x50 D:\oxygine-sound\dependencies\openalext\lib\android\libopenal.a(alState.o)
                0x0001b448                alDopplerFactor
 .text.alDopplerVelocity
                0x0001b498       0x50 D:\oxygine-sound\dependencies\openalext\lib\android\libopenal.a(alState.o)
                0x0001b498                alDopplerVelocity
 .text.alSpeedOfSound
                0x0001b4e8       0x50 D:\oxygine-sound\dependencies\openalext\lib\android\libopenal.a(alState.o)
                0x0001b4e8                alSpeedOfSound
 .text.alDistanceModel
                0x0001b538       0x3e D:\oxygine-sound\dependencies\openalext\lib\android\libopenal.a(alState.o)
                0x0001b538                alDistanceModel
 .text.alDeferUpdatesSOFT
                0x0001b576       0xf6 D:\oxygine-sound\dependencies\openalext\lib\android\libopenal.a(alState.o)
                0x0001b576                alDeferUpdatesSOFT
 .text.alProcessUpdatesSOFT
                0x0001b66c       0xba D:\oxygine-sound\dependencies\openalext\lib\android\libopenal.a(alState.o)
                0x0001b66c                alProcessUpdatesSOFT
 .text.DedicatedDeviceUpdate
                0x0001b726        0x4 D:\oxygine-sound\dependencies\openalext\lib\android\libopenal.a(alcDedicated.o)
 .text.DedicatedProcess
                0x0001b72a       0x2c D:\oxygine-sound\dependencies\openalext\lib\android\libopenal.a(alcDedicated.o)
 .text.DedicatedUpdate
                0x0001b756       0x6c D:\oxygine-sound\dependencies\openalext\lib\android\libopenal.a(alcDedicated.o)
 .text.DedicatedDestroy
                0x0001b7c2        0x4 D:\oxygine-sound\dependencies\openalext\lib\android\libopenal.a(alcDedicated.o)
 *fill*         0x0001b7c6        0x2 00000000
 .text.DedicatedCreate
                0x0001b7c8       0x44 D:\oxygine-sound\dependencies\openalext\lib\android\libopenal.a(alcDedicated.o)
                0x0001b7c8                DedicatedCreate
 .text.EchoProcess
                0x0001b80c       0xd0 D:\oxygine-sound\dependencies\openalext\lib\android\libopenal.a(alcEcho.o)
 .text.EchoUpdate
                0x0001b8dc      0x190 D:\oxygine-sound\dependencies\openalext\lib\android\libopenal.a(alcEcho.o)
 .text.EchoDeviceUpdate
                0x0001ba6c       0x78 D:\oxygine-sound\dependencies\openalext\lib\android\libopenal.a(alcEcho.o)
 .text.EchoDestroy
                0x0001bae4       0x1c D:\oxygine-sound\dependencies\openalext\lib\android\libopenal.a(alcEcho.o)
 .text.EchoCreate
                0x0001bb00       0x48 D:\oxygine-sound\dependencies\openalext\lib\android\libopenal.a(alcEcho.o)
                0x0001bb00                EchoCreate
 .text.ModulatorDeviceUpdate
                0x0001bb48        0x4 D:\oxygine-sound\dependencies\openalext\lib\android\libopenal.a(alcModulator.o)
 .text.ModulatorProcess
                0x0001bb4c      0x198 D:\oxygine-sound\dependencies\openalext\lib\android\libopenal.a(alcModulator.o)
 .text.ModulatorUpdate
                0x0001bce4      0x104 D:\oxygine-sound\dependencies\openalext\lib\android\libopenal.a(alcModulator.o)
 .text.ModulatorDestroy
                0x0001bde8        0x4 D:\oxygine-sound\dependencies\openalext\lib\android\libopenal.a(alcModulator.o)
 .text.ModulatorCreate
                0x0001bdec       0x44 D:\oxygine-sound\dependencies\openalext\lib\android\libopenal.a(alcModulator.o)
                0x0001bdec                ModulatorCreate
 .text.StarterFunc
                0x0001be30       0x10 D:\oxygine-sound\dependencies\openalext\lib\android\libopenal.a(alcThread.o)
 .text.StartThread
                0x0001be40       0x38 D:\oxygine-sound\dependencies\openalext\lib\android\libopenal.a(alcThread.o)
                0x0001be40                StartThread
 .text.StopThread
                0x0001be78       0x18 D:\oxygine-sound\dependencies\openalext\lib\android\libopenal.a(alcThread.o)
                0x0001be78                StopThread
 .text          0x0001be90       0xc4 d:/android/android-ndk-r8e/toolchains/arm-linux-androideabi-4.4.3/prebuilt/windows/bin/../lib/gcc/arm-linux-androideabi/4.4.3\libgcc.a(_udivsi3.o)
                0x0001be90                __udivsi3
                0x0001be90                __aeabi_uidiv
                0x0001bf3c                __aeabi_uidivmod
 .text          0x0001bf54       0xf4 d:/android/android-ndk-r8e/toolchains/arm-linux-androideabi-4.4.3/prebuilt/windows/bin/../lib/gcc/arm-linux-androideabi/4.4.3\libgcc.a(_divsi3.o)
                0x0001bf54                __aeabi_idiv
                0x0001bf54                __divsi3
                0x0001c030                __aeabi_idivmod
 .text          0x0001c048       0x1c d:/android/android-ndk-r8e/toolchains/arm-linux-androideabi-4.4.3/prebuilt/windows/bin/../lib/gcc/arm-linux-androideabi/4.4.3\libgcc.a(_aeabi_ldivmod.o)
                0x0001c048                __aeabi_ldivmod
 .text          0x0001c064       0x1c d:/android/android-ndk-r8e/toolchains/arm-linux-androideabi-4.4.3/prebuilt/windows/bin/../lib/gcc/arm-linux-androideabi/4.4.3\libgcc.a(_aeabi_uldivmod.o)
                0x0001c064                __aeabi_uldivmod
 .text          0x0001c080       0x10 d:/android/android-ndk-r8e/toolchains/arm-linux-androideabi-4.4.3/prebuilt/windows/bin/../lib/gcc/arm-linux-androideabi/4.4.3\libgcc.a(_dvmd_lnx.o)
                0x0001c080                __div0
 .text          0x0001c090       0x88 d:/android/android-ndk-r8e/toolchains/arm-linux-androideabi-4.4.3/prebuilt/windows/bin/../lib/gcc/arm-linux-androideabi/4.4.3\libgcc.a(bpabi.o)
                0x0001c090                __gnu_uldivmod_helper
                0x0001c0d4                __gnu_ldivmod_helper
 .text          0x0001c118      0xec4 d:/android/android-ndk-r8e/toolchains/arm-linux-androideabi-4.4.3/prebuilt/windows/bin/../lib/gcc/arm-linux-androideabi/4.4.3\libgcc.a(unwind-arm.o)
                0x0001cb40                __gnu_Unwind_RaiseException
                0x0001c698                __aeabi_unwind_cpp_pr0
                0x0001c1c8                _Unwind_GetCFA
                0x0001c164                _Unwind_VRS_Set
                0x0001c8dc                __gnu_Unwind_Backtrace
                0x0001cc70                _Unwind_VRS_Pop
                0x0001c688                __aeabi_unwind_cpp_pr2
                0x0001c1d4                _Unwind_DeleteException
                0x0001c1d0                _Unwind_Complete
                0x0001cc04                __gnu_Unwind_Resume
                0x0001cacc                __gnu_Unwind_ForcedUnwind
                0x0001cbe4                __gnu_Unwind_Resume_or_Rethrow
                0x0001c118                _Unwind_VRS_Get
                0x0001c690                __aeabi_unwind_cpp_pr1
 .text          0x0001cfdc      0x1a8 d:/android/android-ndk-r8e/toolchains/arm-linux-androideabi-4.4.3/prebuilt/windows/bin/../lib/gcc/arm-linux-androideabi/4.4.3\libgcc.a(libunwind.o)
                0x0001d13c                ___Unwind_ForcedUnwind
                0x0001cff8                __gnu_Unwind_Save_VFP
                0x0001d118                _Unwind_Resume_or_Rethrow
                0x0001d118                ___Unwind_Resume_or_Rethrow
                0x0001d160                _Unwind_Backtrace
                0x0001cfdc                __restore_core_regs
                0x0001d018                __gnu_Unwind_Save_VFP_D_16_to_31
                0x0001d008                __gnu_Unwind_Save_VFP_D
                0x0001d160                ___Unwind_Backtrace
                0x0001d0d0                ___Unwind_RaiseException
                0x0001d0f4                ___Unwind_Resume
                0x0001d020                __gnu_Unwind_Restore_WMMXD
                0x0001cff0                __gnu_Unwind_Restore_VFP
                0x0001d0f4                _Unwind_Resume
                0x0001d000                __gnu_Unwind_Restore_VFP_D
                0x0001d010                __gnu_Unwind_Restore_VFP_D_16_to_31
                0x0001d0d0                _Unwind_RaiseException
                0x0001cfdc                restore_core_regs
                0x0001d0bc                __gnu_Unwind_Save_WMMXC
                0x0001d0a8                __gnu_Unwind_Restore_WMMXC
                0x0001d13c                _Unwind_ForcedUnwind
                0x0001d064                __gnu_Unwind_Save_WMMXD
 .text          0x0001d184      0x484 d:/android/android-ndk-r8e/toolchains/arm-linux-androideabi-4.4.3/prebuilt/windows/bin/../lib/gcc/arm-linux-androideabi/4.4.3\libgcc.a(pr-support.o)
                0x0001d224                _Unwind_GetRegionStart
                0x0001d250                __gnu_unwind_execute
                0x0001d1dc                _Unwind_GetTextRelBase
                0x0001d1ec                _Unwind_GetLanguageSpecificData
                0x0001d5c8                __gnu_unwind_frame
                0x0001d1e4                _Unwind_GetDataRelBase
 .text          0x0001d608      0x47c d:/android/android-ndk-r8e/toolchains/arm-linux-androideabi-4.4.3/prebuilt/windows/bin/../lib/gcc/arm-linux-androideabi/4.4.3\libgcc.a(_divdi3.o)
                0x0001d608                __divdi3
 .text          0x0001da84      0x40c d:/android/android-ndk-r8e/toolchains/arm-linux-androideabi-4.4.3/prebuilt/windows/bin/../lib/gcc/arm-linux-androideabi/4.4.3\libgcc.a(_udivdi3.o)
                0x0001da84                __udivdi3
 .text.stub     0x0001de90      0x170 linker stubs
 *(.gnu.warning)
 *(.glue_7t)
 .glue_7t       0x00000000        0x0 linker stubs
 *(.glue_7)
 .glue_7        0x00000000        0x0 linker stubs
 *(.vfp11_veneer)
 .vfp11_veneer  0x00000000        0x0 linker stubs
 *(.v4_bx)
 .v4_bx         0x00000000        0x0 linker stubs

.fini
 *(.fini)
                0x0001e000                PROVIDE (__etext, .)
                0x0001e000                PROVIDE (_etext, .)
                0x0001e000                PROVIDE (etext, .)

.rodata         0x0001e000    0x151c3
 *(.rodata .rodata.* .gnu.linkonce.r.*)
 .rodata.str1.4
                0x0001e000        0xc release\openalext_register.os
 .rodata        0x0001e00c      0xa80 D:\oxygine-sound\dependencies\openalext\lib\android\libopenal.a(alBuffer.o)