Archive member included because of file (symbol)

D:\oxygine-sound\dependencies\openalext\lib\android\libopenal.a(alBuffer.o)
                              release\openalext_platform.os (alDeleteBuffers)
D:\oxygine-sound\dependencies\openalext\lib\android\libopenal.a(alError.o)
                              release\openalext_platform.os (alGetError)
D:\oxygine-sound\dependencies\openalext\lib\android\libopenal.a(alSource.o)
                              release\openalext_platform.os (alDeleteSources)
D:\oxygine-sound\dependencies\openalext\lib\android\libopenal.a(alThunk.o)
                              D:\oxygine-sound\dependencies\openalext\lib\android\libopenal.a(alBuffer.o) (NewThunkEntry)
D:\oxygine-sound\dependencies\openalext\lib\android\libopenal.a(ALc.o)
                              release\openalext_platform.os (alcSuspendContext)
D:\oxygine-sound\dependencies\openalext\lib\android\libopenal.a(alcConfig.o)
                              D:\oxygine-sound\dependencies\openalext\lib\android\libopenal.a(ALc.o) (ReadALConfig)
D:\oxygine-sound\dependencies\openalext\lib\android\libopenal.a(alcReverb.o)
                              D:\oxygine-sound\dependencies\openalext\lib\android\libopenal.a(ALc.o) (EmulateEAXReverb)
D:\oxygine-sound\dependencies\openalext\lib\android\libopenal.a(ALu.o)
                              D:\oxygine-sound\dependencies\openalext\lib\android\libopenal.a(alSource.o) (CalcNonAttnSourceParams)
D:\oxygine-sound\dependencies\openalext\lib\android\libopenal.a(bs2b.o)
                              D:\oxygine-sound\dependencies\openalext\lib\android\libopenal.a(ALc.o) (bs2b_set_level)
D:\oxygine-sound\dependencies\openalext\lib\android\libopenal.a(helpers.o)
                              D:\oxygine-sound\dependencies\openalext\lib\android\libopenal.a(ALc.o) (InitializeCriticalSection)
D:\oxygine-sound\dependencies\openalext\lib\android\libopenal.a(hrtf.o)
                              D:\oxygine-sound\dependencies\openalext\lib\android\libopenal.a(ALu.o) (CalcHrtfDelta)
D:\oxygine-sound\dependencies\openalext\lib\android\libopenal.a(mixer.o)
                              D:\oxygine-sound\dependencies\openalext\lib\android\libopenal.a(ALu.o) (SelectMixer)
D:\oxygine-sound\dependencies\openalext\lib\android\libopenal.a(panning.o)
                              D:\oxygine-sound\dependencies\openalext\lib\android\libopenal.a(alcReverb.o) (aluCart2LUTpos)
D:\oxygine-sound\dependencies\openalext\lib\android\libopenal.a(opensl.o)
                              D:\oxygine-sound\dependencies\openalext\lib\android\libopenal.a(ALc.o) (alc_opensl_init)
D:\oxygine-sound\dependencies\openalext\lib\android\libopenal.a(null.o)
                              D:\oxygine-sound\dependencies\openalext\lib\android\libopenal.a(ALc.o) (alc_null_init)
D:\oxygine-sound\dependencies\openalext\lib\android\libopenal.a(loopback.o)
                              D:\oxygine-sound\dependencies\openalext\lib\android\libopenal.a(ALc.o) (alc_loopback_init)
D:\oxygine-sound\dependencies\openalext\lib\android\libopenal.a(alAuxEffectSlot.o)
                              D:\oxygine-sound\dependencies\openalext\lib\android\libopenal.a(ALc.o) (alDeleteAuxiliaryEffectSlots)
D:\oxygine-sound\dependencies\openalext\lib\android\libopenal.a(alEffect.o)
                              D:\oxygine-sound\dependencies\openalext\lib\android\libopenal.a(ALc.o) (alDeleteEffects)
D:\oxygine-sound\dependencies\openalext\lib\android\libopenal.a(alExtension.o)
                              D:\oxygine-sound\dependencies\openalext\lib\android\libopenal.a(ALc.o) (alIsExtensionPresent)
D:\oxygine-sound\dependencies\openalext\lib\android\libopenal.a(alFilter.o)
                              D:\oxygine-sound\dependencies\openalext\lib\android\libopenal.a(ALc.o) (alDeleteFilters)
D:\oxygine-sound\dependencies\openalext\lib\android\libopenal.a(alListener.o)
                              D:\oxygine-sound\dependencies\openalext\lib\android\libopenal.a(ALc.o) (alListenerf)
D:\oxygine-sound\dependencies\openalext\lib\android\libopenal.a(alState.o)
                              D:\oxygine-sound\dependencies\openalext\lib\android\libopenal.a(ALc.o) (alEnable)
D:\oxygine-sound\dependencies\openalext\lib\android\libopenal.a(alcDedicated.o)
                              D:\oxygine-sound\dependencies\openalext\lib\android\libopenal.a(alAuxEffectSlot.o) (DedicatedCreate)
D:\oxygine-sound\dependencies\openalext\lib\android\libopenal.a(alcEcho.o)
                              D:\oxygine-sound\dependencies\openalext\lib\android\libopenal.a(alAuxEffectSlot.o) (EchoCreate)
D:\oxygine-sound\dependencies\openalext\lib\android\libopenal.a(alcModulator.o)
                              D:\oxygine-sound\dependencies\openalext\lib\android\libopenal.a(alAuxEffectSlot.o) (ModulatorCreate)
D:\oxygine-sound\dependencies\openalext\lib\android\libopenal.a(alcThread.o)
                              D:\oxygine-sound\dependencies\openalext\lib\android\libopenal.a(null.o) (StartThread)
[...]
Memory Configuration

Name             Origin             Length             Attributes
*default*        0x00000000         0xffffffff

Linker script and memory map

LOAD d:/android/android-ndk-r8e/platforms/android-9/arch-arm/usr/lib/crtbegin_so.o
LOAD release\openalext_platform.os
LOAD release\openalext.os
LOAD release\openalext_register.os
LOAD D:\oxygine-sound\dependencies\openalext\lib\android\libopenal.a
LOAD D:\android\android-ndk-r8e\platforms\android-9\arch-arm\usr\lib/libOpenSLES.so
LOAD D:\marmalade\7.1\s3e\edk\lib\android\libedk.a
LOAD D:\marmalade\7.1\s3e\edk\lib\android/libplaceholderplaceholderplaceholderplaceholderplaceholder.so
LOAD D:\android\android-ndk-r8e\platforms\android-9\arch-arm\usr\lib/liblog.so
LOAD D:\android\android-ndk-r8e\sources\cxx-stl\gnu-libstdc++\4.4.3\libs\armeabi\libgnustl_static.a
LOAD d:/android/android-ndk-r8e/toolchains/arm-linux-androideabi-4.4.3/prebuilt/windows/bin/../lib/gcc/arm-linux-androideabi/4.4.3\libgcc.a
LOAD D:\android\android-ndk-r8e\platforms\android-9\arch-arm\usr\lib/libstdc++.so
LOAD D:\android\android-ndk-r8e\platforms\android-9\arch-arm\usr\lib/libm.so
LOAD D:\android\android-ndk-r8e\platforms\android-9\arch-arm\usr\lib/libc.so
LOAD d:/android/android-ndk-r8e/toolchains/arm-linux-androideabi-4.4.3/prebuilt/windows/bin/../lib/gcc/arm-linux-androideabi/4.4.3\libgcc.a
LOAD D:\android\android-ndk-r8e\platforms\android-9\arch-arm\usr\lib/libc.so
LOAD D:\android\android-ndk-r8e\platforms\android-9\arch-arm\usr\lib/libdl.so
LOAD d:/android/android-ndk-r8e/toolchains/arm-linux-androideabi-4.4.3/prebuilt/windows/bin/../lib/gcc/arm-linux-androideabi/4.4.3\libgcc.a
LOAD d:/android/android-ndk-r8e/platforms/android-9/arch-arm/usr/lib/crtend_so.o
                0x000000f4                . = (0x0 + SIZEOF_HEADERS)

.note.gnu.build-id
 *(.note.gnu.build-id)

.hash           0x000000f4      0xa7c
 *(.hash)
 .hash          0x000000f4      0xa7c d:/android/android-ndk-r8e/platforms/android-9/arch-arm/usr/lib/crtbegin_so.o

.gnu.hash
 *(.gnu.hash)

.dynsym         0x00000b70     0x1960
 *(.dynsym)
 .dynsym        0x00000b70     0x1960 d:/android/android-ndk-r8e/platforms/android-9/arch-arm/usr/lib/crtbegin_so.o

.dynstr         0x000024d0     0x17be
 *(.dynstr)
 .dynstr        0x000024d0     0x17be d:/android/android-ndk-r8e/platforms/android-9/arch-arm/usr/lib/crtbegin_so.o

.gnu.version    0x00003c8e        0x0
 *(.gnu.version)
 .gnu.version   0x00000000        0x0 d:/android/android-ndk-r8e/platforms/android-9/arch-arm/usr/lib/crtbegin_so.o

.gnu.version_d  0x00003c90        0x0 load address 0x00003c8e
 *(.gnu.version_d)
 .gnu.version_d
                0x00000000        0x0 d:/android/android-ndk-r8e/platforms/android-9/arch-arm/usr/lib/crtbegin_so.o

.gnu.version_r  0x00003c90        0x0 load address 0x00003c8e
 *(.gnu.version_r)
 .gnu.version_r
                0x00000000        0x0 d:/android/android-ndk-r8e/platforms/android-9/arch-arm/usr/lib/crtbegin_so.o

.rel.dyn        0x00003c90     0x13b8
 *(.rel.init)
 *(.rel.text .rel.text.* .rel.gnu.linkonce.t.*)
 *(.rel.fini)
 *(.rel.rodata .rel.rodata.* .rel.gnu.linkonce.r.*)
 *(.rel.data.rel.ro* .rel.gnu.linkonce.d.rel.ro.*)
 .rel.data.rel.ro
                0x00003c90      0x8a0 d:/android/android-ndk-r8e/platforms/android-9/arch-arm/usr/lib/crtbegin_so.o
 .rel.data.rel.ro.local
                0x00004530      0x8f0 d:/android/android-ndk-r8e/platforms/android-9/arch-arm/usr/lib/crtbegin_so.o
 *(.rel.data .rel.data.* .rel.gnu.linkonce.d.*)
 .rel.data.rel  0x00004e20       0x60 d:/android/android-ndk-r8e/platforms/android-9/arch-arm/usr/lib/crtbegin_so.o
 *(.rel.tdata .rel.tdata.* .rel.gnu.linkonce.td.*)
 *(.rel.tbss .rel.tbss.* .rel.gnu.linkonce.tb.*)
 *(.rel.ctors)
 *(.rel.dtors)
 *(.rel.got)
 .rel.got       0x00004e80      0x1b0 d:/android/android-ndk-r8e/platforms/android-9/arch-arm/usr/lib/crtbegin_so.o
 *(.rel.bss .rel.bss.* .rel.gnu.linkonce.b.*)
 .rel.fini_array
                0x00005030       0x10 d:/android/android-ndk-r8e/platforms/android-9/arch-arm/usr/lib/crtbegin_so.o
 .rel.init_array
                0x00005040        0x8 d:/android/android-ndk-r8e/platforms/android-9/arch-arm/usr/lib/crtbegin_so.o

.rela.dyn
 *(.rela.init)
 *(.rela.text .rela.text.* .rela.gnu.linkonce.t.*)
 *(.rela.fini)
 *(.rela.rodata .rela.rodata.* .rela.gnu.linkonce.r.*)
 *(.rela.data .rela.data.* .rela.gnu.linkonce.d.*)
 *(.rela.tdata .rela.tdata.* .rela.gnu.linkonce.td.*)
 *(.rela.tbss .rela.tbss.* .rela.gnu.linkonce.tb.*)
 *(.rela.ctors)
 *(.rela.dtors)
 *(.rela.got)
 *(.rela.bss .rela.bss.* .rela.gnu.linkonce.b.*)

.rel.plt        0x00005048      0x260
 *(.rel.plt)
 .rel.plt       0x00005048      0x260 d:/android/android-ndk-r8e/platforms/android-9/arch-arm/usr/lib/crtbegin_so.o

.rela.plt
 *(.rela.plt)

.init
 *(.init)

.plt            0x000052a8      0x3c8
 *(.plt)
 .plt           0x000052a8      0x3c8 d:/android/android-ndk-r8e/platforms/android-9/arch-arm/usr/lib/crtbegin_so.o

.text           0x00005670    0x184c8
 *(.text .stub .text.* .gnu.linkonce.t.*)
 .text.exit     0x00005670       0x10 d:/android/android-ndk-r8e/platforms/android-9/arch-arm/usr/lib/crtbegin_so.o
                0x00005670                __on_dlclose
 .text._Z22openalextInit_platformv
                0x00005680        0x8 release\openalext_platform.os
                0x00005680                openalextInit_platform()
 .text._Z27openalextTerminate_platformv
                0x00005688        0x4 release\openalext_platform.os
                0x00005688                openalextTerminate_platform()
 .text._Z30_alcGetCurrentContext_platformv
                0x0000568c        0x4 release\openalext_platform.os
                0x0000568c                _alcGetCurrentContext_platform()
 .text._Z27_alcDestroyContext_platformP11_ALCcontext
                0x00005690        0x4 release\openalext_platform.os
                0x00005690                _alcDestroyContext_platform(_ALCcontext*)
 .text._Z27_alcSuspendContext_platformP11_ALCcontext
                0x00005694        0x4 release\openalext_platform.os
                0x00005694                _alcSuspendContext_platform(_ALCcontext*)
 .text._Z27_alcProcessContext_platformP11_ALCcontext
                0x00005698        0x4 release\openalext_platform.os
                0x00005698                _alcProcessContext_platform(_ALCcontext*)
 .text._Z31_alcMakeContextCurrent_platformP11_ALCcontext
                0x0000569c        0x4 release\openalext_platform.os
                0x0000569c                _alcMakeContextCurrent_platform(_ALCcontext*)
 .text._Z26_alcCreateContext_platformP10_ALCdevicePKi
                0x000056a0        0x4 release\openalext_platform.os
                0x000056a0                _alcCreateContext_platform(_ALCdevice*, int const*)
 .text._Z24_alcCloseDevice_platformP10_ALCdevice
                0x000056a4        0x4 release\openalext_platform.os
                0x000056a4                _alcCloseDevice_platform(_ALCdevice*)
 .text._Z23_alcOpenDevice_platformPKc
                0x000056a8        0x4 release\openalext_platform.os
                0x000056a8                _alcOpenDevice_platform(char const*)
 .text._Z22_alBufferData_platformjjPKvii
                0x000056ac        0x4 release\openalext_platform.os
                0x000056ac                _alBufferData_platform(unsigned int, unsigned int, void const*, int, int)
 .text._Z25_alDeleteBuffers_platformiPKj
                0x000056b0        0x4 release\openalext_platform.os
                0x000056b0                _alDeleteBuffers_platform(int, unsigned int const*)
 .text._Z22_alGenBuffers_platformiPj
                0x000056b4        0x4 release\openalext_platform.os
                0x000056b4                _alGenBuffers_platform(int, unsigned int*)
 .text._Z25_alDeleteSources_platformiPKj
                0x000056b8        0x4 release\openalext_platform.os
                0x000056b8                _alDeleteSources_platform(int, unsigned int const*)
 .text._Z22_alGenSources_platformiPj
                0x000056bc        0x4 release\openalext_platform.os
                0x000056bc                _alGenSources_platform(int, unsigned int*)
 .text._Z23_alSourcePause_platformj
                0x000056c0        0x4 release\openalext_platform.os
                0x000056c0                _alSourcePause_platform(unsigned int)
 .text._Z22_alSourceStop_platformj
                0x000056c4        0x4 release\openalext_platform.os
                0x000056c4                _alSourceStop_platform(unsigned int)
 .text._Z22_alSourcePlay_platformj
                0x000056c8        0x4 release\openalext_platform.os
                0x000056c8                _alSourcePlay_platform(unsigned int)
 .text._Z19_alSourcei_platformjji
                0x000056cc        0x4 release\openalext_platform.os
                0x000056cc                _alSourcei_platform(unsigned int, unsigned int, int)
 .text._Z19_alSourcef_platformjjf
                0x000056d0        0x4 release\openalext_platform.os
                0x000056d0                _alSourcef_platform(unsigned int, unsigned int, float)
 .text._Z22_alGetSourcef_platformjjPf
                0x000056d4        0x4 release\openalext_platform.os
                0x000056d4                _alGetSourcef_platform(unsigned int, unsigned int, float*)
 .text._Z22_alGetSourcei_platformjjPi
                0x000056d8        0x4 release\openalext_platform.os
                0x000056d8                _alGetSourcei_platform(unsigned int, unsigned int, int*)
 .text._Z32_alSourceUnqueueBuffers_platformjiPj
                0x000056dc        0x4 release\openalext_platform.os
                0x000056dc                _alSourceUnqueueBuffers_platform(unsigned int, int, unsigned int*)
 .text._Z30_alSourceQueueBuffers_platformjiPKj
                0x000056e0        0x4 release\openalext_platform.os
                0x000056e0                _alSourceQueueBuffers_platform(unsigned int, int, unsigned int const*)
 .text._Z20_alGetError_platformv
                0x000056e4        0x4 release\openalext_platform.os
                0x000056e4                _alGetError_platform()
 .text._alcGetCurrentContext
                0x000056e8        0x4 release\openalext.os
                0x000056e8                _alcGetCurrentContext
 .text._alcDestroyContext
                0x000056ec        0x4 release\openalext.os
                0x000056ec                _alcDestroyContext
 .text._alcSuspendContext
                0x000056f0        0x4 release\openalext.os
                0x000056f0                _alcSuspendContext
 .text._alcProcessContext
                0x000056f4        0x4 release\openalext.os
                0x000056f4                _alcProcessContext
 .text._alcMakeContextCurrent
                0x000056f8        0x4 release\openalext.os
                0x000056f8                _alcMakeContextCurrent
 .text._alcCreateContext
                0x000056fc        0x4 release\openalext.os
                0x000056fc                _alcCreateContext
 .text._alcCloseDevice
                0x00005700        0x4 release\openalext.os
                0x00005700                _alcCloseDevice
 .text._alcOpenDevice
                0x00005704        0x4 release\openalext.os
                0x00005704                _alcOpenDevice
 .text._alBufferData
                0x00005708        0x4 release\openalext.os
                0x00005708                _alBufferData
 .text._alDeleteBuffers
                0x0000570c        0x4 release\openalext.os
                0x0000570c                _alDeleteBuffers
 .text._alGenBuffers
                0x00005710        0x4 release\openalext.os
                0x00005710                _alGenBuffers
 .text._alDeleteSources
                0x00005714        0x4 release\openalext.os
                0x00005714                _alDeleteSources
 .text._alGenSources
                0x00005718        0x4 release\openalext.os
                0x00005718                _alGenSources
 .text._alSourcePause
                0x0000571c        0x4 release\openalext.os
                0x0000571c                _alSourcePause
 .text._alSourceStop
                0x00005720        0x4 release\openalext.os
                0x00005720                _alSourceStop
 .text._alSourcePlay
                0x00005724        0x4 release\openalext.os
                0x00005724                _alSourcePlay
 .text._alSourcei
                0x00005728        0x4 release\openalext.os
                0x00005728                _alSourcei
 .text._alSourcef
                0x0000572c        0x4 release\openalext.os
                0x0000572c                _alSourcef
 .text._alGetSourcef
                0x00005730        0x4 release\openalext.os
                0x00005730                _alGetSourcef
 .text._alGetSourcei
                0x00005734        0x4 release\openalext.os
                0x00005734                _alGetSourcei
 .text._alSourceUnqueueBuffers
                0x00005738        0x4 release\openalext.os
                0x00005738                _alSourceUnqueueBuffers
 .text._alSourceQueueBuffers
                0x0000573c        0x4 release\openalext.os
                0x0000573c                _alSourceQueueBuffers
 .text._alGetError
                0x00005740        0x4 release\openalext.os
                0x00005740                _alGetError
 .text._Z18openalextTerminatev
                0x00005744        0x4 release\openalext.os
                0x00005744                openalextTerminate()
 .text._Z13openalextInitv
                0x00005748        0x4 release\openalext.os
                0x00005748                openalextInit()
 .text.RegisterExt
                0x0000574c      0x214 release\openalext_register.os
                0x0000574c                RegisterExt
 .text.EncodeMuLaw
                0x00005960       0x4c D:\oxygine-sound\dependencies\openalext\lib\android\libopenal.a(alBuffer.o)
 .text.EncodeALaw
                0x000059ac       0x58 D:\oxygine-sound\dependencies\openalext\lib\android\libopenal.a(alBuffer.o)
 .text.DecodeIMA4Block
                0x00005a04      0x184 D:\oxygine-sound\dependencies\openalext\lib\android\libopenal.a(alBuffer.o)
 .text.EncodeIMA4Block
                0x00005b88      0x208 D:\oxygine-sound\dependencies\openalext\lib\android\libopenal.a(alBuffer.o)
 .text.DecodeByte3
                0x00005d90       0x34 D:\oxygine-sound\dependencies\openalext\lib\android\libopenal.a(alBuffer.o)
 .text.DecodeUByte3
                0x00005dc4       0x30 D:\oxygine-sound\dependencies\openalext\lib\android\libopenal.a(alBuffer.o)
 .text.Convert_ALbyte_ALima4
                0x00005df4       0x70 D:\oxygine-sound\dependencies\openalext\lib\android\libopenal.a(alBuffer.o)
 .text.Convert_ALubyte_ALima4
                0x00005e64       0x72 D:\oxygine-sound\dependencies\openalext\lib\android\libopenal.a(alBuffer.o)
 .text.Convert_ALshort_ALima4
                0x00005ed6       0x6c D:\oxygine-sound\dependencies\openalext\lib\android\libopenal.a(alBuffer.o)
 .text.Convert_ALushort_ALima4
                0x00005f42       0x70 D:\oxygine-sound\dependencies\openalext\lib\android\libopenal.a(alBuffer.o)
 .text.Convert_ALint_ALima4
                0x00005fb2       0x7c D:\oxygine-sound\dependencies\openalext\lib\android\libopenal.a(alBuffer.o)
 .text.Convert_ALuint_ALima4
                0x0000602e       0x80 D:\oxygine-sound\dependencies\openalext\lib\android\libopenal.a(alBuffer.o)
 *fill*         0x000060ae        0x2 00000000
 .text.Convert_ALfloat_ALima4
                0x000060b0       0x94 D:\oxygine-sound\dependencies\openalext\lib\android\libopenal.a(alBuffer.o)
 *fill*         0x00006144        0x4 00000000
 .text.Convert_ALdouble_ALima4
                0x00006148       0x98 D:\oxygine-sound\dependencies\openalext\lib\android\libopenal.a(alBuffer.o)
 .text.Convert_ALmulaw_ALima4
                0x000061e0       0x82 D:\oxygine-sound\dependencies\openalext\lib\android\libopenal.a(alBuffer.o)
 .text.Convert_ALalaw_ALima4
                0x00006262       0x82 D:\oxygine-sound\dependencies\openalext\lib\android\libopenal.a(alBuffer.o)
 .text.Convert_ALima4_ALbyte
                0x000062e4       0x76 D:\oxygine-sound\dependencies\openalext\lib\android\libopenal.a(alBuffer.o)
 .text.Convert_ALima4_ALubyte
                0x0000635a       0x78 D:\oxygine-sound\dependencies\openalext\lib\android\libopenal.a(alBuffer.o)
 .text.Convert_ALima4_ALshort
                0x000063d2       0x74 D:\oxygine-sound\dependencies\openalext\lib\android\libopenal.a(alBuffer.o)
 .text.Convert_ALima4_ALushort
                0x00006446       0x78 D:\oxygine-sound\dependencies\openalext\lib\android\libopenal.a(alBuffer.o)
 .text.Convert_ALima4_ALint
                0x000064be       0x7c D:\oxygine-sound\dependencies\openalext\lib\android\libopenal.a(alBuffer.o)
 .text.Convert_ALima4_ALuint
                0x0000653a       0x80 D:\oxygine-sound\dependencies\openalext\lib\android\libopenal.a(alBuffer.o)
 *fill*         0x000065ba        0x2 00000000
 .text.Convert_ALima4_ALfloat
                0x000065bc       0xbc D:\oxygine-sound\dependencies\openalext\lib\android\libopenal.a(alBuffer.o)
 .text.Convert_ALima4_ALdouble
                0x00006678       0xc0 D:\oxygine-sound\dependencies\openalext\lib\android\libopenal.a(alBuffer.o)
 .text.Convert_ALima4_ALmulaw
                0x00006738       0x8c D:\oxygine-sound\dependencies\openalext\lib\android\libopenal.a(alBuffer.o)
 .text.Convert_ALima4_ALalaw
                0x000067c4       0x8c D:\oxygine-sound\dependencies\openalext\lib\android\libopenal.a(alBuffer.o)
 .text.Convert_ALima4_ALbyte3
                0x00006850       0xaa D:\oxygine-sound\dependencies\openalext\lib\android\libopenal.a(alBuffer.o)
 .text.Convert_ALima4_ALubyte3
                0x000068fa       0xae D:\oxygine-sound\dependencies\openalext\lib\android\libopenal.a(alBuffer.o)
 .text.EncodeByte3
                0x000069a8       0x54 D:\oxygine-sound\dependencies\openalext\lib\android\libopenal.a(alBuffer.o)
 .text.Convert_ALbyte3_ALima4
                0x000069fc       0xcc D:\oxygine-sound\dependencies\openalext\lib\android\libopenal.a(alBuffer.o)
 .text.EncodeUByte3
                0x00006ac8       0x54 D:\oxygine-sound\dependencies\openalext\lib\android\libopenal.a(alBuffer.o)
 .text.Convert_ALubyte3_ALima4
                0x00006b1c       0xd2 D:\oxygine-sound\dependencies\openalext\lib\android\libopenal.a(alBuffer.o)
 *fill*         0x00006bee        0x2 00000000
 .text.Convert_ALubyte3
                0x00006bf0      0x658 D:\oxygine-sound\dependencies\openalext\lib\android\libopenal.a(alBuffer.o)
 .text.ConvertData
                0x00007248     0x2ab0 D:\oxygine-sound\dependencies\openalext\lib\android\libopenal.a(alBuffer.o)
 .text.alDeleteBuffers
                0x00009cf8       0xaa D:\oxygine-sound\dependencies\openalext\lib\android\libopenal.a(alBuffer.o)
                0x00009cf8                alDeleteBuffers
 .text.alGenBuffers
                0x00009da2       0xb2 D:\oxygine-sound\dependencies\openalext\lib\android\libopenal.a(alBuffer.o)
                0x00009da2                alGenBuffers
 .text.alIsBuffer
                0x00009e54       0x36 D:\oxygine-sound\dependencies\openalext\lib\android\libopenal.a(alBuffer.o)
                0x00009e54                alIsBuffer
 *fill*         0x00009e8a        0x2 00000000
 .text.alIsBufferFormatSupportedSOFT
                0x00009e8c       0x38 D:\oxygine-sound\dependencies\openalext\lib\android\libopenal.a(alBuffer.o)
                0x00009e8c                alIsBufferFormatSupportedSOFT
 .text.alBufferf
                0x00009ec4       0x38 D:\oxygine-sound\dependencies\openalext\lib\android\libopenal.a(alBuffer.o)
                0x00009ec4                alBufferf
 .text.alBuffer3f
                0x00009efc       0x38 D:\oxygine-sound\dependencies\openalext\lib\android\libopenal.a(alBuffer.o)
                0x00009efc                alBuffer3f
 .text.alBufferfv
                0x00009f34       0x44 D:\oxygine-sound\dependencies\openalext\lib\android\libopenal.a(alBuffer.o)
                0x00009f34                alBufferfv
 .text.alBufferi
                0x00009f78       0x38 D:\oxygine-sound\dependencies\openalext\lib\android\libopenal.a(alBuffer.o)
                0x00009f78                alBufferi
 .text.alBuffer3i
                0x00009fb0       0x38 D:\oxygine-sound\dependencies\openalext\lib\android\libopenal.a(alBuffer.o)
                0x00009fb0                alBuffer3i
 .text.alBufferiv
                0x00009fe8       0x92 D:\oxygine-sound\dependencies\openalext\lib\android\libopenal.a(alBuffer.o)
                0x00009fe8                alBufferiv
 .text.alGetBufferf
                0x0000a07a       0x88 D:\oxygine-sound\dependencies\openalext\lib\android\libopenal.a(alBuffer.o)
                0x0000a07a                alGetBufferf
 .text.alGetBuffer3f
                0x0000a102       0x62 D:\oxygine-sound\dependencies\openalext\lib\android\libopenal.a(alBuffer.o)
                0x0000a102                alGetBuffer3f
 .text.alGetBufferfv
                0x0000a164       0x54 D:\oxygine-sound\dependencies\openalext\lib\android\libopenal.a(alBuffer.o)
                0x0000a164                alGetBufferfv
 .text.alGetBuffer3i
                0x0000a1b8       0x62 D:\oxygine-sound\dependencies\openalext\lib\android\libopenal.a(alBuffer.o)
                0x0000a1b8                alGetBuffer3i
 *fill*         0x0000a21a        0x2 00000000
 .text.BytesFromUserFmt
                0x0000a21c       0x1c D:\oxygine-sound\dependencies\openalext\lib\android\libopenal.a(alBuffer.o)
                0x0000a21c                BytesFromUserFmt
 .text.ChannelsFromUserFmt
                0x0000a238       0x1c D:\oxygine-sound\dependencies\openalext\lib\android\libopenal.a(alBuffer.o)
                0x0000a238                ChannelsFromUserFmt
 .text.BytesFromFmt
                0x0000a254       0x1c D:\oxygine-sound\dependencies\openalext\lib\android\libopenal.a(alBuffer.o)
                0x0000a254                BytesFromFmt
 .text.ChannelsFromFmt
                0x0000a270       0x1c D:\oxygine-sound\dependencies\openalext\lib\android\libopenal.a(alBuffer.o)
                0x0000a270                ChannelsFromFmt
 .text.alGetBufferi
                0x0000a28c       0xbc D:\oxygine-sound\dependencies\openalext\lib\android\libopenal.a(alBuffer.o)
                0x0000a28c                alGetBufferi
 .text.alGetBufferiv
                0x0000a348       0x8e D:\oxygine-sound\dependencies\openalext\lib\android\libopenal.a(alBuffer.o)
                0x0000a348                alGetBufferiv
 .text.alGetBufferSamplesSOFT
                0x0000a3d6       0xf6 D:\oxygine-sound\dependencies\openalext\lib\android\libopenal.a(alBuffer.o)
                0x0000a3d6                alGetBufferSamplesSOFT
 .text.alBufferSubSamplesSOFT
                0x0000a4cc      0x106 D:\oxygine-sound\dependencies\openalext\lib\android\libopenal.a(alBuffer.o)
                0x0000a4cc                alBufferSubSamplesSOFT
 *fill*         0x0000a5d2        0x2 00000000
 .text.LoadData
                0x0000a5d4      0x160 D:\oxygine-sound\dependencies\openalext\lib\android\libopenal.a(alBuffer.o)
 .text.alBufferSamplesSOFT
                0x0000a734       0xa0 D:\oxygine-sound\dependencies\openalext\lib\android\libopenal.a(alBuffer.o)
                0x0000a734                alBufferSamplesSOFT
 .text.alBufferData
                0x0000a7d4      0x1c8 D:\oxygine-sound\dependencies\openalext\lib\android\libopenal.a(alBuffer.o)
                0x0000a7d4                alBufferData
 .text.alBufferSubDataSOFT
                0x0000a99c      0x190 D:\oxygine-sound\dependencies\openalext\lib\android\libopenal.a(alBuffer.o)
                0x0000a99c                alBufferSubDataSOFT
 .text.ReleaseALBuffers
                0x0000ab2c       0x3a D:\oxygine-sound\dependencies\openalext\lib\android\libopenal.a(alBuffer.o)
                0x0000ab2c                ReleaseALBuffers
 .text.alGetError
                0x0000ab66       0x2c D:\oxygine-sound\dependencies\openalext\lib\android\libopenal.a(alError.o)
                0x0000ab66                alGetError
 *fill*         0x0000ab92        0x2 00000000
 .text.alSetError
                0x0000ab94       0x3c D:\oxygine-sound\dependencies\openalext\lib\android\libopenal.a(alError.o)
                0x0000ab94                alSetError
 .text.LockContext
                0x0000abd0        0xa D:\oxygine-sound\dependencies\openalext\lib\android\libopenal.a(alSource.o)
 .text.UnlockContext
                0x0000abda        0xa D:\oxygine-sound\dependencies\openalext\lib\android\libopenal.a(alSource.o)
 *fill*         0x0000abe4        0x4 00000000
 .text.GetSourceOffset
                0x0000abe8      0x1d0 D:\oxygine-sound\dependencies\openalext\lib\android\libopenal.a(alSource.o)
 .text.alDeleteSources
                0x0000adb8      0x138 D:\oxygine-sound\dependencies\openalext\lib\android\libopenal.a(alSource.o)
                0x0000adb8                alDeleteSources
 .text.alGenSources
                0x0000aef0      0x184 D:\oxygine-sound\dependencies\openalext\lib\android\libopenal.a(alSource.o)
                0x0000aef0                alGenSources
 .text.alIsSource
                0x0000b074       0x2a D:\oxygine-sound\dependencies\openalext\lib\android\libopenal.a(alSource.o)
                0x0000b074                alIsSource
 .text.alSource3f
                0x0000b09e       0xfa D:\oxygine-sound\dependencies\openalext\lib\android\libopenal.a(alSource.o)
                0x0000b09e                alSource3f
 .text.alSource3i
                0x0000b198      0x164 D:\oxygine-sound\dependencies\openalext\lib\android\libopenal.a(alSource.o)
                0x0000b198                alSource3i
 .text.alGetSourcef
                0x0000b2fc      0x158 D:\oxygine-sound\dependencies\openalext\lib\android\libopenal.a(alSource.o)
                0x0000b2fc                alGetSourcef
 .text.alGetSource3f
                0x0000b454       0xc8 D:\oxygine-sound\dependencies\openalext\lib\android\libopenal.a(alSource.o)
                0x0000b454                alGetSource3f
 .text.alGetSourcefv
                0x0000b51c      0x100 D:\oxygine-sound\dependencies\openalext\lib\android\libopenal.a(alSource.o)
                0x0000b51c                alGetSourcefv
 .text.alGetSourcei
                0x0000b61c      0x20c D:\oxygine-sound\dependencies\openalext\lib\android\libopenal.a(alSource.o)
                0x0000b61c                alGetSourcei
 .text.alGetSource3i
                0x0000b828       0xfc D:\oxygine-sound\dependencies\openalext\lib\android\libopenal.a(alSource.o)
                0x0000b828                alGetSource3i
 .text.alGetSourceiv
                0x0000b924      0x144 D:\oxygine-sound\dependencies\openalext\lib\android\libopenal.a(alSource.o)
                0x0000b924                alGetSourceiv
 .text.alSourceQueueBuffers
                0x0000ba68      0x230 D:\oxygine-sound\dependencies\openalext\lib\android\libopenal.a(alSource.o)
                0x0000ba68                alSourceQueueBuffers
 .text.alSourceUnqueueBuffers
                0x0000bc98       0xd6 D:\oxygine-sound\dependencies\openalext\lib\android\libopenal.a(alSource.o)
                0x0000bc98                alSourceUnqueueBuffers
 *fill*         0x0000bd6e        0x2 00000000
 .text.ApplyOffset
                0x0000bd70       0xf0 D:\oxygine-sound\dependencies\openalext\lib\android\libopenal.a(alSource.o)
                0x0000bd70                ApplyOffset
 .text.SetSourceState
                0x0000be60      0x144 D:\oxygine-sound\dependencies\openalext\lib\android\libopenal.a(alSource.o)
                0x0000be60                SetSourceState
 .text.alSourceRewindv
                0x0000bfa4       0x9a D:\oxygine-sound\dependencies\openalext\lib\android\libopenal.a(alSource.o)
                0x0000bfa4                alSourceRewindv
 .text.alSourceRewind
                0x0000c03e       0x10 D:\oxygine-sound\dependencies\openalext\lib\android\libopenal.a(alSource.o)
                0x0000c03e                alSourceRewind
 .text.alSourceStopv
                0x0000c04e       0x9a D:\oxygine-sound\dependencies\openalext\lib\android\libopenal.a(alSource.o)
                0x0000c04e                alSourceStopv
 .text.alSourceStop
                0x0000c0e8       0x10 D:\oxygine-sound\dependencies\openalext\lib\android\libopenal.a(alSource.o)
                0x0000c0e8                alSourceStop
 .text.alSourcePausev
                0x0000c0f8       0xa4 D:\oxygine-sound\dependencies\openalext\lib\android\libopenal.a(alSource.o)
                0x0000c0f8                alSourcePausev
 .text.alSourcePause
                0x0000c19c       0x10 D:\oxygine-sound\dependencies\openalext\lib\android\libopenal.a(alSource.o)
                0x0000c19c                alSourcePause
 .text.alSourcePlayv
                0x0000c1ac       0xdc D:\oxygine-sound\dependencies\openalext\lib\android\libopenal.a(alSource.o)
                0x0000c1ac                alSourcePlayv
 .text.alSourcePlay
                0x0000c288       0x10 D:\oxygine-sound\dependencies\openalext\lib\android\libopenal.a(alSource.o)
                0x0000c288                alSourcePlay
 .text.alSourcef
                0x0000c298      0x2f4 D:\oxygine-sound\dependencies\openalext\lib\android\libopenal.a(alSource.o)
                0x0000c298                alSourcef
 .text.alSourcefv
                0x0000c58c       0xaa D:\oxygine-sound\dependencies\openalext\lib\android\libopenal.a(alSource.o)
                0x0000c58c                alSourcefv
 *fill*         0x0000c636        0x2 00000000
 .text.alSourcei
                0x0000c638      0x378 D:\oxygine-sound\dependencies\openalext\lib\android\libopenal.a(alSource.o)
                0x0000c638                alSourcei
 .text.alSourceiv
                0x0000c9b0       0xe4 D:\oxygine-sound\dependencies\openalext\lib\android\libopenal.a(alSource.o)
                0x0000c9b0                alSourceiv
 .text.ReleaseALSources
                0x0000ca94       0xaa D:\oxygine-sound\dependencies\openalext\lib\android\libopenal.a(alSource.o)
                0x0000ca94                ReleaseALSources
 *fill*         0x0000cb3e        0x2 00000000
 .text.ThunkInit
                0x0000cb40       0x20 D:\oxygine-sound\dependencies\openalext\lib\android\libopenal.a(alThunk.o)
                0x0000cb40                ThunkInit
 .text.ThunkExit
                0x0000cb60       0x18 D:\oxygine-sound\dependencies\openalext\lib\android\libopenal.a(alThunk.o)
                0x0000cb60                ThunkExit
 .text.NewThunkEntry
                0x0000cb78       0xcc D:\oxygine-sound\dependencies\openalext\lib\android\libopenal.a(alThunk.o)
                0x0000cb78                NewThunkEntry
 .text.FreeThunkEntry
                0x0000cc44       0x48 D:\oxygine-sound\dependencies\openalext\lib\android\libopenal.a(alThunk.o)
                0x0000cc44                FreeThunkEntry
 .text.alcSuspendContext
                0x0000cc8c        0x2 D:\oxygine-sound\dependencies\openalext\lib\android\libopenal.a(ALc.o)
                0x0000cc8c                alcSuspendContext
 .text.alcProcessContext
                0x0000cc8e        0x2 D:\oxygine-sound\dependencies\openalext\lib\android\libopenal.a(ALc.o)
                0x0000cc8e                alcProcessContext
 .text.LockLists
                0x0000cc90        0xc D:\oxygine-sound\dependencies\openalext\lib\android\libopenal.a(ALc.o)
 .text.UnlockLists
                0x0000cc9c        0xc D:\oxygine-sound\dependencies\openalext\lib\android\libopenal.a(ALc.o)
 .text.alcSetError
                0x0000cca8       0x2c D:\oxygine-sound\dependencies\openalext\lib\android\libopenal.a(ALc.o)
 .text.alcLoopbackOpenDeviceSOFT
                0x0000ccd4      0x1a4 D:\oxygine-sound\dependencies\openalext\lib\android\libopenal.a(ALc.o)
                0x0000ccd4                alcLoopbackOpenDeviceSOFT
 .text.alc_initconfig
                0x0000ce78      0x5e4 D:\oxygine-sound\dependencies\openalext\lib\android\libopenal.a(ALc.o)
 .text.alcGetThreadContext
                0x0000d45c       0x10 D:\oxygine-sound\dependencies\openalext\lib\android\libopenal.a(ALc.o)
                0x0000d45c                alcGetThreadContext
 .text.alcGetCurrentContext
                0x0000d46c       0x1c D:\oxygine-sound\dependencies\openalext\lib\android\libopenal.a(ALc.o)
                0x0000d46c                alcGetCurrentContext
 .text.ProbeList
                0x0000d488       0x4c D:\oxygine-sound\dependencies\openalext\lib\android\libopenal.a(ALc.o)
 .text.alcCaptureOpenDevice
                0x0000d4d4      0x1cc D:\oxygine-sound\dependencies\openalext\lib\android\libopenal.a(ALc.o)
                0x0000d4d4                alcCaptureOpenDevice
 .text.alcOpenDevice
                0x0000d6a0      0x50c D:\oxygine-sound\dependencies\openalext\lib\android\libopenal.a(ALc.o)
                0x0000d6a0                alcOpenDevice
 .text.exit.ReleaseALC
                0x0000dbac       0xb0 D:\oxygine-sound\dependencies\openalext\lib\android\libopenal.a(ALc.o)
 .text.AppendList
                0x0000dc5c       0x6c D:\oxygine-sound\dependencies\openalext\lib\android\libopenal.a(ALc.o)
 .text.startup.alc_init
                0x0000dcc8      0x168 D:\oxygine-sound\dependencies\openalext\lib\android\libopenal.a(ALc.o)
 .text.exit.alc_deinit
                0x0000de30       0x98 D:\oxygine-sound\dependencies\openalext\lib\android\libopenal.a(ALc.o)
 .text.AppendAllDeviceList
                0x0000dec8       0x14 D:\oxygine-sound\dependencies\openalext\lib\android\libopenal.a(ALc.o)
                0x0000dec8                AppendAllDeviceList
 .text.AppendCaptureDeviceList
                0x0000dedc       0x14 D:\oxygine-sound\dependencies\openalext\lib\android\libopenal.a(ALc.o)
                0x0000dedc                AppendCaptureDeviceList
 .text.SetDefaultWFXChannelOrder
                0x0000def0      0x128 D:\oxygine-sound\dependencies\openalext\lib\android\libopenal.a(ALc.o)
                0x0000def0                SetDefaultWFXChannelOrder
 .text.SetDefaultChannelOrder
                0x0000e018       0x76 D:\oxygine-sound\dependencies\openalext\lib\android\libopenal.a(ALc.o)
                0x0000e018                SetDefaultChannelOrder
 *fill*         0x0000e08e        0x2 00000000
 .text.DevFmtTypeString
                0x0000e090       0x64 D:\oxygine-sound\dependencies\openalext\lib\android\libopenal.a(ALc.o)
                0x0000e090                DevFmtTypeString
 .text.DevFmtChannelsString
                0x0000e0f4       0x84 D:\oxygine-sound\dependencies\openalext\lib\android\libopenal.a(ALc.o)
                0x0000e0f4                DevFmtChannelsString
 .text.BytesFromDevFmt
                0x0000e178       0x1c D:\oxygine-sound\dependencies\openalext\lib\android\libopenal.a(ALc.o)
                0x0000e178                BytesFromDevFmt
 .text.ChannelsFromDevFmt
                0x0000e194       0x4e D:\oxygine-sound\dependencies\openalext\lib\android\libopenal.a(ALc.o)
                0x0000e194                ChannelsFromDevFmt
 *fill*         0x0000e1e2        0x2 00000000
 .text.ALCdevice_IncRef
                0x0000e1e4       0x48 D:\oxygine-sound\dependencies\openalext\lib\android\libopenal.a(ALc.o)
                0x0000e1e4                ALCdevice_IncRef
 .text.VerifyDevice
                0x0000e22c       0x44 D:\oxygine-sound\dependencies\openalext\lib\android\libopenal.a(ALc.o)
 .text.ALCdevice_DecRef
                0x0000e270      0x160 D:\oxygine-sound\dependencies\openalext\lib\android\libopenal.a(ALc.o)
                0x0000e270                ALCdevice_DecRef
 .text.alcRenderSamplesSOFT
                0x0000e3d0       0x52 D:\oxygine-sound\dependencies\openalext\lib\android\libopenal.a(ALc.o)
                0x0000e3d0                alcRenderSamplesSOFT
 .text.alcIsRenderFormatSupportedSOFT
                0x0000e422       0x80 D:\oxygine-sound\dependencies\openalext\lib\android\libopenal.a(ALc.o)
                0x0000e422                alcIsRenderFormatSupportedSOFT
 *fill*         0x0000e4a2        0x2 00000000
 .text.alcCreateContext
                0x0000e4a4      0x960 D:\oxygine-sound\dependencies\openalext\lib\android\libopenal.a(ALc.o)
                0x0000e4a4                alcCreateContext
 .text.alcGetEnumValue
                0x0000ee04       0x50 D:\oxygine-sound\dependencies\openalext\lib\android\libopenal.a(ALc.o)
                0x0000ee04                alcGetEnumValue
 .text.alcGetProcAddress
                0x0000ee54       0x50 D:\oxygine-sound\dependencies\openalext\lib\android\libopenal.a(ALc.o)
                0x0000ee54                alcGetProcAddress
 .text.alcIsExtensionPresent
                0x0000eea4       0xa4 D:\oxygine-sound\dependencies\openalext\lib\android\libopenal.a(ALc.o)
                0x0000eea4                alcIsExtensionPresent
 .text.alcGetIntegerv
                0x0000ef48      0x228 D:\oxygine-sound\dependencies\openalext\lib\android\libopenal.a(ALc.o)
                0x0000ef48                alcGetIntegerv
 .text.alcGetString
                0x0000f170      0x25c D:\oxygine-sound\dependencies\openalext\lib\android\libopenal.a(ALc.o)
                0x0000f170                alcGetString
 .text.alcGetError
                0x0000f3cc       0x4c D:\oxygine-sound\dependencies\openalext\lib\android\libopenal.a(ALc.o)
                0x0000f3cc                alcGetError
 .text.alcCaptureSamples
                0x0000f418       0x68 D:\oxygine-sound\dependencies\openalext\lib\android\libopenal.a(ALc.o)
                0x0000f418                alcCaptureSamples
 .text.alcCaptureStop
                0x0000f480       0x5a D:\oxygine-sound\dependencies\openalext\lib\android\libopenal.a(ALc.o)
                0x0000f480                alcCaptureStop
 .text.alcCaptureStart
                0x0000f4da       0x5e D:\oxygine-sound\dependencies\openalext\lib\android\libopenal.a(ALc.o)
                0x0000f4da                alcCaptureStart
 .text.alcCaptureCloseDevice
                0x0000f538       0x64 D:\oxygine-sound\dependencies\openalext\lib\android\libopenal.a(ALc.o)
                0x0000f538                alcCaptureCloseDevice
 .text.ALCcontext_IncRef
                0x0000f59c       0x48 D:\oxygine-sound\dependencies\openalext\lib\android\libopenal.a(ALc.o)
                0x0000f59c                ALCcontext_IncRef
 .text.VerifyContext
                0x0000f5e4       0x4c D:\oxygine-sound\dependencies\openalext\lib\android\libopenal.a(ALc.o)
 .text.ALCcontext_DecRef
                0x0000f630      0x130 D:\oxygine-sound\dependencies\openalext\lib\android\libopenal.a(ALc.o)
                0x0000f630                ALCcontext_DecRef
 .text.ReleaseContext
                0x0000f760       0xe8 D:\oxygine-sound\dependencies\openalext\lib\android\libopenal.a(ALc.o)
 .text.alcCloseDevice
                0x0000f848       0xcc D:\oxygine-sound\dependencies\openalext\lib\android\libopenal.a(ALc.o)
                0x0000f848                alcCloseDevice
 .text.alcGetContextsDevice
                0x0000f914       0x22 D:\oxygine-sound\dependencies\openalext\lib\android\libopenal.a(ALc.o)
                0x0000f914                alcGetContextsDevice
 .text.alcDestroyContext
                0x0000f936       0x42 D:\oxygine-sound\dependencies\openalext\lib\android\libopenal.a(ALc.o)
                0x0000f936                alcDestroyContext
 .text.alcSetThreadContext
                0x0000f978       0x48 D:\oxygine-sound\dependencies\openalext\lib\android\libopenal.a(ALc.o)
                0x0000f978                alcSetThreadContext
 .text.alcMakeContextCurrent
                0x0000f9c0       0x6c D:\oxygine-sound\dependencies\openalext\lib\android\libopenal.a(ALc.o)
                0x0000f9c0                alcMakeContextCurrent
 .text.ReleaseThreadCtx
                0x0000fa2c       0x3c D:\oxygine-sound\dependencies\openalext\lib\android\libopenal.a(ALc.o)
 .text.GetContextRef
                0x0000fa68       0x34 D:\oxygine-sound\dependencies\openalext\lib\android\libopenal.a(ALc.o)
                0x0000fa68                GetContextRef
 .text.LoadConfigFromFile
                0x0000fa9c      0x45c D:\oxygine-sound\dependencies\openalext\lib\android\libopenal.a(alcConfig.o)
 .text.ReadALConfig
                0x0000fef8       0xcc D:\oxygine-sound\dependencies\openalext\lib\android\libopenal.a(alcConfig.o)
                0x0000fef8                ReadALConfig
 .text.FreeALConfig
                0x0000ffc4       0x74 D:\oxygine-sound\dependencies\openalext\lib\android\libopenal.a(alcConfig.o)
                0x0000ffc4                FreeALConfig
 .text.GetConfigValue
                0x00010038       0xf8 D:\oxygine-sound\dependencies\openalext\lib\android\libopenal.a(alcConfig.o)
                0x00010038                GetConfigValue
 .text.ConfigValueExists
                0x00010130       0x18 D:\oxygine-sound\dependencies\openalext\lib\android\libopenal.a(alcConfig.o)
                0x00010130                ConfigValueExists
 .text.ConfigValueStr
                0x00010148       0x20 D:\oxygine-sound\dependencies\openalext\lib\android\libopenal.a(alcConfig.o)
                0x00010148                ConfigValueStr
 .text.ConfigValueInt
                0x00010168       0x28 D:\oxygine-sound\dependencies\openalext\lib\android\libopenal.a(alcConfig.o)
                0x00010168                ConfigValueInt
 .text.ConfigValueUInt
                0x00010190       0x28 D:\oxygine-sound\dependencies\openalext\lib\android\libopenal.a(alcConfig.o)
                0x00010190                ConfigValueUInt
 .text.ConfigValueFloat
                0x000101b8       0x30 D:\oxygine-sound\dependencies\openalext\lib\android\libopenal.a(alcConfig.o)
                0x000101b8                ConfigValueFloat
 .text.GetConfigValueBool
                0x000101e8       0x60 D:\oxygine-sound\dependencies\openalext\lib\android\libopenal.a(alcConfig.o)
                0x000101e8                GetConfigValueBool
 .text.DelayLineIn
                0x00010248       0x10 D:\oxygine-sound\dependencies\openalext\lib\android\libopenal.a(alcReverb.o)
 .text.EarlyDelayLineOut
                0x00010258       0x2e D:\oxygine-sound\dependencies\openalext\lib\android\libopenal.a(alcReverb.o)
 .text.EarlyReflection
                0x00010286       0xd6 D:\oxygine-sound\dependencies\openalext\lib\android\libopenal.a(alcReverb.o)
 .text.LateAllPassInOut
                0x0001035c       0x56 D:\oxygine-sound\dependencies\openalext\lib\android\libopenal.a(alcReverb.o)
 .text.LateDelayLineOut
                0x000103b2       0x2e D:\oxygine-sound\dependencies\openalext\lib\android\libopenal.a(alcReverb.o)
 .text.LateReverb
                0x000103e0      0x196 D:\oxygine-sound\dependencies\openalext\lib\android\libopenal.a(alcReverb.o)
 .text.VerbProcess
                0x00010576      0x16a D:\oxygine-sound\dependencies\openalext\lib\android\libopenal.a(alcReverb.o)
 .text.CalcLineLength
                0x000106e0       0x30 D:\oxygine-sound\dependencies\openalext\lib\android\libopenal.a(alcReverb.o)
 .text.EAXVerbProcess
                0x00010710      0x2c4 D:\oxygine-sound\dependencies\openalext\lib\android\libopenal.a(alcReverb.o)
 .text.ReverbUpdate
                0x000109d4      0x71c D:\oxygine-sound\dependencies\openalext\lib\android\libopenal.a(alcReverb.o)
 .text.ReverbDeviceUpdate
                0x000110f0      0x26c D:\oxygine-sound\dependencies\openalext\lib\android\libopenal.a(alcReverb.o)
 .text.ReverbDestroy
                0x0001135c       0x1c D:\oxygine-sound\dependencies\openalext\lib\android\libopenal.a(alcReverb.o)
 .text.ReverbCreate
                0x00011378      0x130 D:\oxygine-sound\dependencies\openalext\lib\android\libopenal.a(alcReverb.o)
                0x00011378                ReverbCreate
 .text.aluDotproduct
                0x000114a8       0x26 D:\oxygine-sound\dependencies\openalext\lib\android\libopenal.a(ALu.o)
 .text.aluMatrixVector
                0x000114ce       0x7a D:\oxygine-sound\dependencies\openalext\lib\android\libopenal.a(ALu.o)
 .text.aluNormalize
                0x00011548       0x4e D:\oxygine-sound\dependencies\openalext\lib\android\libopenal.a(ALu.o)
 *fill*         0x00011596        0x2 00000000
 .text.aluF2I   0x00011598       0x50 D:\oxygine-sound\dependencies\openalext\lib\android\libopenal.a(ALu.o)
 .text.CalcNonAttnSourceParams
                0x000115e8      0x544 D:\oxygine-sound\dependencies\openalext\lib\android\libopenal.a(ALu.o)
                0x000115e8                CalcNonAttnSourceParams
 .text.CalcSourceParams
                0x00011b2c      0xbbc D:\oxygine-sound\dependencies\openalext\lib\android\libopenal.a(ALu.o)
                0x00011b2c                CalcSourceParams
 .text.aluMixData
                0x000126e8     0x10a4 D:\oxygine-sound\dependencies\openalext\lib\android\libopenal.a(ALu.o)
                0x000126e8                aluMixData
 .text.aluHandleDisconnect
                0x0001378c       0x72 D:\oxygine-sound\dependencies\openalext\lib\android\libopenal.a(ALu.o)
                0x0001378c                aluHandleDisconnect
 *fill*         0x000137fe        0x2 00000000
 .text.init     0x00013800      0x1c0 D:\oxygine-sound\dependencies\openalext\lib\android\libopenal.a(bs2b.o)
 .text.bs2b_set_level
                0x000139c0        0xe D:\oxygine-sound\dependencies\openalext\lib\android\libopenal.a(bs2b.o)
                0x000139c0                bs2b_set_level
 .text.bs2b_get_level
                0x000139ce        0x4 D:\oxygine-sound\dependencies\openalext\lib\android\libopenal.a(bs2b.o)
                0x000139ce                bs2b_get_level
 .text.bs2b_set_srate
                0x000139d2        0xe D:\oxygine-sound\dependencies\openalext\lib\android\libopenal.a(bs2b.o)
                0x000139d2                bs2b_set_srate
 .text.bs2b_get_srate
                0x000139e0        0x4 D:\oxygine-sound\dependencies\openalext\lib\android\libopenal.a(bs2b.o)
                0x000139e0                bs2b_get_srate
 .text.bs2b_clear
                0x000139e4        0xa D:\oxygine-sound\dependencies\openalext\lib\android\libopenal.a(bs2b.o)
                0x000139e4                bs2b_clear
 .text.bs2b_cross_feed
                0x000139ee       0xd6 D:\oxygine-sound\dependencies\openalext\lib\android\libopenal.a(bs2b.o)
                0x000139ee                bs2b_cross_feed
 .text.Lock     0x00013ac4       0x24 D:\oxygine-sound\dependencies\openalext\lib\android\libopenal.a(helpers.o)
 .text.InitializeCriticalSection
                0x00013ae8       0x22 D:\oxygine-sound\dependencies\openalext\lib\android\libopenal.a(helpers.o)
                0x00013ae8                InitializeCriticalSection
 .text.DeleteCriticalSection
                0x00013b0a        0x4 D:\oxygine-sound\dependencies\openalext\lib\android\libopenal.a(helpers.o)
                0x00013b0a                DeleteCriticalSection
 .text.EnterCriticalSection
                0x00013b0e        0x4 D:\oxygine-sound\dependencies\openalext\lib\android\libopenal.a(helpers.o)
                0x00013b0e                EnterCriticalSection
 .text.LeaveCriticalSection
                0x00013b12        0x4 D:\oxygine-sound\dependencies\openalext\lib\android\libopenal.a(helpers.o)
                0x00013b12                LeaveCriticalSection
 *fill*         0x00013b16        0x2 00000000
 .text.timeGetTime
                0x00013b18       0x48 D:\oxygine-sound\dependencies\openalext\lib\android\libopenal.a(helpers.o)
                0x00013b18                timeGetTime
 .text.Sleep    0x00013b60       0x50 D:\oxygine-sound\dependencies\openalext\lib\android\libopenal.a(helpers.o)
                0x00013b60                Sleep
 .text.LoadLib  0x00013bb0       0x20 D:\oxygine-sound\dependencies\openalext\lib\android\libopenal.a(helpers.o)
                0x00013bb0                LoadLib
 .text.CloseLib
                0x00013bd0        0x4 D:\oxygine-sound\dependencies\openalext\lib\android\libopenal.a(helpers.o)
                0x00013bd0                CloseLib
 .text.al_print
                0x00013bd4       0x78 D:\oxygine-sound\dependencies\openalext\lib\android\libopenal.a(helpers.o)
                0x00013bd4                al_print
 .text.GetSymbol
                0x00013c4c       0x48 D:\oxygine-sound\dependencies\openalext\lib\android\libopenal.a(helpers.o)
                0x00013c4c                GetSymbol
 .text.SetRTPriority
                0x00013c94       0x54 D:\oxygine-sound\dependencies\openalext\lib\android\libopenal.a(helpers.o)
                0x00013c94                SetRTPriority
 .text.RWLockInit
                0x00013ce8        0xe D:\oxygine-sound\dependencies\openalext\lib\android\libopenal.a(helpers.o)
                0x00013ce8                RWLockInit
 .text.ReadLock
                0x00013cf6       0x66 D:\oxygine-sound\dependencies\openalext\lib\android\libopenal.a(helpers.o)
                0x00013cf6                ReadLock
 .text.ReadUnlock
                0x00013d5c       0x34 D:\oxygine-sound\dependencies\openalext\lib\android\libopenal.a(helpers.o)
                0x00013d5c                ReadUnlock
 .text.WriteLock
                0x00013d90       0x38 D:\oxygine-sound\dependencies\openalext\lib\android\libopenal.a(helpers.o)
                0x00013d90                WriteLock
 .text.WriteUnlock
                0x00013dc8       0x50 D:\oxygine-sound\dependencies\openalext\lib\android\libopenal.a(helpers.o)
                0x00013dc8                WriteUnlock
 .text.InitUIntMap
                0x00013e18       0x10 D:\oxygine-sound\dependencies\openalext\lib\android\libopenal.a(helpers.o)
                0x00013e18                InitUIntMap
 .text.ResetUIntMap
                0x00013e28       0x26 D:\oxygine-sound\dependencies\openalext\lib\android\libopenal.a(helpers.o)
                0x00013e28                ResetUIntMap
 .text.InsertUIntMapEntry
                0x00013e4e       0xd0 D:\oxygine-sound\dependencies\openalext\lib\android\libopenal.a(helpers.o)
                0x00013e4e                InsertUIntMapEntry
 .text.RemoveUIntMapKey
                0x00013f1e       0x70 D:\oxygine-sound\dependencies\openalext\lib\android\libopenal.a(helpers.o)
                0x00013f1e                RemoveUIntMapKey
 .text.LookupUIntMapKey
                0x00013f8e       0x56 D:\oxygine-sound\dependencies\openalext\lib\android\libopenal.a(helpers.o)
                0x00013f8e                LookupUIntMapKey
 .text.CalcAzIndices
                0x00013fe4       0x6c D:\oxygine-sound\dependencies\openalext\lib\android\libopenal.a(hrtf.o)
 .text.CalcHrtfDelta
                0x00014050      0x11c D:\oxygine-sound\dependencies\openalext\lib\android\libopenal.a(hrtf.o)
                0x00014050                CalcHrtfDelta
 .text.GetLerpedHrtfCoeffs
                0x0001416c      0x324 D:\oxygine-sound\dependencies\openalext\lib\android\libopenal.a(hrtf.o)
                0x0001416c                GetLerpedHrtfCoeffs
 .text.GetMovingHrtfCoeffs
                0x00014490      0x458 D:\oxygine-sound\dependencies\openalext\lib\android\libopenal.a(hrtf.o)
                0x00014490                GetMovingHrtfCoeffs
 .text.GetHrtf  0x000148e8       0x88 D:\oxygine-sound\dependencies\openalext\lib\android\libopenal.a(hrtf.o)
                0x000148e8                GetHrtf
 .text.InitHrtf
                0x00014970      0x42c D:\oxygine-sound\dependencies\openalext\lib\android\libopenal.a(hrtf.o)
                0x00014970                InitHrtf
 .text.FreeHrtf
                0x00014d9c       0x18 D:\oxygine-sound\dependencies\openalext\lib\android\libopenal.a(hrtf.o)
                0x00014d9c                FreeHrtf
 .text.lpFilter2P
                0x00014db4       0x2c D:\oxygine-sound\dependencies\openalext\lib\android\libopenal.a(mixer.o)
 .text.lpFilter2PC
                0x00014de0       0x24 D:\oxygine-sound\dependencies\openalext\lib\android\libopenal.a(mixer.o)
 .text.lerp32   0x00014e04       0x2c D:\oxygine-sound\dependencies\openalext\lib\android\libopenal.a(mixer.o)
 .text.cubic32  0x00014e30       0x8c D:\oxygine-sound\dependencies\openalext\lib\android\libopenal.a(mixer.o)
 .text.ApplyCoeffs
                0x00014ebc       0x38 D:\oxygine-sound\dependencies\openalext\lib\android\libopenal.a(mixer.o)
 .text.Mix_ALfloat_point32
                0x00014ef4      0x2a2 D:\oxygine-sound\dependencies\openalext\lib\android\libopenal.a(mixer.o)
 .text.Mix_ALfloat_lerp32
                0x00015196      0x312 D:\oxygine-sound\dependencies\openalext\lib\android\libopenal.a(mixer.o)
 .text.Mix_ALfloat_cubic32
                0x000154a8      0x312 D:\oxygine-sound\dependencies\openalext\lib\android\libopenal.a(mixer.o)
 *fill*         0x000157ba        0x2 00000000
 .text.LoadStack
                0x000157bc       0x7c D:\oxygine-sound\dependencies\openalext\lib\android\libopenal.a(mixer.o)
 .text.SilenceStack
                0x00015838       0x12 D:\oxygine-sound\dependencies\openalext\lib\android\libopenal.a(mixer.o)
 .text.Mix_Hrtf_ALfloat_cubic32
                0x0001584a      0x5e0 D:\oxygine-sound\dependencies\openalext\lib\android\libopenal.a(mixer.o)
 .text.Mix_Hrtf_ALfloat_lerp32
                0x00015e2a      0x5e0 D:\oxygine-sound\dependencies\openalext\lib\android\libopenal.a(mixer.o)
 .text.Mix_Hrtf_ALfloat_point32
                0x0001640a      0x5d4 D:\oxygine-sound\dependencies\openalext\lib\android\libopenal.a(mixer.o)
 *fill*         0x000169de        0x2 00000000
 .text.SelectMixer
                0x000169e0       0x30 D:\oxygine-sound\dependencies\openalext\lib\android\libopenal.a(mixer.o)
                0x000169e0                SelectMixer
 .text.SelectHrtfMixer
                0x00016a10       0x30 D:\oxygine-sound\dependencies\openalext\lib\android\libopenal.a(mixer.o)
                0x00016a10                SelectHrtfMixer
 .text.MixSource
                0x00016a40      0x4e0 D:\oxygine-sound\dependencies\openalext\lib\android\libopenal.a(mixer.o)
                0x00016a40                MixSource
 .text.aluCart2LUTpos
                0x00016f20       0x7c D:\oxygine-sound\dependencies\openalext\lib\android\libopenal.a(panning.o)
                0x00016f20                aluCart2LUTpos
 .text.aluInitPanning
                0x00016f9c      0x7c4 D:\oxygine-sound\dependencies\openalext\lib\android\libopenal.a(panning.o)
                0x00016f9c                aluInitPanning
 .text.res_str  0x00017760       0xd0 D:\oxygine-sound\dependencies\openalext\lib\android\libopenal.a(opensl.o)
 .text.opensl_stop_playback
                0x00017830       0x18 D:\oxygine-sound\dependencies\openalext\lib\android\libopenal.a(opensl.o)
 .text.opensl_close_playback
                0x00017848       0x40 D:\oxygine-sound\dependencies\openalext\lib\android\libopenal.a(opensl.o)
 .text.opensl_start_playback
                0x00017888      0x1f0 D:\oxygine-sound\dependencies\openalext\lib\android\libopenal.a(opensl.o)
 .text.opensl_callback
                0x00017a78       0x68 D:\oxygine-sound\dependencies\openalext\lib\android\libopenal.a(opensl.o)
 .text.opensl_reset_playback
                0x00017ae0      0x1a8 D:\oxygine-sound\dependencies\openalext\lib\android\libopenal.a(opensl.o)
 .text.opensl_open_playback
                0x00017c88      0x1cc D:\oxygine-sound\dependencies\openalext\lib\android\libopenal.a(opensl.o)
 .text.alc_opensl_init
                0x00017e54       0x20 D:\oxygine-sound\dependencies\openalext\lib\android\libopenal.a(opensl.o)
                0x00017e54                alc_opensl_init
 .text.alc_opensl_deinit
                0x00017e74        0x2 D:\oxygine-sound\dependencies\openalext\lib\android\libopenal.a(opensl.o)
                0x00017e74                alc_opensl_deinit
 *fill*         0x00017e76        0x2 00000000
 .text.alc_opensl_probe
                0x00017e78       0x14 D:\oxygine-sound\dependencies\openalext\lib\android\libopenal.a(opensl.o)
                0x00017e78                alc_opensl_probe
 .text.null_stop_playback
                0x00017e8c       0x1e D:\oxygine-sound\dependencies\openalext\lib\android\libopenal.a(null.o)
 *fill*         0x00017eaa        0x2 00000000
 .text.null_start_playback
                0x00017eac       0x24 D:\oxygine-sound\dependencies\openalext\lib\android\libopenal.a(null.o)
 .text.NullProc
                0x00017ed0       0xe6 D:\oxygine-sound\dependencies\openalext\lib\android\libopenal.a(null.o)
 .text.null_reset_playback
                0x00017fb6        0xa D:\oxygine-sound\dependencies\openalext\lib\android\libopenal.a(null.o)
 .text.null_close_playback
                0x00017fc0       0x16 D:\oxygine-sound\dependencies\openalext\lib\android\libopenal.a(null.o)
 *fill*         0x00017fd6        0x2 00000000
 .text.null_open_playback
                0x00017fd8       0x48 D:\oxygine-sound\dependencies\openalext\lib\android\libopenal.a(null.o)
 .text.alc_null_init
                0x00018020       0x20 D:\oxygine-sound\dependencies\openalext\lib\android\libopenal.a(null.o)
                0x00018020                alc_null_init
 .text.alc_null_deinit
                0x00018040        0x2 D:\oxygine-sound\dependencies\openalext\lib\android\libopenal.a(null.o)
                0x00018040                alc_null_deinit
 *fill*         0x00018042        0x2 00000000
 .text.alc_null_probe
                0x00018044       0x10 D:\oxygine-sound\dependencies\openalext\lib\android\libopenal.a(null.o)
                0x00018044                alc_null_probe
 .text.loopback_close_playback
                0x00018054        0x2 D:\oxygine-sound\dependencies\openalext\lib\android\libopenal.a(loopback.o)
 .text.loopback_start_playback
                0x00018056        0x4 D:\oxygine-sound\dependencies\openalext\lib\android\libopenal.a(loopback.o)
 .text.loopback_stop_playback
                0x0001805a        0x2 D:\oxygine-sound\dependencies\openalext\lib\android\libopenal.a(loopback.o)
 .text.loopback_reset_playback
                0x0001805c        0xa D:\oxygine-sound\dependencies\openalext\lib\android\libopenal.a(loopback.o)
 .text.loopback_open_playback
                0x00018066       0x10 D:\oxygine-sound\dependencies\openalext\lib\android\libopenal.a(loopback.o)
 *fill*         0x00018076        0x2 00000000
 .text.alc_loopback_init
                0x00018078       0x20 D:\oxygine-sound\dependencies\openalext\lib\android\libopenal.a(loopback.o)
                0x00018078                alc_loopback_init
 .text.alc_loopback_deinit
                0x00018098        0x2 D:\oxygine-sound\dependencies\openalext\lib\android\libopenal.a(loopback.o)
                0x00018098                alc_loopback_deinit
 .text.alc_loopback_probe
                0x0001809a        0x2 D:\oxygine-sound\dependencies\openalext\lib\android\libopenal.a(loopback.o)
                0x0001809a                alc_loopback_probe
 .text.NoneDeviceUpdate
                0x0001809c        0x4 D:\oxygine-sound\dependencies\openalext\lib\android\libopenal.a(alAuxEffectSlot.o)
 .text.NoneUpdate
                0x000180a0        0x2 D:\oxygine-sound\dependencies\openalext\lib\android\libopenal.a(alAuxEffectSlot.o)
 .text.NoneProcess
                0x000180a2        0x2 D:\oxygine-sound\dependencies\openalext\lib\android\libopenal.a(alAuxEffectSlot.o)
 .text.NoneDestroy
                0x000180a4        0x4 D:\oxygine-sound\dependencies\openalext\lib\android\libopenal.a(alAuxEffectSlot.o)
 .text.RemoveEffectSlotArray
                0x000180a8       0x4c D:\oxygine-sound\dependencies\openalext\lib\android\libopenal.a(alAuxEffectSlot.o)
 .text.alDeleteAuxiliaryEffectSlots
                0x000180f4       0xbc D:\oxygine-sound\dependencies\openalext\lib\android\libopenal.a(alAuxEffectSlot.o)
                0x000180f4                alDeleteAuxiliaryEffectSlots
 .text.alIsAuxiliaryEffectSlot
                0x000181b0       0x2a D:\oxygine-sound\dependencies\openalext\lib\android\libopenal.a(alAuxEffectSlot.o)
                0x000181b0                alIsAuxiliaryEffectSlot
 .text.alAuxiliaryEffectSlotf
                0x000181da       0x7a D:\oxygine-sound\dependencies\openalext\lib\android\libopenal.a(alAuxEffectSlot.o)
                0x000181da                alAuxiliaryEffectSlotf
 .text.alAuxiliaryEffectSlotfv
                0x00018254       0x44 D:\oxygine-sound\dependencies\openalext\lib\android\libopenal.a(alAuxEffectSlot.o)
                0x00018254                alAuxiliaryEffectSlotfv
 .text.alGetAuxiliaryEffectSloti
                0x00018298       0x54 D:\oxygine-sound\dependencies\openalext\lib\android\libopenal.a(alAuxEffectSlot.o)
                0x00018298                alGetAuxiliaryEffectSloti
 .text.alGetAuxiliaryEffectSlotiv
                0x000182ec       0x48 D:\oxygine-sound\dependencies\openalext\lib\android\libopenal.a(alAuxEffectSlot.o)
                0x000182ec                alGetAuxiliaryEffectSlotiv
 .text.alGetAuxiliaryEffectSlotf
                0x00018334       0x46 D:\oxygine-sound\dependencies\openalext\lib\android\libopenal.a(alAuxEffectSlot.o)
                0x00018334                alGetAuxiliaryEffectSlotf
 .text.alGetAuxiliaryEffectSlotfv
                0x0001837a       0x42 D:\oxygine-sound\dependencies\openalext\lib\android\libopenal.a(alAuxEffectSlot.o)
                0x0001837a                alGetAuxiliaryEffectSlotfv
 .text.NoneCreate
                0x000183bc       0x38 D:\oxygine-sound\dependencies\openalext\lib\android\libopenal.a(alAuxEffectSlot.o)
                0x000183bc                NoneCreate
 .text.InitializeEffect
                0x000183f4      0x13e D:\oxygine-sound\dependencies\openalext\lib\android\libopenal.a(alAuxEffectSlot.o)
                0x000183f4                InitializeEffect
 .text.alAuxiliaryEffectSloti
                0x00018532       0x8c D:\oxygine-sound\dependencies\openalext\lib\android\libopenal.a(alAuxEffectSlot.o)
                0x00018532                alAuxiliaryEffectSloti
 .text.alAuxiliaryEffectSlotiv
                0x000185be       0x4a D:\oxygine-sound\dependencies\openalext\lib\android\libopenal.a(alAuxEffectSlot.o)
                0x000185be                alAuxiliaryEffectSlotiv
 .text.InitEffectSlot
                0x00018608       0x4e D:\oxygine-sound\dependencies\openalext\lib\android\libopenal.a(alAuxEffectSlot.o)
                0x00018608                InitEffectSlot
 .text.alGenAuxiliaryEffectSlots
                0x00018656      0x17a D:\oxygine-sound\dependencies\openalext\lib\android\libopenal.a(alAuxEffectSlot.o)
                0x00018656                alGenAuxiliaryEffectSlots
 .text.ReleaseALAuxiliaryEffectSlots
                0x000187d0       0x48 D:\oxygine-sound\dependencies\openalext\lib\android\libopenal.a(alAuxEffectSlot.o)
                0x000187d0                ReleaseALAuxiliaryEffectSlots
 .text.InitEffectParams
                0x00018818      0x35c D:\oxygine-sound\dependencies\openalext\lib\android\libopenal.a(alEffect.o)
 .text.null_GetParamfv
                0x00018b74        0xa D:\oxygine-sound\dependencies\openalext\lib\android\libopenal.a(alEffect.o)
 .text.null_GetParamf
                0x00018b7e        0xa D:\oxygine-sound\dependencies\openalext\lib\android\libopenal.a(alEffect.o)
 .text.null_GetParamiv
                0x00018b88        0xa D:\oxygine-sound\dependencies\openalext\lib\android\libopenal.a(alEffect.o)
 .text.null_GetParami
                0x00018b92        0xa D:\oxygine-sound\dependencies\openalext\lib\android\libopenal.a(alEffect.o)
 .text.null_SetParamfv
                0x00018b9c        0xa D:\oxygine-sound\dependencies\openalext\lib\android\libopenal.a(alEffect.o)
 .text.null_SetParamf
                0x00018ba6        0xa D:\oxygine-sound\dependencies\openalext\lib\android\libopenal.a(alEffect.o)
 .text.null_SetParamiv
                0x00018bb0        0xa D:\oxygine-sound\dependencies\openalext\lib\android\libopenal.a(alEffect.o)
 .text.null_SetParami
                0x00018bba        0xa D:\oxygine-sound\dependencies\openalext\lib\android\libopenal.a(alEffect.o)
 .text.ded_GetParamf
                0x00018bc4       0x16 D:\oxygine-sound\dependencies\openalext\lib\android\libopenal.a(alEffect.o)
 .text.ded_GetParamfv
                0x00018bda        0x4 D:\oxygine-sound\dependencies\openalext\lib\android\libopenal.a(alEffect.o)
 .text.ded_GetParami
                0x00018bde        0xa D:\oxygine-sound\dependencies\openalext\lib\android\libopenal.a(alEffect.o)
 .text.ded_GetParamiv
                0x00018be8        0xa D:\oxygine-sound\dependencies\openalext\lib\android\libopenal.a(alEffect.o)
 .text.ded_SetParami
                0x00018bf2        0xa D:\oxygine-sound\dependencies\openalext\lib\android\libopenal.a(alEffect.o)
 .text.ded_SetParamiv
                0x00018bfc        0xa D:\oxygine-sound\dependencies\openalext\lib\android\libopenal.a(alEffect.o)
 .text.mod_GetParamf
                0x00018c06       0x22 D:\oxygine-sound\dependencies\openalext\lib\android\libopenal.a(alEffect.o)
 .text.mod_GetParamfv
                0x00018c28        0x4 D:\oxygine-sound\dependencies\openalext\lib\android\libopenal.a(alEffect.o)
 .text.mod_GetParami
                0x00018c2c       0x34 D:\oxygine-sound\dependencies\openalext\lib\android\libopenal.a(alEffect.o)
 .text.mod_GetParamiv
                0x00018c60        0x4 D:\oxygine-sound\dependencies\openalext\lib\android\libopenal.a(alEffect.o)
 .text.echo_GetParamf
                0x00018c64       0x38 D:\oxygine-sound\dependencies\openalext\lib\android\libopenal.a(alEffect.o)
 .text.echo_GetParamfv
                0x00018c9c        0x4 D:\oxygine-sound\dependencies\openalext\lib\android\libopenal.a(alEffect.o)
 .text.echo_GetParami
                0x00018ca0        0xa D:\oxygine-sound\dependencies\openalext\lib\android\libopenal.a(alEffect.o)
 .text.echo_GetParamiv
                0x00018caa        0xa D:\oxygine-sound\dependencies\openalext\lib\android\libopenal.a(alEffect.o)
 .text.echo_SetParamf
                0x00018cb4       0xd4 D:\oxygine-sound\dependencies\openalext\lib\android\libopenal.a(alEffect.o)
 .text.echo_SetParamfv
                0x00018d88        0x6 D:\oxygine-sound\dependencies\openalext\lib\android\libopenal.a(alEffect.o)
 .text.echo_SetParami
                0x00018d8e        0xa D:\oxygine-sound\dependencies\openalext\lib\android\libopenal.a(alEffect.o)
 .text.echo_SetParamiv
                0x00018d98        0xa D:\oxygine-sound\dependencies\openalext\lib\android\libopenal.a(alEffect.o)
 .text.reverb_GetParamf
                0x00018da2       0x58 D:\oxygine-sound\dependencies\openalext\lib\android\libopenal.a(alEffect.o)
 .text.reverb_GetParamfv
                0x00018dfa        0x4 D:\oxygine-sound\dependencies\openalext\lib\android\libopenal.a(alEffect.o)
 .text.reverb_GetParami
                0x00018dfe       0x16 D:\oxygine-sound\dependencies\openalext\lib\android\libopenal.a(alEffect.o)
 .text.reverb_GetParamiv
                0x00018e14        0x4 D:\oxygine-sound\dependencies\openalext\lib\android\libopenal.a(alEffect.o)
 .text.reverb_SetParamf
                0x00018e18      0x1d4 D:\oxygine-sound\dependencies\openalext\lib\android\libopenal.a(alEffect.o)
 .text.reverb_SetParamfv
                0x00018fec        0x6 D:\oxygine-sound\dependencies\openalext\lib\android\libopenal.a(alEffect.o)
 .text.reverb_SetParami
                0x00018ff2       0x28 D:\oxygine-sound\dependencies\openalext\lib\android\libopenal.a(alEffect.o)
 .text.reverb_SetParamiv
                0x0001901a        0x6 D:\oxygine-sound\dependencies\openalext\lib\android\libopenal.a(alEffect.o)
 .text.eaxreverb_GetParamf
                0x00019020       0x82 D:\oxygine-sound\dependencies\openalext\lib\android\libopenal.a(alEffect.o)
 .text.eaxreverb_GetParami
                0x000190a2       0x16 D:\oxygine-sound\dependencies\openalext\lib\android\libopenal.a(alEffect.o)
 .text.eaxreverb_GetParamiv
                0x000190b8        0x4 D:\oxygine-sound\dependencies\openalext\lib\android\libopenal.a(alEffect.o)
 .text.eaxreverb_SetParamf
                0x000190bc      0x31c D:\oxygine-sound\dependencies\openalext\lib\android\libopenal.a(alEffect.o)
 .text.eaxreverb_SetParami
                0x000193d8       0x28 D:\oxygine-sound\dependencies\openalext\lib\android\libopenal.a(alEffect.o)
 .text.eaxreverb_SetParamiv
                0x00019400        0x6 D:\oxygine-sound\dependencies\openalext\lib\android\libopenal.a(alEffect.o)
 .text.ded_SetParamf
                0x00019406       0x48 D:\oxygine-sound\dependencies\openalext\lib\android\libopenal.a(alEffect.o)
 .text.ded_SetParamfv
                0x0001944e        0x6 D:\oxygine-sound\dependencies\openalext\lib\android\libopenal.a(alEffect.o)
 .text.eaxreverb_SetParamfv
                0x00019454       0x9c D:\oxygine-sound\dependencies\openalext\lib\android\libopenal.a(alEffect.o)
 .text.mod_SetParamf
                0x000194f0       0x6c D:\oxygine-sound\dependencies\openalext\lib\android\libopenal.a(alEffect.o)
 .text.mod_SetParamfv
                0x0001955c        0x6 D:\oxygine-sound\dependencies\openalext\lib\android\libopenal.a(alEffect.o)
 .text.mod_SetParami
                0x00019562       0x3a D:\oxygine-sound\dependencies\openalext\lib\android\libopenal.a(alEffect.o)
 .text.mod_SetParamiv
                0x0001959c        0x6 D:\oxygine-sound\dependencies\openalext\lib\android\libopenal.a(alEffect.o)
 .text.eaxreverb_GetParamfv
                0x000195a2       0x54 D:\oxygine-sound\dependencies\openalext\lib\android\libopenal.a(alEffect.o)
 .text.alDeleteEffects
                0x000195f6       0x94 D:\oxygine-sound\dependencies\openalext\lib\android\libopenal.a(alEffect.o)
                0x000195f6                alDeleteEffects
 .text.alIsEffect
                0x0001968a       0x36 D:\oxygine-sound\dependencies\openalext\lib\android\libopenal.a(alEffect.o)
                0x0001968a                alIsEffect
 .text.alEffecti
                0x000196c0       0x98 D:\oxygine-sound\dependencies\openalext\lib\android\libopenal.a(alEffect.o)
                0x000196c0                alEffecti
 .text.alEffectiv
                0x00019758       0x42 D:\oxygine-sound\dependencies\openalext\lib\android\libopenal.a(alEffect.o)
                0x00019758                alEffectiv
 .text.alEffectf
                0x0001979a       0x42 D:\oxygine-sound\dependencies\openalext\lib\android\libopenal.a(alEffect.o)
                0x0001979a                alEffectf
 .text.alEffectfv
                0x000197dc       0x42 D:\oxygine-sound\dependencies\openalext\lib\android\libopenal.a(alEffect.o)
                0x000197dc                alEffectfv
 .text.alGetEffecti
                0x0001981e       0x50 D:\oxygine-sound\dependencies\openalext\lib\android\libopenal.a(alEffect.o)
                0x0001981e                alGetEffecti
 .text.alGetEffectiv
                0x0001986e       0x42 D:\oxygine-sound\dependencies\openalext\lib\android\libopenal.a(alEffect.o)
                0x0001986e                alGetEffectiv
 .text.alGetEffectf
                0x000198b0       0x42 D:\oxygine-sound\dependencies\openalext\lib\android\libopenal.a(alEffect.o)
                0x000198b0                alGetEffectf
 .text.alGetEffectfv
                0x000198f2       0x42 D:\oxygine-sound\dependencies\openalext\lib\android\libopenal.a(alEffect.o)
                0x000198f2                alGetEffectfv
 .text.InitEffect
                0x00019934        0xc D:\oxygine-sound\dependencies\openalext\lib\android\libopenal.a(alEffect.o)
                0x00019934                InitEffect
 .text.alGenEffects
                0x00019940       0xbc D:\oxygine-sound\dependencies\openalext\lib\android\libopenal.a(alEffect.o)
                0x00019940                alGenEffects
 .text.ReleaseALEffects
                0x000199fc       0x36 D:\oxygine-sound\dependencies\openalext\lib\android\libopenal.a(alEffect.o)
                0x000199fc                ReleaseALEffects
 *fill*         0x00019a32        0x2 00000000
 .text.LoadReverbPreset
                0x00019a34      0x150 D:\oxygine-sound\dependencies\openalext\lib\android\libopenal.a(alEffect.o)
                0x00019a34                LoadReverbPreset
 .text.alIsExtensionPresent
                0x00019b84       0x8c D:\oxygine-sound\dependencies\openalext\lib\android\libopenal.a(alExtension.o)
                0x00019b84                alIsExtensionPresent
 .text.alGetProcAddress
                0x00019c10        0xc D:\oxygine-sound\dependencies\openalext\lib\android\libopenal.a(alExtension.o)
                0x00019c10                alGetProcAddress
 .text.alGetEnumValue
                0x00019c1c       0x64 D:\oxygine-sound\dependencies\openalext\lib\android\libopenal.a(alExtension.o)
                0x00019c1c                alGetEnumValue
 .text.null_GetParamfv
                0x00019c80        0xa D:\oxygine-sound\dependencies\openalext\lib\android\libopenal.a(alFilter.o)
 .text.null_GetParamf
                0x00019c8a        0xa D:\oxygine-sound\dependencies\openalext\lib\android\libopenal.a(alFilter.o)
 .text.null_GetParamiv
                0x00019c94        0xa D:\oxygine-sound\dependencies\openalext\lib\android\libopenal.a(alFilter.o)
 .text.null_GetParami
                0x00019c9e        0xa D:\oxygine-sound\dependencies\openalext\lib\android\libopenal.a(alFilter.o)
 .text.null_SetParamfv
                0x00019ca8        0xa D:\oxygine-sound\dependencies\openalext\lib\android\libopenal.a(alFilter.o)
 .text.null_SetParamf
                0x00019cb2        0xa D:\oxygine-sound\dependencies\openalext\lib\android\libopenal.a(alFilter.o)
 .text.null_SetParamiv
                0x00019cbc        0xa D:\oxygine-sound\dependencies\openalext\lib\android\libopenal.a(alFilter.o)
 .text.null_SetParami
                0x00019cc6        0xa D:\oxygine-sound\dependencies\openalext\lib\android\libopenal.a(alFilter.o)
 .text.lp_GetParamf
                0x00019cd0       0x1e D:\oxygine-sound\dependencies\openalext\lib\android\libopenal.a(alFilter.o)
 .text.lp_GetParamfv
                0x00019cee        0x4 D:\oxygine-sound\dependencies\openalext\lib\android\libopenal.a(alFilter.o)
 .text.lp_GetParamiv
                0x00019cf2        0xa D:\oxygine-sound\dependencies\openalext\lib\android\libopenal.a(alFilter.o)
 .text.lp_GetParami
                0x00019cfc        0xa D:\oxygine-sound\dependencies\openalext\lib\android\libopenal.a(alFilter.o)
 .text.lp_SetParamiv
                0x00019d06        0xa D:\oxygine-sound\dependencies\openalext\lib\android\libopenal.a(alFilter.o)
 .text.lp_SetParami
                0x00019d10        0xa D:\oxygine-sound\dependencies\openalext\lib\android\libopenal.a(alFilter.o)
 .text.lp_SetParamf
                0x00019d1a       0x5e D:\oxygine-sound\dependencies\openalext\lib\android\libopenal.a(alFilter.o)
 .text.lp_SetParamfv
                0x00019d78        0x6 D:\oxygine-sound\dependencies\openalext\lib\android\libopenal.a(alFilter.o)
 .text.alDeleteFilters
                0x00019d7e       0x92 D:\oxygine-sound\dependencies\openalext\lib\android\libopenal.a(alFilter.o)
                0x00019d7e                alDeleteFilters
 .text.alGenFilters
                0x00019e10      0x114 D:\oxygine-sound\dependencies\openalext\lib\android\libopenal.a(alFilter.o)
                0x00019e10                alGenFilters
 .text.alIsFilter
                0x00019f24       0x36 D:\oxygine-sound\dependencies\openalext\lib\android\libopenal.a(alFilter.o)
                0x00019f24                alIsFilter
 *fill*         0x00019f5a        0x2 00000000
 .text.alFilteri
                0x00019f5c      0x108 D:\oxygine-sound\dependencies\openalext\lib\android\libopenal.a(alFilter.o)
                0x00019f5c                alFilteri
 .text.alFilteriv
                0x0001a064       0x52 D:\oxygine-sound\dependencies\openalext\lib\android\libopenal.a(alFilter.o)
                0x0001a064                alFilteriv
 .text.alFilterf
                0x0001a0b6       0x40 D:\oxygine-sound\dependencies\openalext\lib\android\libopenal.a(alFilter.o)
                0x0001a0b6                alFilterf
 .text.alFilterfv
                0x0001a0f6       0x40 D:\oxygine-sound\dependencies\openalext\lib\android\libopenal.a(alFilter.o)
                0x0001a0f6                alFilterfv
 .text.alGetFilteri
                0x0001a136       0x4e D:\oxygine-sound\dependencies\openalext\lib\android\libopenal.a(alFilter.o)
                0x0001a136                alGetFilteri
 .text.alGetFilteriv
                0x0001a184       0x50 D:\oxygine-sound\dependencies\openalext\lib\android\libopenal.a(alFilter.o)
                0x0001a184                alGetFilteriv
 .text.alGetFilterf
                0x0001a1d4       0x40 D:\oxygine-sound\dependencies\openalext\lib\android\libopenal.a(alFilter.o)
                0x0001a1d4                alGetFilterf
 .text.alGetFilterfv
                0x0001a214       0x40 D:\oxygine-sound\dependencies\openalext\lib\android\libopenal.a(alFilter.o)
                0x0001a214                alGetFilterfv
 .text.lpCoeffCalc
                0x0001a254       0x8c D:\oxygine-sound\dependencies\openalext\lib\android\libopenal.a(alFilter.o)
                0x0001a254                lpCoeffCalc
 .text.ReleaseALFilters
                0x0001a2e0       0x38 D:\oxygine-sound\dependencies\openalext\lib\android\libopenal.a(alFilter.o)
                0x0001a2e0                ReleaseALFilters
 .text.unlikely.aluNormalize
                0x0001a318       0x60 D:\oxygine-sound\dependencies\openalext\lib\android\libopenal.a(alListener.o)
 .text.alListenerf
                0x0001a378       0x8c D:\oxygine-sound\dependencies\openalext\lib\android\libopenal.a(alListener.o)
                0x0001a378                alListenerf
 .text.alListener3f
                0x0001a404       0xae D:\oxygine-sound\dependencies\openalext\lib\android\libopenal.a(alListener.o)
                0x0001a404                alListener3f
 *fill*         0x0001a4b2        0x2 00000000
 .text.alListenerfv
                0x0001a4b4      0x1ac D:\oxygine-sound\dependencies\openalext\lib\android\libopenal.a(alListener.o)
                0x0001a4b4                alListenerfv
 .text.alListeneri
                0x0001a660       0x1e D:\oxygine-sound\dependencies\openalext\lib\android\libopenal.a(alListener.o)
                0x0001a660                alListeneri
 .text.alListener3i
                0x0001a67e       0x58 D:\oxygine-sound\dependencies\openalext\lib\android\libopenal.a(alListener.o)
                0x0001a67e                alListener3i
 .text.alListeneriv
                0x0001a6d6       0xbe D:\oxygine-sound\dependencies\openalext\lib\android\libopenal.a(alListener.o)
                0x0001a6d6                alListeneriv
 .text.alGetListenerf
                0x0001a794       0x4c D:\oxygine-sound\dependencies\openalext\lib\android\libopenal.a(alListener.o)
                0x0001a794                alGetListenerf
 .text.alGetListener3f
                0x0001a7e0       0x98 D:\oxygine-sound\dependencies\openalext\lib\android\libopenal.a(alListener.o)
                0x0001a7e0                alGetListener3f
 .text.alGetListenerfv
                0x0001a878       0xa8 D:\oxygine-sound\dependencies\openalext\lib\android\libopenal.a(alListener.o)
                0x0001a878                alGetListenerfv
 .text.alGetListeneri
                0x0001a920       0x26 D:\oxygine-sound\dependencies\openalext\lib\android\libopenal.a(alListener.o)
                0x0001a920                alGetListeneri
 .text.alGetListener3i
                0x0001a946       0xc2 D:\oxygine-sound\dependencies\openalext\lib\android\libopenal.a(alListener.o)
                0x0001a946                alGetListener3i
 .text.alGetListeneriv
                0x0001aa08       0xb4 D:\oxygine-sound\dependencies\openalext\lib\android\libopenal.a(alListener.o)
                0x0001aa08                alGetListeneriv
 .text.alEnable
                0x0001aabc       0x32 D:\oxygine-sound\dependencies\openalext\lib\android\libopenal.a(alState.o)
                0x0001aabc                alEnable
 .text.alDisable
                0x0001aaee       0x34 D:\oxygine-sound\dependencies\openalext\lib\android\libopenal.a(alState.o)
                0x0001aaee                alDisable
 .text.alIsEnabled
                0x0001ab22       0x30 D:\oxygine-sound\dependencies\openalext\lib\android\libopenal.a(alState.o)
                0x0001ab22                alIsEnabled
 .text.alGetBoolean
                0x0001ab52       0x8a D:\oxygine-sound\dependencies\openalext\lib\android\libopenal.a(alState.o)
                0x0001ab52                alGetBoolean
 *fill*         0x0001abdc        0x4 00000000
 .text.alGetDouble
                0x0001abe0       0x98 D:\oxygine-sound\dependencies\openalext\lib\android\libopenal.a(alState.o)
                0x0001abe0                alGetDouble
 .text.alGetFloat
                0x0001ac78       0x90 D:\oxygine-sound\dependencies\openalext\lib\android\libopenal.a(alState.o)
                0x0001ac78                alGetFloat
 .text.alGetInteger
                0x0001ad08       0x76 D:\oxygine-sound\dependencies\openalext\lib\android\libopenal.a(alState.o)
                0x0001ad08                alGetInteger
 .text.alGetBooleanv
                0x0001ad7e       0x44 D:\oxygine-sound\dependencies\openalext\lib\android\libopenal.a(alState.o)
                0x0001ad7e                alGetBooleanv
 .text.alGetDoublev
                0x0001adc2       0x46 D:\oxygine-sound\dependencies\openalext\lib\android\libopenal.a(alState.o)
                0x0001adc2                alGetDoublev
 .text.alGetFloatv
                0x0001ae08       0x44 D:\oxygine-sound\dependencies\openalext\lib\android\libopenal.a(alState.o)
                0x0001ae08                alGetFloatv
 .text.alGetIntegerv
                0x0001ae4c       0x44 D:\oxygine-sound\dependencies\openalext\lib\android\libopenal.a(alState.o)
                0x0001ae4c                alGetIntegerv
 .text.alGetString
                0x0001ae90       0xf0 D:\oxygine-sound\dependencies\openalext\lib\android\libopenal.a(alState.o)
                0x0001ae90                alGetString
 .text.alDopplerFactor
                0x0001af80       0x50 D:\oxygine-sound\dependencies\openalext\lib\android\libopenal.a(alState.o)
                0x0001af80                alDopplerFactor
 .text.alDopplerVelocity
                0x0001afd0       0x50 D:\oxygine-sound\dependencies\openalext\lib\android\libopenal.a(alState.o)
                0x0001afd0                alDopplerVelocity
 .text.alSpeedOfSound
                0x0001b020       0x50 D:\oxygine-sound\dependencies\openalext\lib\android\libopenal.a(alState.o)
                0x0001b020                alSpeedOfSound
 .text.alDistanceModel
                0x0001b070       0x3e D:\oxygine-sound\dependencies\openalext\lib\android\libopenal.a(alState.o)
                0x0001b070                alDistanceModel
 .text.alDeferUpdatesSOFT
                0x0001b0ae       0xf6 D:\oxygine-sound\dependencies\openalext\lib\android\libopenal.a(alState.o)
                0x0001b0ae                alDeferUpdatesSOFT
 .text.alProcessUpdatesSOFT
                0x0001b1a4       0xba D:\oxygine-sound\dependencies\openalext\lib\android\libopenal.a(alState.o)
                0x0001b1a4                alProcessUpdatesSOFT
 .text.DedicatedDeviceUpdate
                0x0001b25e        0x4 D:\oxygine-sound\dependencies\openalext\lib\android\libopenal.a(alcDedicated.o)
 .text.DedicatedProcess
                0x0001b262       0x2c D:\oxygine-sound\dependencies\openalext\lib\android\libopenal.a(alcDedicated.o)
 .text.DedicatedUpdate
                0x0001b28e       0x6c D:\oxygine-sound\dependencies\openalext\lib\android\libopenal.a(alcDedicated.o)
 .text.DedicatedDestroy
                0x0001b2fa        0x4 D:\oxygine-sound\dependencies\openalext\lib\android\libopenal.a(alcDedicated.o)
 *fill*         0x0001b2fe        0x2 00000000
 .text.DedicatedCreate
                0x0001b300       0x44 D:\oxygine-sound\dependencies\openalext\lib\android\libopenal.a(alcDedicated.o)
                0x0001b300                DedicatedCreate
 .text.EchoProcess
                0x0001b344       0xd0 D:\oxygine-sound\dependencies\openalext\lib\android\libopenal.a(alcEcho.o)
 .text.EchoUpdate
                0x0001b414      0x190 D:\oxygine-sound\dependencies\openalext\lib\android\libopenal.a(alcEcho.o)
 .text.EchoDeviceUpdate
                0x0001b5a4       0x78 D:\oxygine-sound\dependencies\openalext\lib\android\libopenal.a(alcEcho.o)
 .text.EchoDestroy
                0x0001b61c       0x1c D:\oxygine-sound\dependencies\openalext\lib\android\libopenal.a(alcEcho.o)
 .text.EchoCreate
                0x0001b638       0x48 D:\oxygine-sound\dependencies\openalext\lib\android\libopenal.a(alcEcho.o)
                0x0001b638                EchoCreate
 .text.ModulatorDeviceUpdate
                0x0001b680        0x4 D:\oxygine-sound\dependencies\openalext\lib\android\libopenal.a(alcModulator.o)
 .text.ModulatorProcess
                0x0001b684      0x198 D:\oxygine-sound\dependencies\openalext\lib\android\libopenal.a(alcModulator.o)
 .text.ModulatorUpdate
                0x0001b81c      0x104 D:\oxygine-sound\dependencies\openalext\lib\android\libopenal.a(alcModulator.o)
 .text.ModulatorDestroy
                0x0001b920        0x4 D:\oxygine-sound\dependencies\openalext\lib\android\libopenal.a(alcModulator.o)
 .text.ModulatorCreate
                0x0001b924       0x44 D:\oxygine-sound\dependencies\openalext\lib\android\libopenal.a(alcModulator.o)
                0x0001b924                ModulatorCreate
 .text.StarterFunc
                0x0001b968       0x10 D:\oxygine-sound\dependencies\openalext\lib\android\libopenal.a(alcThread.o)
 .text.StartThread
                0x0001b978       0x38 D:\oxygine-sound\dependencies\openalext\lib\android\libopenal.a(alcThread.o)
                0x0001b978                StartThread
 .text.StopThread
                0x0001b9b0       0x18 D:\oxygine-sound\dependencies\openalext\lib\android\libopenal.a(alcThread.o)
                0x0001b9b0                StopThread
 .text          0x0001b9c8       0xc4 d:/android/android-ndk-r8e/toolchains/arm-linux-androideabi-4.4.3/prebuilt/windows/bin/../lib/gcc/arm-linux-androideabi/4.4.3\libgcc.a(_udivsi3.o)
                0x0001b9c8                __udivsi3
                0x0001b9c8                __aeabi_uidiv
                0x0001ba74                __aeabi_uidivmod
 .text          0x0001ba8c       0xf4 d:/android/android-ndk-r8e/toolchains/arm-linux-androideabi-4.4.3/prebuilt/windows/bin/../lib/gcc/arm-linux-androideabi/4.4.3\libgcc.a(_divsi3.o)
                0x0001ba8c                __aeabi_idiv
                0x0001ba8c                __divsi3
                0x0001bb68                __aeabi_idivmod
 .text          0x0001bb80       0x1c d:/android/android-ndk-r8e/toolchains/arm-linux-androideabi-4.4.3/prebuilt/windows/bin/../lib/gcc/arm-linux-androideabi/4.4.3\libgcc.a(_aeabi_ldivmod.o)
                0x0001bb80                __aeabi_ldivmod
 .text          0x0001bb9c       0x1c d:/android/android-ndk-r8e/toolchains/arm-linux-androideabi-4.4.3/prebuilt/windows/bin/../lib/gcc/arm-linux-androideabi/4.4.3\libgcc.a(_aeabi_uldivmod.o)
                0x0001bb9c                __aeabi_uldivmod
 .text          0x0001bbb8       0x10 d:/android/android-ndk-r8e/toolchains/arm-linux-androideabi-4.4.3/prebuilt/windows/bin/../lib/gcc/arm-linux-androideabi/4.4.3\libgcc.a(_dvmd_lnx.o)
                0x0001bbb8                __div0
 .text          0x0001bbc8       0x88 d:/android/android-ndk-r8e/toolchains/arm-linux-androideabi-4.4.3/prebuilt/windows/bin/../lib/gcc/arm-linux-androideabi/4.4.3\libgcc.a(bpabi.o)
                0x0001bbc8                __gnu_uldivmod_helper
                0x0001bc0c                __gnu_ldivmod_helper
 .text          0x0001bc50      0xec4 d:/android/android-ndk-r8e/toolchains/arm-linux-androideabi-4.4.3/prebuilt/windows/bin/../lib/gcc/arm-linux-androideabi/4.4.3\libgcc.a(unwind-arm.o)
                0x0001c678                __gnu_Unwind_RaiseException
                0x0001c1d0                __aeabi_unwind_cpp_pr0
                0x0001bd00                _Unwind_GetCFA
                0x0001bc9c                _Unwind_VRS_Set
                0x0001c414                __gnu_Unwind_Backtrace
                0x0001c7a8                _Unwind_VRS_Pop
                0x0001c1c0                __aeabi_unwind_cpp_pr2
                0x0001bd0c                _Unwind_DeleteException
                0x0001bd08                _Unwind_Complete
                0x0001c73c                __gnu_Unwind_Resume
                0x0001c604                __gnu_Unwind_ForcedUnwind
                0x0001c71c                __gnu_Unwind_Resume_or_Rethrow
                0x0001bc50                _Unwind_VRS_Get
                0x0001c1c8                __aeabi_unwind_cpp_pr1
 .text          0x0001cb14      0x1a8 d:/android/android-ndk-r8e/toolchains/arm-linux-androideabi-4.4.3/prebuilt/windows/bin/../lib/gcc/arm-linux-androideabi/4.4.3\libgcc.a(libunwind.o)
                0x0001cc74                ___Unwind_ForcedUnwind
                0x0001cb30                __gnu_Unwind_Save_VFP
                0x0001cc50                _Unwind_Resume_or_Rethrow
                0x0001cc50                ___Unwind_Resume_or_Rethrow
                0x0001cc98                _Unwind_Backtrace
                0x0001cb14                __restore_core_regs
                0x0001cb50                __gnu_Unwind_Save_VFP_D_16_to_31
                0x0001cb40                __gnu_Unwind_Save_VFP_D
                0x0001cc98                ___Unwind_Backtrace
                0x0001cc08                ___Unwind_RaiseException
                0x0001cc2c                ___Unwind_Resume
                0x0001cb58                __gnu_Unwind_Restore_WMMXD
                0x0001cb28                __gnu_Unwind_Restore_VFP
                0x0001cc2c                _Unwind_Resume
                0x0001cb38                __gnu_Unwind_Restore_VFP_D
                0x0001cb48                __gnu_Unwind_Restore_VFP_D_16_to_31
                0x0001cc08                _Unwind_RaiseException
                0x0001cb14                restore_core_regs
                0x0001cbf4                __gnu_Unwind_Save_WMMXC
                0x0001cbe0                __gnu_Unwind_Restore_WMMXC
                0x0001cc74                _Unwind_ForcedUnwind
                0x0001cb9c                __gnu_Unwind_Save_WMMXD
 .text          0x0001ccbc      0x484 d:/android/android-ndk-r8e/toolchains/arm-linux-androideabi-4.4.3/prebuilt/windows/bin/../lib/gcc/arm-linux-androideabi/4.4.3\libgcc.a(pr-support.o)
                0x0001cd5c                _Unwind_GetRegionStart
                0x0001cd88                __gnu_unwind_execute
                0x0001cd14                _Unwind_GetTextRelBase
                0x0001cd24                _Unwind_GetLanguageSpecificData
                0x0001d100                __gnu_unwind_frame
                0x0001cd1c                _Unwind_GetDataRelBase
 .text          0x0001d140      0x47c d:/android/android-ndk-r8e/toolchains/arm-linux-androideabi-4.4.3/prebuilt/windows/bin/../lib/gcc/arm-linux-androideabi/4.4.3\libgcc.a(_divdi3.o)
                0x0001d140                __divdi3
 .text          0x0001d5bc      0x40c d:/android/android-ndk-r8e/toolchains/arm-linux-androideabi-4.4.3/prebuilt/windows/bin/../lib/gcc/arm-linux-androideabi/4.4.3\libgcc.a(_udivdi3.o)
                0x0001d5bc                __udivdi3
 .text.stub     0x0001d9c8      0x170 linker stubs
 *(.gnu.warning)
 *(.glue_7t)
 .glue_7t       0x00000000        0x0 linker stubs
 *(.glue_7)
 .glue_7        0x00000000        0x0 linker stubs
 *(.vfp11_veneer)
 .vfp11_veneer  0x00000000        0x0 linker stubs
 *(.v4_bx)
 .v4_bx         0x00000000        0x0 linker stubs

.fini
 *(.fini)
                0x0001db38                PROVIDE (__etext, .)
                0x0001db38                PROVIDE (_etext, .)
                0x0001db38                PROVIDE (etext, .)

.rodata         0x0001db38    0x150a7
 *(.rodata .rodata.* .gnu.linkonce.r.*)
 .rodata.str1.4
                0x0001db38        0xc release\openalext_register.os
 .rodata        0x0001db44      0xa80 D:\oxygine-sound\dependencies\openalext\lib\android\libopenal.a(alBuffer.o)
 .rodata        0x0001e5c4       0x18 D:\oxygine-sound\dependencies\openalext\lib\android\libopenal.a(alSource.o)
                0x0001e5d0                ResamplerPadding
                0x0001e5c4                ResamplerPrePadding
 .rodata        0x0001e5dc        0xe D:\oxygine-sound\dependencies\openalext\lib\android\libopenal.a(alThunk.o)
 .rodata.str1.1
                0x0001e5ea       0x2a D:\oxygine-sound\dependencies\openalext\lib\android\libopenal.a(alThunk.o)
 .rodata        0x0001e614      0x87c D:\oxygine-sound\dependencies\openalext\lib\android\libopenal.a(ALc.o)
 .rodata.str1.1
                0x0001ee90     0x12f8 D:\oxygine-sound\dependencies\openalext\lib\android\libopenal.a(ALc.o)
                               0x130c (size before relaxing)
 .rodata        0x00020188       0x22 D:\oxygine-sound\dependencies\openalext\lib\android\libopenal.a(alcConfig.o)
 .rodata.str1.1
                0x000201aa      0x1ca D:\oxygine-sound\dependencies\openalext\lib\android\libopenal.a(alcConfig.o)
                                0x1d2 (size before relaxing)
 .rodata        0x00020374       0x3c D:\oxygine-sound\dependencies\openalext\lib\android\libopenal.a(alcReverb.o)
 .rodata.str1.1
                0x000203b0       0x2f D:\oxygine-sound\dependencies\openalext\lib\android\libopenal.a(alcReverb.o)
 *fill*         0x000203df        0x1 00
 .rodata        0x000203e0       0xf0 D:\oxygine-sound\dependencies\openalext\lib\android\libopenal.a(ALu.o)
 .rodata        0x000204d0       0x18 D:\oxygine-sound\dependencies\openalext\lib\android\libopenal.a(helpers.o)
 .rodata.str1.1
                0x000204e8       0x4d D:\oxygine-sound\dependencies\openalext\lib\android\libopenal.a(helpers.o)
 *fill*         0x00020535        0x3 00